san_diego_ca_city_2.csv
month_date_yyyymm,postal_code,zip_name,nielsen_hh_rank,hotness_rank,hotness_rank_mm,hotness_rank_yy,hotness_score,supply_score,demand_score,median_days_on_market,median_days_on_market_mm,median_dom_mm_day,median_days_on_market_yy,median_dom_yy_day,median_dom_vs_us,ldp_unique_viewers_per_property_mm,ldp_unique_viewers_per_property_yy,ldp_unique_viewers_per_property_vs_us,median_listing_price,median_listing_price_mm,median_listing_price_yy,median_listing_price_vs_us,quality_flag,id,zip_code
202201,92103,"san diego, ca",778,4516,1556,607,57.837471,59.01861908456168,56.65632273079907,58,-0.008547008547008517,-0.5,0.5263157894736843,20,-3,0.6370001648261086,0.8354417145844222,1.1669,1299000,-0.05489468514678597,-0.03420074349442381,3.464,1,3,92103
202201,92115,"san diego, ca",360,521,943,826,84.875873,90.72924747866563,79.02249806051202,28,0.07692307692307687,2,-0.03448275862068961,-1,-33,1.1083269725124802,0.28453691349788746,1.7917,799000,0.005663939584644506,0.333889816360601,2.1307,1,14,92115
202006,92104,"san diego, ca",356,1108,-34,972,80.659042,89.03956486103867,72.27851873928918,28.5,-0.22972972972972971,-8.5,-0.18571428571428572,-6.5,-40,0.07686733455316208,1.5278772066011155,1.5977,787450,0.2133281972265022,0.0641216216216216,2.2995,0,4,92104
202007,92104,"san diego, ca",356,949,159,579,82.174205,93.5046502072984,70.84376050498636,21,-0.26315789473684215,-7.5,-0.4,-14,-36.5,0.08117342421369855,1.3480372717448552,1.5643,779500,-0.010095879103435124,0.23838271506871078,2.2335,0,4,92104
202008,92104,"san diego, ca",356,1867,-918,-127,73.661846,93.860891605785,53.46280005963918,17,-0.19047619047619047,-4,-0.5277777777777778,-19,-36,-0.21021588930290025,0.967142661796019,1.1487,625000,-0.19820397690827452,-0.03782713877281718,1.7857,0,4,92104
202009,92104,"san diego, ca",356,2191,-324,-821,72.003774,92.52075471698113,51.48679245283019,18.5,0.08823529411764697,1.5,-0.48611111111111116,-17.5,-32.5,-0.0570991432068545,0.7532734506943413,1.1133,597000,-0.04479999999999995,-0.08012326656394453,1.7057,0,4,92104
202010,92104,"san diego, ca",356,1711,480,-569,74.5868,94.40909604307068,54.764504348480855,16,-0.1351351351351351,-2.5,-0.4482758620689655,-13,-35,0.011145131659522356,0.8877269567505093,1.174,595000,-0.00335008375209378,-0.08320493066255774,1.7,0,4,92104
202011,92104,"san diego, ca",356,2613,-902,-1761,68.787682,93.1656872471953,44.40967717316645,22.5,0.40625,6.5,-0.3571428571428571,-12.5,-34,-0.1897419119034145,0.3738072699734949,0.9973,609450,0.024285714285714244,0.017445742904841355,1.745,0,4,92104
202012,92104,"san diego, ca",356,1427,1186,-652,77.788008,93.03717343767983,62.538842214293936,27.5,0.22222222222222232,5,-0.3125,-12.5,-36.5,0.4161236366770058,0.8243723866676138,1.319,599950,-0.01558782508819423,-0.01234669520125109,1.7593,0,4,92104
202101,92104,"san diego, ca",356,1271,156,-430,79.080147,88.61773044211172,69.54256378821546,35,0.2727272727272727,7.5,-0.23913043478260865,-11,-36,0.7487374725112346,1.100026804156221,1.501,650000,0.08342361863488623,-0.06340057636887608,1.9123,0,4,92104
202102,92104,"san diego, ca",356,1501,-230,-889,77.952033,89.99257841490567,65.91148783250654,22,-0.37142857142857144,-13,0.04761904761904767,1,-41.5,0.08808844507845937,1.0162569389373513,1.38,634450,-0.023923076923076936,-0.06561119293078055,1.8244,0,4,92104
202103,92104,"san diego, ca",356,2634,-1133,-1938,69.728064,84.07787444890953,55.378252896882685,23.5,0.06818181818181812,1.5,0.17500000000000004,3.5,-24.5,-0.1118688183237897,1.0019156225568646,1.1488,682000,0.07494680431870115,-0.038691944464021466,1.9122,0,4,92104
202104,92104,"san diego, ca",356,2412,222,-1752,68.952225,85.57411517346104,52.330335241210136,18.5,-0.21276595744680848,-5,-0.27450980392156865,-7,-21.5,-0.034596402952302374,0.8147763287942711,1.1115,714900,0.048240469208211234,0.052097130242825695,1.9211,0,4,92104
202105,92104,"san diego, ca",356,4383,-1971,-3309,56.571078,72.32786382456679,40.81429228645913,26,0.4054054054054055,7.5,-0.29729729729729726,-11,-11,-0.22543437162636037,0.2711684234578817,0.9225,748500,0.04699958036088958,0.1533127889060093,1.9703,0,4,92104
202106,92104,"san diego, ca",356,2603,1780,-1495,66.177207,86.95802983003816,45.39638493852854,16,-0.3846153846153846,-10,-0.4385964912280702,-12.5,-19.5,-0.047455295735901126,0.12441403981761545,1.0097,749949.5,0.0019365397461590383,-0.047622706203568455,1.9479,0,4,92104
202107,92104,"san diego, ca",356,4551,-1948,-3602,54.971116,81.25570082091821,28.686530860443902,22,0.375,6,0.04761904761904767,1,-14.5,-0.30967883243814376,-0.2820700218798393,0.7721,789500,0.052737550995100246,0.012828736369467686,2.0506,0,4,92104
202108,92104,"san diego, ca",356,4657,-106,-2790,54.526945,67.34282234738926,41.711067133505864,31.5,0.4318181818181819,9.5,0.8529411764705883,14.5,-6,0.15905550840456595,0.05360526315789471,0.9896,847000,0.07283090563647887,0.35519999999999996,2.2262,1,4,92104
202109,92104,"san diego, ca",356,2366,2291,-175,66.344401,85.38975839538064,47.299042698678015,25,-0.2063492063492064,-6.5,0.3513513513513513,6.5,-16.5,0.03874915702974735,0.16070695138573377,1.0815,757499.5,-0.1056676505312869,0.2688433835845896,1.9934,1,4,92104
202110,92104,"san diego, ca",356,1447,919,264,72.426943,83.05519897304237,61.79868609831609,28,0.1200000000000001,3,0.75,12,-15,0.2320743284185014,0.41431451612903225,1.352,750000,-0.00990033656787892,0.26050420168067223,1.9737,1,4,92104
202111,92104,"san diego, ca",356,1619,-172,994,73.318386,84.26277260357978,62.37399869686865,30,0.0714285714285714,2,0.33333333333333326,7.5,-16.5,-0.06485783583179927,0.6323010616707949,1.3385,739000,-0.014666666666666717,0.2125687094921651,1.9476,1,4,92104
201812,92104,"san diego, ca",356,396,609,-179,88.368852,94.8758390492609,81.8618640648498,39,0.06849315068493156,2.5,0.18181818181818188,6,-42,0.2731816187551266,-0.25436315681176225,1.9005,650000,-0.10344827586206895,0.02378327295637117,2.226,0,4,92104
201901,92104,"san diego, ca",356,597,-201,-411,86.469286,97.5207526286663,75.41781959048146,24.5,-0.3717948717948718,-14.5,0.11363636363636354,2.5,-62.5,0.17334332851857948,-0.4357235714901847,1.6422,649900,-0.00015384615384617106,0.040672538030424255,2.241,0,4,92104
201902,92104,"san diego, ca",356,889,-292,-516,83.654629,95.94464589654407,71.3646118552505,25.5,0.04081632653061229,1,0.3076923076923077,6,-57.5,-0.04944883755627927,-0.33770464646087484,1.5302,639450,-0.01607939683028159,-0.02299465240641707,2.1422,1,4,92104
201903,92104,"san diego, ca",356,1028,-139,-722,80.453492,95.03107874508073,65.87590569715694,23,-0.0980392156862745,-2.5,0.5333333333333334,8,-42,-0.015379873884537654,-0.36004841863496695,1.472,638085.7142857143,-0.002133529930855693,-0.061500640850545185,2.0793,1,4,92104
201904,92104,"san diego, ca",356,1561,-533,-1129,77.895707,91.42804496038327,64.36336834346784,25.5,0.10869565217391308,2.5,0.7,10.5,-33,-0.0845843612617303,-0.31578865903451947,1.3712,662000,0.03747817131598974,0.02003081664098616,2.0845,1,4,92104
201905,92104,"san diego, ca",356,1553,8,-1093,77.991539,93.64355343020048,62.33952547360677,22,-0.13725490196078427,-3.5,0.33333333333333326,5.5,-33.5,-0.08694668880984313,-0.2898821639338157,1.3084,707000,0.0679758308157099,0.1142631993695824,2.1791,1,4,92104
201906,92104,"san diego, ca",356,2080,-527,-1407,73.266657,84.01594383090763,62.51736999926864,35,0.5909090909090908,13,0.6666666666666667,14,-22,-0.09481277911370678,-0.2012474118759745,1.2974,740000,0.04667609618104662,0.1937409259557994,2.2776,1,4,92104
201907,92104,"san diego, ca",356,1528,552,-724,77.116784,86.69763359057825,67.53593504260999,35,0,0,0.6666666666666667,14,-24.5,0.163982228195938,0.020361540318686755,1.4336,629450,-0.14939189189189184,-0.030123266563944484,1.9561,1,4,92104
201908,92104,"san diego, ca",356,1740,-212,-543,74.348507,88.15103692094617,60.545978058825675,36,0.02857142857142847,1,0.24137931034482762,7,-28,-0.0572912862072078,0.06594372999823284,1.3328,649571.4285714285,0.03196668293181104,-0.0006593406593407014,2.0442,1,4,92104
201909,92104,"san diego, ca",356,1370,370,-440,78.551079,90.25165272654225,66.85050586215712,36,0,0,0.19999999999999996,6,-30,0.05791854687998543,0.16467658570855082,1.44,649000,-0.0008797009016933144,-0.09735744089012521,2.061,0,4,92104
201910,92104,"san diego, ca",356,1142,228,-219,80.157771,94.09180759938502,66.22373526612489,29,-0.19444444444444442,-7,-0.016949152542372836,-0.5,-37,-0.06087376259691868,0.12651706088818027,1.4151,649000,0,-0.06886657101865135,2.0704,0,4,92104
201911,92104,"san diego, ca",356,852,290,153,83.308869,92.4773402810906,74.1403985174856,35,0.2068965517241379,6,-0.04109589041095896,-1.5,-34,0.1133628917646965,0.28395372035848654,1.5926,599000,-0.07704160246533132,-0.1737931034482758,1.9329,1,4,92104
201912,92104,"san diego, ca",356,775,77,-379,85.092109,93.8730123429334,76.31120501130509,40,0.1428571428571428,5,0.02564102564102555,1,-39,0.06638368431007491,0.07540611538065933,1.6656,607450,0.014106844741235358,-0.06546153846153846,2.0252,0,4,92104
202001,92104,"san diego, ca",356,841,-66,-244,84.647426,91.9741148467718,77.32073787563225,46,0.1499999999999999,6,0.8775510204081634,21.5,-39,0.5191941122209989,0.392389251316124,1.7227,694000,0.1424808626224381,0.06785659332204963,2.3141,1,4,92104
202002,92104,"san diego, ca",356,612,229,277,87.447722,94.85547207520634,80.03997187164588,21,-0.5434782608695652,-25,-0.17647058823529416,-4.5,-58,0.13329549217160985,0.6600773574438652,1.8564,679000,-0.021613832853025983,0.061850027367268856,2.191,0,4,92104
202003,92104,"san diego, ca",356,696,-84,332,86.839266,94.32727002194696,79.35126287988692,20,-0.04761904761904767,-1,-0.13043478260869568,-3,-38.5,-0.10550642716190539,0.5081232723791125,1.8681,709450,0.04484536082474233,0.1118412215107687,2.217,0,4,92104
202004,92104,"san diego, ca",356,660,36,901,85.8343,93.97896942708527,77.6896306552408,25.5,0.2749999999999999,5.5,0,0,-36.5,0.06495578123747414,0.75448673779771,1.7822,679500,-0.04221580097258437,0.02643504531722063,2.1167,0,4,92104
202005,92104,"san diego, ca",356,1074,-414,479,80.730656,88.16537275732699,73.29593997251217,37,0.4509803921568627,11.5,0.6818181818181819,15,-34,0.10580418891023213,1.1248691180093617,1.6012,649000,-0.04488594554819725,-0.08203677510608198,1.9667,1,4,92104
201708,92104,"san diego, ca",356,283,,,92.859234,94.14541329723005,91.5730542647005,26.5,,,,,-40,,,2.5081,599900,,,2.1502,0,4,92104
201709,92104,"san diego, ca",356,257,,,93.087415,95.0694723022501,91.10535720797928,26,,,,,-45,,,2.5243,599900,,,2.1538,1,4,92104
201710,92104,"san diego, ca",356,376,,,91.544373,96.7355901189387,86.35315645013723,23.5,,,,,-51,,,2.1199,599900,,,2.1618,1,4,92104
201711,92104,"san diego, ca",356,253,,,93.400764,95.44753652984801,91.3539907482194,30,,,,,-47.5,,,2.5553,650000,,,2.3636,0,4,92104
201712,92104,"san diego, ca",356,217,,,94.371617,96.17778105092609,92.565452737784,33,,,,,-52,,,2.7986,634900,,,2.3419,0,4,92104
201801,92104,"san diego, ca",356,186,,,95.529538,97.22931232197685,93.82976362223948,22,,,,,-68,,,3.1147,624500,,,2.2995,1,4,92104
201802,92104,"san diego, ca",356,373,,,92.294305,95.87499074279789,88.71361919573428,19.5,,,,,-65,,,2.4242,654500,,,2.3607,0,4,92104
201803,92104,"san diego, ca",356,306,,,92.867923,96.96679673120812,88.76904954722815,15,,,,,-50,,,2.4301,679900,,,2.3526,0,4,92104
201804,92104,"san diego, ca",356,432,,,90.834009,96.49730845807831,85.17071012462208,15,,,,,-44.5,,,2.1545,649000,,,2.178,0,4,92104
201805,92104,"san diego, ca",356,460,,,90.259645,95.67871722261042,84.84057224817036,16.5,,,,,-40.5,,,2.0802,634500,,,2.1157,0,4,92104
201806,92104,"san diego, ca",356,673,,,86.724308,94.38181751851447,79.06679800080259,21,,,,,-36,,,1.7683,619900,,,2.0663,0,4,92104
201807,92104,"san diego, ca",356,804,,,84.992685,95.83760058522311,74.14776883686905,21,,,,,-38.5,,,1.5946,649000,,,2.1641,0,4,92104
201808,92104,"san diego, ca",356,1197,-393,-914,80.926575,91.79256988540982,70.06057951974309,29,0.38095238095238093,8,0.09433962264150941,2.5,-33,-0.0976036649898433,-0.28791170558990264,1.4702,650000,0.0015408320493066618,0.08351391898649774,2.1721,0,4,92104
201809,92104,"san diego, ca",356,930,267,-673,82.719933,93.10470233116341,72.33516383605483,30,0.034482758620689724,1,0.15384615384615374,4,-35,-0.031764134582032755,-0.2762511615558211,1.5245,719000,0.10615384615384604,0.19853308884814136,2.4047,0,4,92104
201810,92104,"san diego, ca",356,923,7,-547,82.597905,94.26256432716522,70.93324573889558,29.5,-0.01666666666666672,-0.5,0.25531914893617014,6,-39,-0.029061895551257266,-0.20026359609827282,1.5007,697000,-0.030598052851182223,0.16186031005167534,2.3311,1,4,92104
201811,92104,"san diego, ca",356,1005,-82,-752,81.839821,92.47811916358442,71.20152341890358,36.5,0.23728813559322037,7,0.21666666666666656,6.5,-35,-0.023156152246246342,-0.34902915879074425,1.5117,725000,0.04017216642754673,0.11538461538461542,2.4308,1,4,92104
202007,92111,"san diego, ca",1105,210,83,268,91.40552,94.0611810406006,88.74985993351511,20,0.29032258064516125,4.5,-0.2592592592592593,-7,-37.5,0.31958709873056423,1.8973472896210888,2.4692,614444,-0.09640588235294123,-0.0004977633184221064,1.7606,0,11,92111
202008,92111,"san diego, ca",1105,792,-582,-319,83.192933,95.67615923661846,70.70970627702401,14,-0.30000000000000004,-6,-0.3913043478260869,-9,-39,-0.315682490574808,1.0352343858158677,1.5711,600000,-0.023507431108449217,0.028693192255409894,1.7143,0,11,92111
202009,92111,"san diego, ca",1105,1787,-995,-1222,75.162264,92.95849056603774,57.36603773584905,18,0.2857142857142858,4,-0.4098360655737705,-12.5,-33,-0.23874355094835986,0.5734112720174389,1.2293,619450,0.03241666666666676,0.14503191903721357,1.7699,0,11,92111
202010,92111,"san diego, ca",1105,2221,-434,-1849,71.076014,87.59835849553858,54.55366891306803,24,0.33333333333333326,6,-0.1724137931034483,-5,-27,-0.0873255854293149,0.3556860005725737,1.17,699000,0.1284203729114537,0.31397152121810246,1.9971,1,11,92111
202011,92111,"san diego, ca",1105,1599,622,-1408,75.904373,93.6541250095398,58.154621079142174,21.5,-0.10416666666666663,-2.5,-0.30645161290322576,-9.5,-35,0.019546907806833325,0.2067727945131792,1.2507,709000,0.014306151645207432,0.28909090909090907,2.0301,0,11,92111
202012,92111,"san diego, ca",1105,1207,392,-1063,79.525837,94.84789197069091,64.20378256032532,23.5,0.09302325581395343,2,-0.1607142857142857,-4.5,-40.5,0.1609860809929491,0.373567428155116,1.3562,639450,-0.09809590973201687,-0.008604651162790744,1.8752,0,11,92111
202101,92111,"san diego, ca",1105,1025,182,-703,81.001456,92.98138073710827,69.0215309171711,25,0.06382978723404253,1.5,0.020408163265306145,0.5,-46,0.6839311710506089,0.765206017004578,1.4861,675000,0.05559465165376487,0,1.9859,0,11,92111
202102,92111,"san diego, ca",1105,1132,-107,-388,80.826921,93.1252685441975,68.52857310261318,17,-0.31999999999999995,-8,-0.26086956521739135,-6,-46.5,0.1578021816359001,1.2400774826059457,1.4538,732650,0.08540740740740738,0.04814020028612309,2.1068,0,11,92111
202103,92111,"san diego, ca",1105,1295,-163,-965,78.41481,85.6228785455113,71.2067418360579,21.5,0.2647058823529411,4.5,0.22857142857142865,4,-26.5,0.1397607951035993,1.2427284051709124,1.5531,714000,-0.025455538115061738,0.05154639175257736,2.002,1,11,92111
202104,92111,"san diego, ca",1105,2950,-1655,-2205,65.903516,72.39419070980804,59.41284117898999,28.5,0.3255813953488371,7,-0.050000000000000044,-1.5,-11.5,-0.19285953577410875,0.9904968524870172,1.2563,691000,-0.03221288515406162,0.009495982468955333,1.8568,0,11,92111
202105,92111,"san diego, ca",1105,2376,574,-1961,67.727342,87.26422327863824,48.190461585646375,15,-0.4736842105263158,-13.5,-0.16666666666666663,-3,-22,-0.21952023288066236,0.2922767316261783,1.0506,598800,-0.13342981186685965,0.006386554621848672,1.5762,0,11,92111
202106,92111,"san diego, ca",1105,2897,-521,-2604,64.564304,83.47400470189233,45.654603615061475,18.5,0.2333333333333334,3.5,0.19354838709677424,3,-17,-0.16062724816896112,-0.12740072279424264,1.0134,642500,0.07297929191716768,-0.05514705882352944,1.6688,0,11,92111
202107,92111,"san diego, ca",1105,2208,689,-1998,67.406507,90.55183946488295,44.26117360899969,15,-0.18918918918918914,-3.5,-0.25,-5,-21.5,-0.09369344857633122,-0.4006894713809175,1.0174,787000,0.22490272373540865,0.2808327528627508,2.0442,0,11,92111
202108,92111,"san diego, ca",1105,2408,-200,-1616,65.873801,91.14400974273101,40.60359263205967,17,0.1333333333333333,2,0.2142857142857142,3,-20.5,-0.13489585233638401,-0.24236042932418922,0.9732,799000,0.015247776365946653,0.3316666666666668,2.1001,1,11,92111
202109,92111,"san diego, ca",1105,2631,-223,-844,64.714709,81.71630451299194,47.71311350858532,27.5,0.6176470588235294,10.5,0.5277777777777777,9.5,-14,0.06333097958764355,0.05827888599788,1.0888,775000,-0.030037546933667114,0.25110985551699083,2.0395,1,11,92111
202110,92111,"san diego, ca",1105,1673,958,548,70.659971,71.6907045231443,69.62923808804652,35,0.2727272727272727,7.5,0.45833333333333326,11,-8,0.3980295747819924,0.6210656915240955,1.5445,775000,0,0.10872675250357644,2.0395,1,11,92111
202111,92111,"san diego, ca",1105,1362,311,237,75.232839,84.73419953240581,65.7314782875321,29.5,-0.15714285714285714,-5.5,0.37209302325581395,8,-17,-0.1335913897280967,0.37757788503729706,1.4167,839000,0.08258064516129027,0.18335684062059232,2.2111,1,11,92111
201901,92111,"san diego, ca",1105,551,63,-471,86.993175,95.25917727356577,78.72717210846707,37,0.05714285714285716,2,1.176470588235294,20,-50,0.44850847960711837,-0.533044681749403,1.7604,599000,0,0.10516605166051662,2.0655,1,11,92111
201902,92111,"san diego, ca",1105,565,-14,-460,86.881151,97.04728779693629,76.71501517057648,21.5,-0.41891891891891897,-15.5,0.43333333333333335,6.5,-61.5,-0.01751454920306883,-0.47011399891326244,1.6954,585000,-0.023372287145242088,-0.024186822351960013,1.9598,1,11,92111
