san_diego_ca_city_2.csv
month_date_yyyymm,postal_code,zip_name,nielsen_hh_rank,hotness_rank,hotness_rank_mm,hotness_rank_yy,hotness_score,supply_score,demand_score,median_days_on_market,median_days_on_market_mm,median_dom_mm_day,median_days_on_market_yy,median_dom_yy_day,median_dom_vs_us,ldp_unique_viewers_per_property_mm,ldp_unique_viewers_per_property_yy,ldp_unique_viewers_per_property_vs_us,median_listing_price,median_listing_price_mm,median_listing_price_yy,median_listing_price_vs_us,quality_flag,id,zip_code
201903,92111,"san diego, ca",1105,676,-111,-426,83.66435,92.29100003677958,75.03769906947663,29,0.34883720930232553,7.5,0.9333333333333333,14,-36,0.08420727455229349,-0.2639821776663882,1.7959,553514.2857142857,-0.05382173382173383,-0.12140589569160998,1.8038,1,11,92111
201904,92111,"san diego, ca",1105,605,71,-276,86.674037,93.65026718260549,79.69780725999631,22,-0.24137931034482762,-7,0.46666666666666656,7,-36.5,0.03408757627058501,-0.11993791174232837,1.8898,546064.2857142857,-0.013459453879110073,-0.10105476053290696,1.7195,1,11,92111
201905,92111,"san diego, ca",1105,573,32,-56,86.910061,92.69082214456502,81.12929924590767,23.5,0.06818181818181812,1.5,0.06818181818181812,1.5,-32,-0.029232560687255882,-0.022250043115287,1.9172,604400,0.10682938952765908,0.009015025041736235,1.8628,0,11,92111
201906,92111,"san diego, ca",1105,782,-209,-557,84.014115,92.26943611497111,75.75879470489285,25,0.06382978723404253,1.5,1.272727272727273,14,-32,-0.2115165515150882,-0.18600835322195708,1.656,629900,0.042190602250165465,0.000019051005893055972,1.9388,1,11,92111
201907,92111,"san diego, ca",1105,478,304,200,87.087158,93.7932043451227,80.3811126147544,27,0.08000000000000007,2,0.3846153846153846,7.5,-32.5,0.16655418340879402,0.265576367867449,1.8338,614750,-0.024051436735989862,-0.02420634920634923,1.9104,1,11,92111
201908,92111,"san diego, ca",1105,473,5,787,85.925939,96.35528665670445,75.49659219302401,23,-0.14814814814814814,-4,0.022222222222222143,0.5,-41,-0.025809756855830757,0.5331391242152423,1.7618,583264.2857142857,-0.0512171033521176,-0.009738054814455555,1.8356,0,11,92111
201909,92111,"san diego, ca",1105,565,-92,487,86.013003,94.05748931662954,77.96851601592462,30.5,0.326086956521739,7.5,0.17307692307692313,4.5,-35.5,-0.015301765604224693,0.5278230819116543,1.7718,540989.2857142857,-0.0724800078376624,-0.057509955201592855,1.718,0,11,92111
201910,92111,"san diego, ca",1105,372,193,116,88.544183,94.09180759938502,82.99655904531811,29,-0.049180327868852514,-1.5,-0.033333333333333326,-1,-37,0.059251339145593995,0.31730734211760914,1.9639,531975,-0.016662595641582456,-0.13132756368386678,1.697,1,11,92111
201911,92111,"san diego, ca",1105,191,181,486,91.58196,94.2717698433085,88.89215074676159,31,0.06896551724137923,2,0.26530612244897966,6.5,-38,0.14535683612122186,0.7871843288549574,2.2737,550000,0.033883171201654294,-0.06700593723494486,1.7748,1,11,92111
201912,92111,"san diego, ca",1105,144,47,470,93.105749,97.56106601430743,88.65043181733941,28,-0.09677419354838712,-3,-0.19999999999999996,-7,-51,0.020005562619199058,0.6912928542605146,2.2745,645000,0.17272727272727262,0.07679465776293815,2.1504,0,11,92111
202001,92111,"san diego, ca",1105,322,-178,229,90.782133,97.59744123772687,83.96682534959832,24.5,-0.125,-3.5,-0.33783783783783783,-12.5,-60.5,0.3103246791188672,0.5299480795280054,2.0291,675000,0.04651162790697683,0.12687813021702832,2.2508,0,11,92111
202002,92111,"san diego, ca",1105,744,-422,-179,85.887709,93.97090936007994,77.80450793885784,23,-0.061224489795918324,-1.5,0.06976744186046502,1.5,-56,-0.08763897972531065,0.420748764954467,1.7603,699000,0.03555555555555556,0.19487179487179485,2.2556,0,11,92111
202003,92111,"san diego, ca",1105,330,414,346,90.825057,95.54365212215899,86.10646133244057,17.5,-0.23913043478260865,-5.5,-0.39655172413793105,-11.5,-41,0.13841358890447242,0.4917808968873514,2.2545,679000,-0.028612303290414864,0.22670727300882687,2.1219,0,11,92111
202004,92111,"san diego, ca",1105,745,-415,-140,85.162594,91.37072933428134,78.95445870598361,30,0.7142857142857142,12.5,0.36363636363636354,8,-32,-0.09058040266654999,0.3119341279099155,1.8367,684500,0.008100147275404979,0.2535154155057622,2.1322,1,11,92111
202005,92111,"san diego, ca",1105,415,330,158,87.435459,96.28914230526355,78.58177630845809,18,-0.4,-12,-0.23404255319148937,-5.5,-53,0.20217479883421818,0.6246673327037113,1.7939,595000,-0.13075237399561723,-0.015552614162806067,1.803,0,11,92111
202006,92111,"san diego, ca",1105,293,122,489,89.743685,95.9727293048208,83.51464123388719,15.5,-0.13888888888888884,-2.5,-0.38,-9.5,-53,0.2430698771900488,1.5613410473223555,2.0663,680000,0.1428571428571428,0.0795364343546594,1.9857,0,11,92111
201708,92111,"san diego, ca",1105,17,,,97.407516,98.17410077207363,96.64093087928573,15,,,,,-51.5,,,3.4623,529888,,,1.8992,0,11,92111
201709,92111,"san diego, ca",1105,33,,,97.071587,97.25028263010101,96.89289230881441,19,,,,,-52,,,3.6253,549000,,,1.9711,0,11,92111
201710,92111,"san diego, ca",1105,54,,,96.486734,96.88929551692588,96.08417200365965,23,,,,,-51.5,,,3.2897,569944,,,2.0538,0,11,92111
201711,92111,"san diego, ca",1105,51,,,97.092298,98.61590425141347,95.56869079961818,15,,,,,-62.5,,,3.2807,596997.5,,,2.1709,0,11,92111
201712,92111,"san diego, ca",1105,162,,,95.194609,95.34558309091578,95.04363515852266,36,,,,,-49,,,3.2763,599000,,,2.2095,0,11,92111
201801,92111,"san diego, ca",1105,80,,,97.325491,97.8766692560944,96.77431287685422,17,,,,,-73,,,4.0346,542000,,,1.9958,0,11,92111
201802,92111,"san diego, ca",1105,105,,,96.165667,97.25616529660076,95.07516848107828,15,,,,,-69.5,,,3.3571,599500,,,2.1623,1,11,92111
201803,92111,"san diego, ca",1105,250,,,93.629905,96.96679673120812,90.29301332548037,15,,,,,-50,,,2.5779,630000,,,2.1799,1,11,92111
201804,92111,"san diego, ca",1105,329,,,91.951184,96.49730845807831,87.40505862399527,15,,,,,-44.5,,,2.3085,607450,,,2.0386,1,11,92111
201805,92111,"san diego, ca",1105,517,,,89.662021,92.4239638115553,86.90007723143687,22,,,,,-35,,,2.2138,599000,,,1.9973,1,11,92111
201806,92111,"san diego, ca",1105,225,,,92.803984,98.12484039254315,87.48312721170333,11,,,,,-46,,,2.2148,629888,,,2.0996,0,11,92111
201807,92111,"san diego, ca",1105,678,,,86.10278,96.46305779078274,75.74250182882224,19.5,,,,,-40,,,1.6445,630000,,,2.1007,1,11,92111
201808,92111,"san diego, ca",1105,1260,-582,-1243,80.390118,95.642653820889,65.13758119845266,22.5,0.15384615384615374,3,0.5,7.5,-39.5,-0.19582500370839662,-0.5258927524407737,1.3512,589000,-0.06507936507936507,0.11155564949574259,1.9683,1,11,92111
201809,92111,"san diego, ca",1105,1052,208,-1019,81.830745,95.12310433865512,68.53838600574608,26,0.15555555555555545,3.5,0.368421052631579,7,-39,-0.01187551976968293,-0.5273194166287828,1.4299,574000,-0.025466893039049254,0.04553734061930781,1.9197,1,11,92111
201810,92111,"san diego, ca",1105,488,564,-434,86.764115,93.96693309974816,79.56129785758604,30,0.15384615384615374,4,0.30434782608695654,7,-38.5,0.22852776550301956,-0.38838249582928486,1.7811,612400,0.06689895470383278,0.07449152899232203,2.0482,1,11,92111
201811,92111,"san diego, ca",1105,677,-189,-626,84.945252,97.3706375654594,72.51986670084594,24.5,-0.18333333333333335,-5.5,0.6333333333333333,9.5,-47,-0.155774284047267,-0.47995114008370443,1.5505,589500,-0.037393860222077024,-0.012558679056444921,1.9765,1,11,92111
201812,92111,"san diego, ca",1105,614,63,-452,85.850787,96.43106041154678,75.27051314969006,35,0.4285714285714286,10.5,-0.02777777777777779,-1,-46,0.07783696493825798,-0.4469577415395406,1.6502,599000,0.016115351993214677,0,2.0514,0,11,92111
202006,92110,"san diego, ca",3299,1522,-322,-131,76.842262,89.03956486103867,64.64495939199762,28.5,-0.08064516129032262,-2.5,-0.017241379310344862,-0.5,-40,0.034206099804912515,1.0152994882368787,1.3849,631000,0,0.1706864564007422,1.8426,0,10,92110
202007,92110,"san diego, ca",3299,2449,-927,-1343,69.704553,78.64266238374482,60.76644380532626,37,0.29824561403508776,8.5,0.1384615384615384,4.5,-20.5,0.03535049566191617,0.8099013532949664,1.2985,799900,0.2676703645007923,0.15944339759385429,2.292,0,10,92110
202008,92110,"san diego, ca",3299,1714,735,-1252,75.016774,90.72237960339945,59.31116743700612,22,-0.4054054054054054,-15,-0.2666666666666667,-8,-31,0.05594255073053378,0.5122014399710817,1.2749,650000,-0.18739842480310043,0.01653261840929421,1.8571,0,10,92110
202009,92110,"san diego, ca",3299,2005,-291,-1443,73.386792,91.38867924528302,55.384905660377356,20,-0.09090909090909094,-2,-0.45945945945945943,-17,-31,-0.09300704873260446,0.36866831129092037,1.1885,632000,-0.027692307692307683,0.22837706511175893,1.8057,0,10,92110
202010,92110,"san diego, ca",3299,2234,-229,-2004,71.008245,89.79330597492564,52.223184368058426,22,0.10000000000000009,2,-0.022222222222222254,-0.5,-29,-0.09186894427995895,0.2625296489749367,1.1256,649900,0.028322784810126622,0.09327950206072844,1.8569,0,10,92110
202011,92110,"san diego, ca",3299,2769,-535,-2607,67.936732,88.27749370373196,47.59597038846066,29,0.3181818181818181,7,-0.09375,-3,-27.5,-0.10838052401983356,-0.038493004990591495,1.0522,622650,-0.041929527619633755,0.039482470784641066,1.7828,0,10,92110
202012,92110,"san diego, ca",3299,1684,1085,-1493,75.917827,92.24306594544827,59.5925883300725,29,0,0,-0.21621621621621623,-8,-35,0.2757243565672134,0.24317406076983272,1.2537,697450,0.12013169517385358,0.0568224865520115,2.0453,0,10,92110
202101,92110,"san diego, ca",3299,1049,635,-901,80.8099,92.05041759252165,69.56938165657805,28,-0.03448275862068961,-1,0.2727272727272727,6,-43,0.8408972115399773,0.48349898413047065,1.5018,749900,0.07520252347838552,0.5704712041884816,2.2062,1,10,92110
202102,92110,"san diego, ca",3299,2383,-1334,-1676,71.65931,83.67251279246905,59.64610757392289,30,0.0714285714285714,2,0.36363636363636354,8,-33.5,-0.03159238969499556,0.8785003111387679,1.2289,941250,0.25516735564741966,0.496422893481717,2.7067,1,10,92110
202103,92110,"san diego, ca",3299,3721,-1338,-2985,63.567555,76.48550583278062,50.64960399516211,31,0.03333333333333344,1,0.8787878787878789,14.5,-17,-0.08392546583850935,0.9548703198127926,1.0552,632000,-0.32855245683930945,0.11967401895650642,1.772,1,10,92110
202104,92110,"san diego, ca",3299,3362,359,-2488,63.643266,76.84460538099131,50.441926566211116,25.5,-0.17741935483870963,-5.5,0,0,-14.5,0.013591828345000057,0.8940473687333261,1.0718,652000,0.03164556962025311,0.12607944732297072,1.752,0,10,92110
202105,92110,"san diego, ca",3299,2742,620,-1542,65.603435,79.95322803251035,51.25364207943567,21,-0.17647058823529416,-4.5,-0.32258064516129037,-10,-16,-0.03896801813854589,0.6851675977653628,1.1037,699500,0.0728527607361964,0.10855784469096674,1.8413,0,10,92110
202106,92110,"san diego, ca",3299,1257,1485,265,75.320846,88.55359001040583,62.088102670828995,14.5,-0.30952380952380953,-6.5,-0.49122807017543857,-14,-21,0.049186133544838695,0.7095765308365536,1.3307,787450,0.1257326661901359,0.24793977812995238,2.0453,0,10,92110
202107,92110,"san diego, ca",3299,1805,-548,644,69.865461,79.62526603830952,60.10565521435086,23,0.5862068965517242,8.5,-0.3783783783783784,-14,-13.5,-0.1096751194492035,0.4701094238008847,1.3124,725125,-0.07914788240523207,-0.09348043505438175,1.8834,0,10,92110
202108,92110,"san diego, ca",3299,2625,-820,-911,64.593165,74.5280864667377,54.65824326381489,28,0.21739130434782616,5,0.2727272727272727,6,-9.5,-0.16497207799580915,0.16254659538622773,1.2118,857000,0.1818651956559214,0.31846153846153835,2.2525,1,10,92110
202109,92110,"san diego, ca",3299,1402,1223,603,72.739705,85.38975839538064,60.08965202856709,25,-0.1071428571428571,-3,0.25,5,-16.5,0.03534098480149872,0.3270578732314282,1.32,857575,0.0006709451575261927,0.3569224683544303,2.2568,1,10,92110
202110,92110,"san diego, ca",3299,1240,162,994,74.190138,90.56482670089859,57.815449671524576,21,-0.16000000000000003,-4,-0.045454545454545414,-1,-22,-0.05422921773582179,0.38206105271973545,1.2667,1200000,0.3992945223449844,0.8464379135251576,3.1579,1,10,92110
201902,92110,"san diego, ca",3299,677,-113,-424,85.871013,95.14171538518464,76.60031081181084,27.5,-0.2567567567567568,-9.5,0,0,-55.5,-0.0155576195093593,-0.46714194404837994,1.6924,564500,0.04730983302411884,-0.039148936170212756,1.8911,0,10,92110
201903,92110,"san diego, ca",3299,759,-82,-575,82.980249,95.03107874508073,70.92941998602376,23,-0.1636363636363637,-4.5,0.1499999999999999,3,-42,-0.008532042612760304,-0.44655889954878003,1.6394,674428.5714285715,0.19473617613564476,0.07908571428571443,2.1978,0,10,92110
201904,92110,"san diego, ca",3299,843,-84,-662,83.921135,92.10245070941589,75.73981942141145,24.5,0.0652173913043479,1.5,0.2250000000000001,4.5,-34,0.03680257623970329,-0.4248946055455668,1.7297,715000,0.060156746452022736,0.24347826086956514,2.2514,1,10,92110
201905,92110,"san diego, ca",3299,941,-98,-857,83.150635,88.83207651278279,77.46919256943168,28.5,0.16326530612244894,4,1.375,16.5,-27,-0.027002243249098612,-0.3632861683181804,1.7588,634900,-0.11202797202797199,-0.07650909090909086,1.9569,1,10,92110
201906,92110,"san diego, ca",3299,1391,-450,-938,78.488627,89.59994149052878,67.3773129525342,29,0.01754385964912286,0.5,0.20833333333333326,5,-28,-0.26783906723172624,-0.30410037878787877,1.4106,539000,-0.15104740904079383,-0.2299988999984286,1.659,1,10,92110
201907,92110,"san diego, ca",3299,1106,285,-811,80.556673,89.30543871840825,71.80790753812954,32.5,0.1206896551724137,3.5,0.4772727272727273,10.5,-27,0.1528480932149492,-0.15216975092706186,1.5438,689900,0.27996289424860854,-0.0727150537634409,2.1439,1,10,92110
201908,92110,"san diego, ca",3299,462,644,95,86.099063,92.86365127382732,79.33447534351423,30,-0.07692307692307687,-2.5,0.05263157894736836,1.5,-34,0.2638209441233432,0.21802908174424962,1.9241,639428.5714285714,-0.07315760048040099,-0.03591621345107976,2.0123,0,10,92110
201909,92110,"san diego, ca",3299,562,-100,-188,86.03857,89.45176960444135,82.6253698089777,37,0.2333333333333334,7,0.27586206896551735,8,-29,0.00210988713294058,0.28192492769093436,1.9692,514500,-0.1953753351206433,-0.20232558139534884,1.6339,1,10,92110
201910,92110,"san diego, ca",3299,230,332,576,90.522732,96.72011128193864,84.32535324694341,22.5,-0.3918918918918919,-14.5,-0.04255319148936165,-1,-43.5,-0.015523952667298113,0.637599323224521,2.0286,594450,0.15539358600583086,0.13228571428571434,1.8963,0,10,92110
201911,92110,"san diego, ca",3299,162,68,783,92.123225,93.80206230964001,90.44438736193167,32,0.4222222222222223,9.5,0.0847457627118644,2.5,-37,0.17076217840457963,1.0349024415321466,2.4008,599000,0.00765413407351323,0.16310679611650492,1.9329,0,10,92110
201912,92110,"san diego, ca",3299,191,-29,376,92.323659,95.34823381148301,89.29908447310872,37,0.15625,5,0.02777777777777768,1,-42,-0.013317659006115257,0.6878503569953385,2.3232,659950,0.10175292153589321,0.2020947176684882,2.2002,0,10,92110
202001,92110,"san diego, ca",3299,148,43,416,93.796489,97.8652186849152,89.72775959535852,22,-0.4054054054054054,-15,-0.4054054054054054,-15,-63,0.5426742359863601,0.8466383240819331,2.44,477500,-0.27646033790438673,-0.114100185528757,1.5922,1,10,92110
202002,92110,"san diego, ca",3299,707,-559,-30,86.259669,94.4002368703505,78.11910137310781,22,0,0,-0.19999999999999996,-5.5,-57,-0.2352241319349112,0.4345831257266233,1.7743,629000,0.31727748691099467,0.11426040744021249,2.0297,0,10,92110
202003,92110,"san diego, ca",3299,736,-29,23,86.405907,95.99003087453038,76.82178328311572,16.5,-0.25,-5.5,-0.28260869565217395,-6.5,-42,-0.11971332317661953,0.2737117755178802,1.7572,564450,-0.10262321144674091,-0.16306926498623175,1.7639,1,10,92110
202004,92110,"san diego, ca",3299,874,-138,-31,84.071773,93.97896942708527,74.16457733038955,25.5,0.5454545454545454,9,0.04081632653061229,1,-36.5,0.046140985883337704,0.2851840100592389,1.6468,579000,0.025777305341482926,-0.19020979020979023,1.8036,1,10,92110
202005,92110,"san diego, ca",3299,1200,-326,-259,79.68129,91.393336057353,67.96924334162921,31,0.21568627450980382,5.5,0.08771929824561409,2.5,-40,0.08015374786876528,0.4267209924533155,1.4452,631000,0.08981001727115712,-0.00614269963773828,1.9121,0,10,92110
201708,92110,"san diego, ca",3299,438,,,91.002232,86.35881298254601,95.64565113981485,37.5,,,,,-29,,,3.1548,479000,,,1.7168,1,10,92110
201709,92110,"san diego, ca",3299,195,,,93.800372,92.1520002917472,95.44874366361547,32,,,,,-39,,,3.2132,499499,,,1.7934,0,10,92110
201710,92110,"san diego, ca",3299,186,,,94.1043,92.42451967063128,95.78408051235132,33.5,,,,,-41,,,3.222,469250,,,1.691,0,10,92110
201711,92110,"san diego, ca",3299,125,,,95.432851,97.25383655187606,93.61186577575447,24,,,,,-53.5,,,2.8551,469469,,,1.7072,1,10,92110
201712,92110,"san diego, ca",3299,127,,,95.995508,96.44658835659314,95.54442685127223,32,,,,,-53,,,3.4051,555000,,,2.0472,0,10,92110
201801,92110,"san diego, ca",3299,173,,,95.720046,95.18736359264602,96.2527281470795,33.5,,,,,-56.5,,,3.8066,565000,,,2.0804,0,10,92110
201802,92110,"san diego, ca",3299,253,,,93.899504,92.80530252536472,94.9937051025698,27.5,,,,,-57,,,3.3326,587500,,,2.119,1,10,92110
201803,92110,"san diego, ca",3299,184,,,94.498638,95.05263932857248,93.9446366782007,20,,,,,-45,,,3.1296,625000,,,2.1626,0,10,92110
201804,92110,"san diego, ca",3299,181,,,94.344075,94.29614335226016,94.39200648919697,20,,,,,-39.5,,,3.2333,575000,,,1.9297,0,10,92110
201805,92110,"san diego, ca",3299,84,,,96.105329,97.65731308153434,94.55334485675408,12,,,,,-45,,,3.1187,687500,,,2.2924,0,10,92110
201806,92110,"san diego, ca",3299,453,,,89.526103,91.67487505016234,87.37733026887015,24,,,,,-33,,,2.2068,699999,,,2.3333,0,10,92110
201807,92110,"san diego, ca",3299,295,,,90.517557,95.4059985369422,85.62911485003659,22,,,,,-37.5,,,2.0666,744000,,,2.4808,0,10,92110
201808,92110,"san diego, ca",3299,557,-262,-119,86.896942,92.1210130647398,81.67287059338734,28.5,0.2954545454545454,6.5,-0.24,-9,-33.5,-0.1202955316097497,-0.28474513548288505,1.8575,663250,-0.10853494623655913,0.38465553235908145,2.2164,1,10,92110
