san_diego_ca_city_2.csv
month_date_yyyymm,postal_code,zip_name,nielsen_hh_rank,hotness_rank,hotness_rank_mm,hotness_rank_yy,hotness_score,supply_score,demand_score,median_days_on_market,median_days_on_market_mm,median_dom_mm_day,median_days_on_market_yy,median_dom_yy_day,median_dom_vs_us,ldp_unique_viewers_per_property_mm,ldp_unique_viewers_per_property_yy,ldp_unique_viewers_per_property_vs_us,median_listing_price,median_listing_price_mm,median_listing_price_yy,median_listing_price_vs_us,quality_flag,id,zip_code
201809,92110,"san diego, ca",3299,374,183,-179,88.333273,93.89751609266466,82.76902934865622,29,0.01754385964912286,0.5,-0.09375,-3,-36,-0.047838949641168305,-0.2935735611711967,1.8941,645000,-0.027516019600452357,0.2912938764642172,2.1572,0,10,92110
201810,92110,"san diego, ca",3299,806,-432,-620,83.506697,96.75170626665206,70.2616883827877,23.5,-0.18965517241379315,-5.5,-0.29850746268656714,-10,-45,-0.22934482941441559,-0.48110664076951537,1.48,525000,-0.18604651162790697,0.11880660628662754,1.7559,0,10,92110
201811,92110,"san diego, ca",3299,945,-139,-820,82.229831,95.92412201999487,68.53554033764236,29.5,0.25531914893617014,6,0.22916666666666674,5.5,-42,-0.05782247252666739,-0.44585175210847194,1.4379,515000,-0.01904761904761909,0.09698403941474298,1.7267,1,10,92110
201812,92110,"san diego, ca",3299,567,378,-440,86.281774,96.08260279499689,76.48094487033708,36,0.22033898305084754,6.5,0.125,4,-45,0.18956179757507674,-0.4553944618599791,1.6889,549000,0.06601941747572826,-0.010810810810810811,1.8801,0,10,92110
201901,92110,"san diego, ca",3299,564,3,-391,86.893562,95.25917727356577,78.52794687327062,37,0.02777777777777768,1,0.10447761194029859,3.5,-50,0.41002340630593426,-0.5069216158959748,1.7538,539000,-0.01821493624772308,-0.046017699115044275,1.8586,0,10,92110
202007,92105,"san diego, ca",450,1639,311,-1364,75.654577,75.56866992865947,75.74048481679304,39.5,-0.024691358024691357,-1,0.6122448979591837,15,-18,0.2837628580068776,0.7956957982792727,1.7321,484500,-0.04897438413975852,0.16775126536514828,1.3883,1,5,92105
202008,92105,"san diego, ca",450,1782,-143,-1274,74.401744,75.06336663187714,73.74012226032504,37,-0.06329113924050633,-2.5,0.2333333333333334,7,-16,0.03876764440884983,1.0422757823401918,1.6729,438000,-0.09597523219814241,0.06643478260869551,1.2514,1,5,92105
202009,92105,"san diego, ca",450,1577,205,-849,76.698113,81.21509433962264,72.1811320754717,30.5,-0.17567567567567566,-6.5,-0.17567567567567566,-6.5,-20.5,-0.06888419972719961,0.9994212714965163,1.6011,424500,-0.03082191780821919,0.10259740259740258,1.2129,0,5,92105
202010,92105,"san diego, ca",450,2042,-465,-1540,72.301495,87.59835849553858,57.0046308497421,24,-0.21311475409836067,-6.5,-0.12727272727272732,-3.5,-27,-0.27059748037577547,0.5670180858133229,1.2179,297000,-0.3003533568904594,-0.22746781115879833,0.8486,1,5,92105
202011,92105,"san diego, ca",450,1293,749,-775,78.13287,85.53766313058078,70.72807753949478,32,0.33333333333333326,8,0.032258064516129004,1,-24.5,0.21867239732569232,0.926020408163265,1.5561,462400,0.556902356902357,0.18868894601542419,1.324,0,5,92105
202012,92105,"san diego, ca",450,912,381,-46,82.06161,89.9182874899298,74.20493344074885,33,0.03125,1,-0.15384615384615385,-6,-31,0.1325161419270866,1.3785262338832425,1.6459,509950,0.10283304498269885,0.32454545454545447,1.4954,1,5,92105
202101,92105,"san diego, ca",450,452,460,706,86.786453,92.05041759252165,81.52248869818405,28,-0.1515151515151515,-5,-0.46153846153846156,-24,-43,0.8418482791473145,1.8933484077633316,1.9727,475000,-0.06853613099323463,0.23376623376623384,1.3975,0,5,92105
202102,92105,"san diego, ca",450,634,-182,2790,85.309168,93.78930510526932,76.82903011601108,15.5,-0.4464285714285714,-12.5,-0.7785714285714286,-54.5,-48,0.04644423708916978,2.213892610681304,1.7443,525000,0.10526315789473695,0.3157894736842106,1.5097,1,5,92105
202103,92105,"san diego, ca",450,907,-273,2074,81.547735,86.16128906402403,76.93418126487457,21,0.35483870967741926,5.5,-0.6111111111111112,-33,-27,0.08298802410385941,2.3769872665661524,1.7706,450000,-0.1428571428571429,0.16883116883116878,1.2617,1,5,92105
202104,92105,"san diego, ca",450,2884,-1977,-2471,66.298719,74.9600903321263,57.637347661877506,27,0.2857142857142858,6,0.05882352941176472,1.5,-13,-0.3138517332218338,0.7531475548817703,1.2176,435000,-0.033333333333333326,0.1298701298701299,1.1689,0,5,92105
202105,92105,"san diego, ca",450,1166,1718,-833,75.998697,87.26422327863824,64.73316975923939,15,-0.4444444444444444,-12,-0.42307692307692313,-11,-22,0.07074056658261685,0.5327930499915581,1.3969,525000,0.2068965517241379,0.10759493670886067,1.3819,0,5,92105
202106,92105,"san diego, ca",450,2845,-1679,-895,64.851428,73.65013296334837,56.05272285813388,24.5,0.6333333333333333,9.5,-0.3950617283950617,-16,-11,-0.25059786452895016,0.43653529979555383,1.203,549999.5,0.04761809523809535,0.07959466090882317,1.4286,0,5,92105
202107,92105,"san diego, ca",450,1460,1385,179,72.328215,90.13757981149286,54.51885071450289,15.5,-0.36734693877551017,-9,-0.6075949367088608,-24,-21,-0.1002321733561059,0.006843465311842989,1.199,569500,0.03545548677771526,0.17543859649122817,1.4792,1,5,92105
202108,92105,"san diego, ca",450,3331,-1871,-1549,60.975795,71.43020246612879,50.52138833916883,29.5,0.903225806451613,14,-0.20270270270270274,-7.5,-8,-0.1430653237445838,-0.16940127695458373,1.1361,582500,0.022827041264266823,0.3299086757990868,1.531,1,5,92105
202109,92105,"san diego, ca",450,2498,833,-921,65.561845,82.66220939067011,48.46148001823431,27,-0.0847457627118644,-2.5,-0.11475409836065575,-3.5,-14.5,-0.07754059915834,-0.1771231889998629,1.1027,593500,0.018884120171673846,0.39811542991755,1.5618,1,5,92105
202110,92105,"san diego, ca",450,1302,1196,740,73.670996,83.05519897304237,64.286793022729,28,0.03703703703703698,1,0.16666666666666674,4,-15,0.260270493364658,0.4217765042979942,1.41,585000,-0.01432181971356361,0.9696969696969697,1.5395,1,5,92105
202111,92105,"san diego, ca",450,1377,-75,-84,75.133188,78.63631137173738,71.63006400674561,34,0.2142857142857142,6,0.0625,2,-12.5,0.05735868817849399,0.2335782305125642,1.5784,599499.5,0.024785470085470163,0.2964954584775086,1.5799,0,5,92105
202112,92105,"san diego, ca",450,796,581,116,81.739836,83.62961817900757,79.85005410418921,36,0.05882352941176472,2,0.09090909090909083,3,-17.5,0.07423935721739316,0.17010101345513728,1.8372,589500,-0.01667974702230779,0.1559956858515541,1.572,0,5,92105
202201,92105,"san diego, ca",450,645,151,-193,83.59969,92.85492629945693,74.344453064391,23,-0.36111111111111116,-13,-0.1785714285714286,-5,-38,0.2831017628645176,-0.18486300414011247,1.6176,609000,0.0330788804071247,0.28210526315789464,1.624,0,5,92105
201901,92105,"san diego, ca",450,381,-155,-102,89.162516,96.57258808337946,81.75244419848737,31,0,0,-0.1842105263157895,-7,-56,0.2560807028121097,-0.35607856072113686,1.8862,392000,-0.01754385964912286,0,1.3517,0,5,92105
201902,92105,"san diego, ca",450,364,17,-35,89.241841,93.38784873825206,85.09583364167838,32,0.032258064516129004,1,0.06666666666666665,2,-51,0.12993105489749057,-0.2989872900502516,2.0892,419950,0.07130102040816322,-0.0013079667063020661,1.4069,0,5,92105
201903,92105,"san diego, ca",450,244,120,-32,89.468167,94.21457206958696,84.72176247747251,25,-0.21875,-7,0.25,5,-40,0.1570952240538106,-0.16569030692700637,2.3618,435614.28571428574,0.03730035888626193,0.03965223320831912,1.4195,1,5,92105
201904,92105,"san diego, ca",450,262,-18,195,91.212456,91.42804496038327,90.99686751428045,25.5,0.020000000000000018,0.5,-0.13559322033898302,-4,-33,0.13716317730887373,-0.034379495345605915,2.7331,449900,0.03279441183222365,0.08409638554216858,1.4167,0,5,92105
201905,92105,"san diego, ca",450,107,155,-28,94.066581,94.85745815707192,93.27570351296671,20,-0.21568627450980393,-5.5,0.4285714285714286,6,-35.5,0.023125387157888033,-0.008841353607165758,2.9223,464950,0.033451878195154494,0.08531746031746024,1.433,1,5,92105
201906,92105,"san diego, ca",450,161,-54,-59,92.232868,94.40868865647627,90.05704673444014,22,0.10000000000000009,2,0.22222222222222232,4,-35,-0.24178126342930806,-0.1402360726985381,2.4272,449000,-0.034304763953113215,0.044428936962084276,1.382,1,5,92105
201907,92105,"san diego, ca",450,275,-114,-63,90.196043,95.02212793972421,85.36995720712484,24.5,0.11363636363636354,2.5,0.2894736842105263,5.5,-35,-0.09919599823956893,0.06767157179375749,2.0756,414900,-0.07594654788418709,-0.03511627906976744,1.2893,1,5,92105
201908,92105,"san diego, ca",450,508,-233,-333,85.475817,92.86365127382732,78.08798338010715,30,0.22448979591836737,5.5,0.5,10,-34,-0.08665092609773939,-0.003343271941777637,1.8695,410714.28571428574,-0.010088489481114182,-0.0707821590174531,1.2925,1,5,92105
201909,92105,"san diego, ca",450,728,-220,-547,84.292706,89.45176960444135,79.13364257277476,37,0.2333333333333334,7,0.6086956521739131,14,-29,-0.04892716879612302,0.07514479398594487,1.816,385000,-0.06260869565217397,-0.1044428936962084,1.2226,1,5,92105
201910,92105,"san diego, ca",450,502,226,-199,86.552822,94.87517387802914,78.2304707518852,27.5,-0.2567567567567568,-9.5,0,0,-38.5,-0.06932604899522177,0.0957405745062836,1.7685,384450,-0.0014285714285714457,-0.09541176470588231,1.2264,0,5,92105
201911,92105,"san diego, ca",450,518,-16,-261,86.743606,94.2717698433085,79.21544163516934,31,0.1272727272727272,3.5,0,0,-38,-0.008483150439722809,0.08984932880635088,1.7725,389000,0.011835089088307882,-0.013941698352344711,1.2552,0,5,92105
201912,92105,"san diego, ca",450,866,-348,-640,84.222914,94.27703028281256,74.16879795396419,39,0.25806451612903225,8,0.25806451612903225,8,-40,-0.08294086865515449,-0.040686351913258645,1.5942,385000,-0.010282776349614386,-0.03508771929824561,1.2835,1,5,92105
202001,92105,"san diego, ca",450,1158,-292,-777,81.858078,88.64177328176139,75.07438262421898,52,0.33333333333333326,13,0.6774193548387097,21,-33,0.5141226818830245,0.15638951411019253,1.6433,385000,0,-0.017857142857142905,1.2838,1,5,92105
202002,92105,"san diego, ca",450,3424,-2266,-3060,66.508753,63.64410229838262,69.37340390095858,70,0.34615384615384626,18,1.1875,38,-9,-0.05792503547490224,-0.03586541341552241,1.4721,399000,0.036363636363636376,-0.04988689129658297,1.2875,1,5,92105
202003,92105,"san diego, ca",450,2981,443,-2737,69.3189,62.99148160547558,75.6463192352044,54,-0.22857142857142854,-16,1.1600000000000001,29,-4.5,0.030684137480610607,-0.1411958116051868,1.7069,385000,-0.03508771929824561,-0.11619060112156898,1.2031,1,5,92105
202004,92105,"san diego, ca",450,413,2568,-151,88.414474,93.97896942708527,82.84997941847845,25.5,-0.5277777777777778,-28.5,0,0,-36.5,0.32168792834015947,-0.0018397084439824019,2.021,385000,0,-0.1442542787286064,1.1993,1,5,92105
202005,92105,"san diego, ca",450,333,80,-226,88.55726,93.75580401916719,83.35871624382453,26,0.019607843137254832,0.5,0.30000000000000004,6,-45,0.22467035339661456,0.1947873959047144,2.0109,474000,0.23116883116883113,0.01946445854392942,1.4364,1,5,92105
202006,92105,"san diego, ca",450,1950,-1617,-1789,73.54519,78.48520974592057,68.6051710006706,40.5,0.5576923076923077,14.5,0.8409090909090908,18.5,-28,-0.20038276465441818,0.2600224028491829,1.4899,509450,0.07478902953586508,0.1346325167037863,1.4877,1,5,92105
201708,92105,"san diego, ca",450,86,,,95.89813,95.38951297156866,96.40674741117495,24,,,,,-42.5,,,3.3839,409950,,,1.4694,1,5,92105
201709,92105,"san diego, ca",450,165,,,94.456803,92.1520002917472,96.76160606834178,32,,,,,-39,,,3.5841,399900,,,1.4358,0,5,92105
201710,92105,"san diego, ca",450,147,,,94.748399,97.43824336688014,92.05855443732845,21,,,,,-53.5,,,2.6021,422000,,,1.5207,0,5,92105
201711,92105,"san diego, ca",450,289,,,92.861076,95.44753652984801,90.2746163448124,30,,,,,-47.5,,,2.439,429500,,,1.5618,0,5,92105
201712,92105,"san diego, ca",450,465,,,91.158817,88.27926501454505,94.03836948116508,50,,,,,-35,,,3.0453,399500,,,1.4736,0,5,92105
201801,92105,"san diego, ca",450,279,,,93.922243,93.91114563681427,93.9333407316983,38,,,,,-52,,,3.135,392000,,,1.4434,0,5,92105
201802,92105,"san diego, ca",450,329,,,92.810857,91.6129748944679,94.00873879878546,30,,,,,-54.5,,,3.1271,420500,,,1.5167,1,5,92105
201803,92105,"san diego, ca",450,212,,,94.148936,95.05263932857248,93.24523301185306,20,,,,,-45,,,2.9908,419000,,,1.4498,0,5,92105
201804,92105,"san diego, ca",450,457,,,90.559325,87.68158690362068,93.43706216355726,29.5,,,,,-30,,,3.0428,415000,,,1.3927,1,5,92105
201805,92105,"san diego, ca",450,79,,,96.213821,96.91442021257033,95.51322128645508,14,,,,,-43,,,3.3287,428400,,,1.4285,0,5,92105
201806,92105,"san diego, ca",450,102,,,95.116924,95.3814162197658,94.85243150559994,18,,,,,-39,,,3.0735,429900,,,1.433,0,5,92105
201807,92105,"san diego, ca",450,212,,,92.254938,96.7117776152158,87.79809802487199,19,,,,,-40.5,,,2.2064,430000,,,1.4338,0,5,92105
201808,92105,"san diego, ca",450,175,37,-89,92.434859,96.76300999927012,88.10670753959565,20,0.05263157894736836,1,-0.16666666666666663,-4,-42,-0.02157200781708568,-0.20817777213443878,2.2057,442000,0.027906976744185963,0.07818026588608373,1.477,0,5,92105
201809,92105,"san diego, ca",450,181,-6,-16,91.304506,96.35960286576719,86.24940902643925,23,0.1499999999999999,3,-0.28125,-9,-42,-0.1183576934056032,-0.3036682615629984,2.0825,429900,-0.027375565610859742,0.07501875468867225,1.4378,0,5,92105
201810,92105,"san diego, ca",450,303,-122,-156,89.255082,95.40129201795686,83.10887258659075,27.5,0.19565217391304346,4.5,0.30952380952380953,6.5,-41,-0.08681920100296547,-0.16290428629575116,1.9282,425000,-0.011397999534775494,0.007109004739336511,1.4214,1,5,92105
201811,92105,"san diego, ca",450,257,46,32,89.749881,95.43340535393855,84.06635661185776,31,0.1272727272727272,3.5,0.03333333333333344,1,-40.5,-0.0031234468348396716,-0.10578687243860074,1.9821,394500,-0.07176470588235295,-0.0814901047729919,1.3227,0,5,92105
201812,92105,"san diego, ca",450,226,31,239,90.90709,97.19033121813446,84.62384917287166,31,0,0,-0.38,-19,-50,0.04184515748862139,-0.2648121544556179,2.0391,399000,0.011406844106463865,-0.0012515644555695093,1.3664,0,5,92105
202008,92120,"san diego, ca",3634,492,-154,333,86.890562,94.44610108841509,79.33502311018339,16,-0.3191489361702128,-7.5,-0.4838709677419355,-15,-37,-0.10646342044019241,1.6323629228303043,1.8817,699900,-0.03985184169010225,0.038273253226524195,1.9997,0,19,92120
202009,92120,"san diego, ca",3634,642,-150,634,85.341509,93.22264150943397,77.46037735849056,17.5,0.09375,1.5,-0.5512820512820513,-21.5,-33.5,-0.07578714350190208,1.619123210878747,1.7875,767450,0.0965137876839548,0.1524138448832495,2.1927,0,19,92120
202010,92120,"san diego, ca",3634,559,83,443,84.501713,95.97153721621928,73.03188885960618,14,-0.19999999999999996,-3.5,-0.6164383561643836,-22.5,-37,-0.12612780973372295,1.2847827030680041,1.629,699000,-0.0891914782722002,0.020437956204379493,1.9971,1,19,92120
202011,92120,"san diego, ca",3634,438,121,-66,86.510723,96.43974662291079,76.58169884759215,15,0.0714285714285714,1,-0.4642857142857143,-13,-41.5,0.02028842006563547,1.0389776419806975,1.7426,685000,-0.02002861230329045,-0.04182403133305357,1.9613,0,19,92120
202012,92120,"san diego, ca",3634,494,-56,-44,86.427284,95.18548356159128,77.66908351555607,22.5,0.5,7.5,-0.3382352941176471,-11.5,-41.5,0.09029199458387804,1.1791805833890003,1.7744,590000,-0.13868613138686137,-0.11144578313253017,1.7302,1,19,92120
202101,92120,"san diego, ca",3634,345,149,74,88.282507,89.31499501953873,87.25001915562027,34,0.5111111111111111,11.5,-0.1392405063291139,-5.5,-37,1.0494480604630092,1.7629906655720755,2.3665,567000,-0.03898305084745768,-0.16000000000000003,1.6681,1,19,92120
202103,92120,"san diego, ca",3634,882,-705,-644,81.748664,93.92532480199758,69.57200265303733,10.5,-0.34375,-5.5,-0.43243243243243246,-8,-37.5,-0.39446705100066126,0.9149946709022969,1.4987,707500,-0.08686112545172953,0.07359635811836118,1.9837,0,19,92120
202104,92120,"san diego, ca",3634,957,-75,-629,79.217771,82.89140676712222,75.5441342522291,21,1,10.5,-0.1923076923076923,-5,-19,0.15035517342489313,1.3493233642507718,1.7278,764500,0.08056537102473493,0.18628287687175105,2.0544,0,19,92120
202105,92120,"san diego, ca",3634,1352,-395,-959,74.434519,82.6522005827327,66.21683790829628,19,-0.09523809523809523,-2,-0.4571428571428572,-16,-18,-0.22543352601156064,0.45823529411764685,1.434,879900,0.1509483322432963,0.3813186813186813,2.3161,1,19,92120
202106,92120,"san diego, ca",3634,1091,261,-723,76.719852,91.64836011870351,61.791343893321006,11.5,-0.39473684210526316,-7.5,-0.48888888888888893,-11,-24,-0.19687807210195274,0.11474505348804209,1.3234,799450,-0.09143084441413796,0.07315927243439146,2.0765,0,19,92120
202107,92120,"san diego, ca",3634,1680,-589,-1342,70.69208,75.04940711462451,66.33475220431743,25.5,1.2173913043478262,14,0.0851063829787233,2,-11,-0.010303344633911804,-0.06825078983669286,1.4509,874000,0.09325161048220654,0.19898484120995952,2.2701,0,19,92120
202108,92120,"san diego, ca",3634,1061,619,-569,75.490942,88.91764347693713,62.06424113259248,19,-0.2549019607843137,-6.5,0.1875,3,-18.5,-0.15079550901247651,-0.11447876690783265,1.3624,889000,0.017162471395880896,0.27018145449349906,2.3366,0,19,92120
202109,92120,"san diego, ca",3634,2113,-1052,-1471,67.909512,81.71630451299194,54.102719951375164,27.5,0.44736842105263164,8.5,0.5714285714285714,10,-14,-0.16242948516136513,-0.19749387829136322,1.2006,832499,-0.06355568053993255,0.08475991921297799,2.1908,1,19,92120
202110,92120,"san diego, ca",3634,1149,964,-590,74.916937,84.82217020312618,65.01170429660952,27,-0.018181818181818188,-0.5,0.9285714285714286,13,-16,0.1707934498852941,0.07517886626307102,1.4262,915000,0.09910041933984304,0.3090128755364807,2.4079,1,19,92120
202111,92120,"san diego, ca",3634,755,394,-317,80.483692,90.26867502203825,70.6987083668698,24,-0.11111111111111116,-3,0.6000000000000001,9,-22.5,0.02743243243243243,0.08270721899749489,1.5514,912000,-0.003278688524590123,0.33138686131386863,2.4035,1,19,92120
