san_diego_ca_city_2.csv
month_date_yyyymm,postal_code,zip_name,nielsen_hh_rank,hotness_rank,hotness_rank_mm,hotness_rank_yy,hotness_score,supply_score,demand_score,median_days_on_market,median_days_on_market_mm,median_dom_mm_day,median_days_on_market_yy,median_dom_yy_day,median_dom_vs_us,ldp_unique_viewers_per_property_mm,ldp_unique_viewers_per_property_yy,ldp_unique_viewers_per_property_vs_us,median_listing_price,median_listing_price_mm,median_listing_price_yy,median_listing_price_vs_us,quality_flag,id,zip_code
201712,92122,"san diego, ca",433,278,,,93.532054,94.95894244577825,92.10516625547741,37,,,,,-48,,,2.7418,699000,,,2.5783,0,20,92122
201801,92122,"san diego, ca",433,163,,,95.884659,98.05053083268598,93.71878814781934,15,,,,,-75,,,3.0963,660000,,,2.4303,1,20,92122
201802,92122,"san diego, ca",433,473,,,91.022365,95.41583351847737,86.62889728208546,21,,,,,-63.5,,,2.2524,642500,,,2.3174,0,20,92122
201803,92122,"san diego, ca",433,348,,,92.496135,94.7544725023927,90.23779724655819,21,,,,,-44,,,2.5701,684000,,,2.3668,0,20,92122
201804,92122,"san diego, ca",433,375,,,91.440528,96.25027652827963,86.63077944104417,15.5,,,,,-44,,,2.259,792450,,,2.6594,1,20,92122
201805,92122,"san diego, ca",433,388,,,91.048509,96.2009488433673,85.89606855209443,15.5,,,,,-41.5,,,2.1471,699990,,,2.3341,0,20,92122
201806,92122,"san diego, ca",433,361,,,90.691693,95.97241983145453,85.41096640035022,17,,,,,-40,,,2.0689,689000,,,2.2967,0,20,92122
201807,92122,"san diego, ca",433,551,,,87.651792,96.33504023408925,78.96854425749818,20,,,,,-39.5,,,1.7523,647500,,,2.1591,1,20,92122
201808,92122,"san diego, ca",433,777,-226,-461,84.512079,95.38354864608422,73.64061017443983,23,0.1499999999999999,3,0.06976744186046502,1.5,-39,-0.12079630856674739,-0.14477782045869725,1.5741,555000,-0.1428571428571429,-0.021164021164021163,1.8546,0,20,92122
201809,92122,"san diego, ca",433,1028,-251,-578,82.036222,93.89751609266466,70.17492817398262,29,0.26086956521739135,6,-0.033333333333333326,-1,-36,-0.12944953930075043,-0.2099385440073639,1.4675,565000,0.018018018018018056,0.02914389799635697,1.8896,0,20,92122
201810,92122,"san diego, ca",433,1244,-216,-1022,79.979196,93.96693309974816,65.99145954231906,30,0.034482758620689724,1,0.30434782608695654,7,-38.5,-0.07316615129294546,-0.356197271796418,1.3791,574450,0.016725663716814054,-0.176412818683938,1.9212,1,20,92122
201811,92122,"san diego, ca",433,1371,-127,-927,79.051159,96.86161057604278,61.240707510894644,26.5,-0.1166666666666667,-3.5,-0.1166666666666667,-3.5,-45,-0.10249296518812723,-0.34682689451745674,1.2763,692000,0.20463051614587857,0.20873362445414845,2.3202,0,20,92122
201812,92122,"san diego, ca",433,1026,345,-748,81.663793,96.94457689909402,66.383009940212,32,0.2075471698113207,5.5,-0.1351351351351351,-5,-49,0.11097326508872674,-0.43929597701149425,1.4001,690000,-0.0028901734104046506,-0.012875536480686733,2.363,0,20,92122
201901,92122,"san diego, ca",433,802,224,-639,84.244604,94.48072311381664,74.00848551927689,40,0.25,8,1.6666666666666665,25,-47,0.5490001211974307,-0.44793890560748073,1.5972,709499.5,0.028260144927536146,0.0749992424242425,2.4465,1,20,92122
201902,92122,"san diego, ca",433,544,258,-71,87.10871,97.39510101383853,76.82231924813144,20,-0.5,-20,-0.04761904761904767,-1,-63,0.08507515737892524,-0.2086049555593743,1.6988,675000,-0.048625122357380146,0.05058365758754868,2.2613,0,20,92122
201903,92122,"san diego, ca",433,848,-304,-500,82.057082,95.42829820883445,68.68586560741477,22,0.10000000000000009,2,0.04761904761904767,1,-43,-0.06056332659983987,-0.3590152565880722,1.5593,657428.5714285715,-0.02603174603174596,-0.03884711779448613,2.1424,0,20,92122
202009,92102,"san diego, ca",2035,1743,-652,-1609,75.40566,87.42264150943396,63.38867924528302,24.5,-0.05769230769230771,-1.5,-0.1694915254237288,-5,-26.5,-0.19235390845708022,0.267203149375973,1.3642,650000,0.13043478260869557,0.17279890133229947,1.8571,0,2,92102
202010,92102,"san diego, ca",2035,1100,643,-1044,79.334362,87.59835849553858,71.07036632656903,24,-0.020408163265306145,-0.5,-0.25,-8,-27,0.09978222204078269,0.04438525164727336,1.5646,600000,-0.07692307692307687,0.005025125628140614,1.7143,0,2,92102
202011,92102,"san diego, ca",2035,2427,-1327,-2376,69.966801,75.66587804319622,64.26772494848508,39.5,0.6458333333333333,15.5,0.4107142857142858,11.5,-17,-0.15637886597938155,0.09546519410977217,1.3838,597000,-0.0050000000000000044,0.003361344537815114,1.7094,1,2,92102
202012,92102,"san diego, ca",2035,1866,561,-1770,74.628841,78.03736525108374,71.22031687574328,45,0.139240506329114,5.5,0.6666666666666667,18,-19,0.19682272970289483,0.4527194066749074,1.5468,676500,0.13316582914572872,0.34106452572108226,1.9838,1,2,92102
202101,92102,"san diego, ca",2035,1924,-58,-1652,73.877481,77.84460960845912,69.91035169718796,48,0.06666666666666665,3,0.37142857142857144,13,-23,0.5023679172404527,0.6233485647015591,1.5123,688000,0.01699926090170001,0.1428571428571428,2.0241,1,2,92102
202102,92102,"san diego, ca",2035,2276,-352,-1365,72.309675,77.97742275692356,66.64192804968556,35.5,-0.26041666666666663,-12.5,-0.17441860465116277,-7.5,-28,0.09477298574053017,0.6238905325443787,1.3989,687500,-0.0007267441860464574,0.16723259762308995,1.977,0,2,92102
202103,92102,"san diego, ca",2035,4919,-2643,-4295,57.001288,61.62459521672974,52.377979790097925,43,0.21126760563380276,7.5,0.4576271186440677,13.5,-5,-0.1711851824917321,0.5289322226655886,1.0867,692500,0.0072727272727273196,0.14085667215815478,1.9417,1,2,92102
202104,92102,"san diego, ca",2035,5427,-508,-4900,52.887124,42.07841763033913,63.69582992641046,53,0.2325581395348837,10,0.65625,21,13,0.25040775140736216,0.880679799818723,1.3618,665000,-0.03971119133574008,0.04395604395604402,1.787,1,2,92102
202105,92102,"san diego, ca",2035,3263,2164,-2620,62.40799,73.06011347952767,51.755865664775335,25,-0.5283018867924528,-28,-0.375,-15,-12,-0.23669854309736216,0.24115259740259742,1.1138,649000,-0.024060150375939893,0.040064102564102644,1.7083,0,2,92102
202106,92102,"san diego, ca",2035,1689,1574,-836,72.073843,78.0244344240182,66.12325124291826,22,-0.12,-3,-0.4054054054054054,-15,-13.5,0.10859329017068853,0.2158897035090146,1.4189,650000,0.0015408320493066618,0.00015386982612719535,1.6883,0,2,92102
202107,92102,"san diego, ca",2035,2472,-783,-1172,65.907191,67.99939191243539,63.81498935846762,29,0.3181818181818181,7,-0.13432835820895528,-4.5,-7.5,-0.1138407845219318,0.1966779969071959,1.3928,649000,-0.0015384615384614886,0.04517271922054911,1.6857,0,2,92102
202108,92102,"san diego, ca",2035,2368,104,-1277,66.123078,72.40066981275689,59.8454863753996,29,0,0,0.11538461538461542,3,-8.5,-0.14583326087636983,-0.020876760138236694,1.3155,747000,0.1510015408320493,0.2991304347826087,1.9634,0,2,92102
202109,92102,"san diego, ca",2035,1133,1235,610,75.131059,84.56921440510561,65.69290381401002,25.5,-0.12068965517241381,-3.5,0.04081632653061229,1,-16,0.048159669629074475,0.2707019848991825,1.4508,899000,0.20348058902275779,0.3830769230769231,2.3658,1,2,92102
202110,92102,"san diego, ca",2035,812,321,288,77.969493,90.56482670089859,65.3741599335498,21,-0.17647058823529416,-4.5,-0.125,-3,-22,-0.026321659602944414,0.125,1.4333,825000,-0.082313681868743,0.375,2.1711,1,2,92102
202111,92102,"san diego, ca",2035,1732,-920,695,72.536507,84.26277260357978,60.810241079299374,30,0.4285714285714286,9,-0.240506329113924,-9.5,-16.5,-0.1407308777388141,0.14586717136487493,1.3039,849950,0.030242424242424182,0.4237018425460637,2.24,1,2,92102
202112,92102,"san diego, ca",2035,2362,-630,-496,69.788607,77.76704281960117,61.810171587571496,40,0.33333333333333326,10,-0.11111111111111116,-5,-13.5,-0.08663952772791494,-0.1255264837268666,1.2904,929500,0.09359374080828275,0.3739837398373984,2.4787,1,2,92102
202201,92102,"san diego, ca",2035,1629,733,295,75.698216,75.07757951900699,76.31885182311869,44,0.10000000000000009,4,-0.08333333333333337,-4,-17,0.9046924031234036,0.10865191146881292,1.6865,695000,-0.2522861753630984,0.01017441860465107,1.8533,0,2,92102
202009,92106,"san diego, ca",5660,3751,-365,-1533,61.871698,77.10943396226415,46.63396226415094,34,0,0,-0.2359550561797753,-10.5,-17,-0.03258417520211854,0.7271350357714144,1.0242,1294000,-0.06906474820143882,0.07878282617757404,3.6971,0,6,92106
202010,92106,"san diego, ca",5660,3550,201,-1873,62.870374,79.85015624411731,45.8905914686947,31,-0.08823529411764708,-3,-0.2705882352941177,-11.5,-20,-0.052074877695681976,0.5398563738763897,1.0125,1250000,-0.03400309119010814,0.0008006405124099114,3.5714,0,6,92106
202011,92106,"san diego, ca",5660,2881,669,-1445,67.337633,88.64763794550866,46.02762726093261,28.5,-0.08064516129032262,-2.5,-0.33720930232558144,-14.5,-28,-0.03336973739878202,0.5154441511473733,1.0261,1342500,0.07400000000000007,0.11968306922435357,3.844,0,6,92106
202012,92106,"san diego, ca",5660,2215,666,-997,72.181302,87.42471323896113,56.93789081981049,36,0.26315789473684204,7.5,-0.2727272727272727,-13.5,-28,0.2531287688060424,0.7584823041824793,1.2009,1492450,0.11169459962756045,0.24370833333333342,4.3766,0,6,92106
202101,92106,"san diego, ca",5660,2753,-538,-1979,68.270631,81.30794575128343,55.233315454754425,44,0.22222222222222232,8,0.08641975308641969,3.5,-27,0.4908117317755871,0.651551589256222,1.165,1533030,0.027190190626151578,0.2028481757551981,4.5102,0,6,92106
202102,92106,"san diego, ca",5660,4779,-2026,-3919,57.948908,59.59142221006992,56.30639428147338,57.5,0.3068181818181819,13.5,1.1296296296296298,30.5,-6,0.17603885490122817,0.7995709254851882,1.1577,1695000,0.10565350971605247,0.3038461538461539,4.8742,1,6,92106
202103,92106,"san diego, ca",5660,4395,384,-2774,59.972299,69.64613163747025,50.298466700479885,36.5,-0.3652173913043478,-21,0.19672131147540983,6,-11.5,-0.0334347136357912,1.2174106216646705,1.0488,1614015,-0.047778761061946895,0.39741558441558444,4.5255,1,6,92106
202104,92106,"san diego, ca",5660,4335,60,-2687,58.614648,68.80037378810887,48.42892185492349,31,-0.15068493150684936,-5.5,-0.08823529411764708,-3,-9,-0.015480112836825155,1.105371321515611,1.0349,1524500,-0.05546107068397754,0.27306889352818375,4.0966,0,6,92106
202105,92106,"san diego, ca",5660,4630,-295,-2531,55.388361,62.81628584572918,47.96043551602515,31,0,0,-0.32608695652173914,-15,-6,-0.056994205983209145,0.7034298623947424,1.0456,1599000,0.04886848146933431,0.2791999999999999,4.209,0,6,92106
202106,92106,"san diego, ca",5660,2188,2442,18,68.780591,76.27471383975026,61.28646857054766,23,-0.25806451612903225,-8,-0.2698412698412699,-8.5,-12.5,0.09328668998833933,0.9523189778380527,1.3137,1672497.5,0.04596466541588495,0.31692716535433063,4.3441,1,6,92106
202107,92106,"san diego, ca",5660,3154,-966,-6,62.030632,66.90483429613865,57.15643052599574,29.5,0.28260869565217384,6.5,-0.16901408450704225,-6,-7,-0.14040009206091786,0.685292553880857,1.2509,1590000,-0.04932593322262069,0.14183123877917425,4.1299,0,6,92106
202108,92106,"san diego, ca",5660,3182,-28,204,61.757878,67.34282234738926,56.17293347541483,31.5,0.06779661016949157,2,-0.07352941176470584,-2.5,-6,-0.10319217525431312,0.4729487592652273,1.2404,1592499.5,0.0015720125786162775,0.14568309352517983,4.1857,0,6,92106
202109,92106,"san diego, ca",5660,982,2200,2769,76.388467,81.71630451299194,71.06062908372589,27.5,-0.12698412698412698,-4,-0.19117647058823528,-6.5,-14,0.22062554866193795,0.8584757881179701,1.5931,1756500,0.10298307785967897,0.3574188562596601,4.6224,1,6,92106
202110,92106,"san diego, ca",5660,851,131,2699,77.620252,83.05519897304237,72.18530544438572,28,0.018181818181818077,0.5,-0.09677419354838712,-3,-15,0.00275417521242316,0.9659721134262886,1.6208,1790000,0.01907201821804727,0.43199999999999994,4.7105,1,6,92106
202111,92106,"san diego, ca",5660,853,-2,2028,79.590663,79.33003717757082,79.85128971676056,33.5,0.1964285714285714,5.5,0.17543859649122817,5,-13,0.0908612775723574,1.2186382263189932,1.8719,1672500,-0.06564245810055869,0.24581005586592175,4.4077,0,6,92106
202112,92106,"san diego, ca",5660,411,442,1804,85.585098,89.93662080692533,81.23357551398979,30,-0.10447761194029848,-3.5,-0.16666666666666663,-6,-23.5,-0.06362773029439694,0.6578274821775139,1.8992,1575000,-0.058295964125560484,0.05531173573654069,4.2,0,6,92106
202009,92126,"san diego, ca",246,1435,-400,-797,77.939623,94.47169811320755,61.407547169811316,15.5,-0.35416666666666663,-8.5,-0.47457627118644063,-14,-35.5,-0.21575780271432443,0.7592051579386172,1.3182,417250,-0.018235294117647016,-0.31587145433677655,1.1921,1,23,92126
202010,92126,"san diego, ca",246,826,609,-385,81.619668,92.85794962539062,70.38138624298784,18,0.16129032258064524,2.5,-0.16279069767441856,-3.5,-33,0.12471437346189451,1.0002498791702696,1.5461,629000,0.5074895146794487,0.05360134003350092,1.7971,0,23,92126
202011,92126,"san diego, ca",246,1726,-900,-1594,74.902694,86.99152865755934,62.81385942150652,30.5,0.6944444444444444,12.5,0.08928571428571419,2.5,-26,-0.1678186520264533,0.25460380410044836,1.349,432500,-0.31240063593004774,-0.21220400728597455,1.2384,1,23,92126
202012,92126,"san diego, ca",246,277,1449,-233,89.195151,95.41182337821768,82.9784785360801,21.5,-0.29508196721311475,-9,-0.29508196721311475,-9,-42.5,0.6003917508464618,0.6247145048576783,2.0163,664500,0.5364161849710982,0.6310751104565537,1.9486,1,23,92126
202101,92126,"san diego, ca",246,346,-69,-288,88.240365,96.82016703700866,79.66056240901081,13,-0.39534883720930236,-8.5,-0.2571428571428571,-4.5,-58,0.4263234090766035,0.5459134943375634,1.8715,708888,0.06679909706546283,0.06200449438202238,2.0856,0,23,92126
202102,92126,"san diego, ca",246,375,-29,-232,88.019999,95.72282332721377,80.31717511034725,11.5,-0.11538461538461542,-1.5,0.2777777777777777,2.5,-52,0.2057166134836037,1.1222404073467902,1.9066,674000,-0.049215108733678625,0.12520868113522532,1.9382,1,23,92126
202103,92126,"san diego, ca",246,2482,-2107,-2135,70.592252,80.14513674846864,61.039366392259375,27.5,1.391304347826087,16,2.0555555555555554,18.5,-20.5,-0.28643024415126717,1.0403792286145226,1.2752,699000,0.0370919881305638,0.07538461538461538,1.9599,1,23,92126
202104,92126,"san diego, ca",246,1747,735,-1299,73.186544,85.57411517346104,60.79897208270062,18.5,-0.32727272727272727,-9,-0.1777777777777778,-4,-21.5,0.008455305158369786,0.9536591170251105,1.2888,729000,0.0429184549356223,0.10622154779969661,1.959,0,23,92126
202105,92126,"san diego, ca",246,1909,-162,-1801,70.711931,81.86627817819353,59.55758319276184,20,0.08108108108108114,1.5,0.11111111111111116,2,-17,-0.07680708172184136,0.1344684881302889,1.2749,779888,0.06980521262002748,0.30198330550918207,2.0529,1,23,92126
202106,92126,"san diego, ca",246,3385,-1476,-3124,61.721972,82.83423902570625,40.609704397425524,19,-0.050000000000000044,-1,0.46153846153846145,6,-16.5,-0.364226298504883,-0.20372228034811135,0.9314,779997.5,0.00014040477607046853,0.6099019607843137,2.026,1,23,92126
202107,92126,"san diego, ca",246,3105,280,-2275,62.323275,83.77926421404682,40.86728488902402,20.5,0.07894736842105265,1.5,-0.0888888888888889,-2,-16,-0.06645707326482109,-0.16227235272962115,0.9632,799500,0.025003285266939956,0.33261105092091015,2.0766,1,23,92126
202108,92126,"san diego, ca",246,3063,42,-2028,62.309712,86.34495356979754,38.27447100015223,21,0.024390243902439046,0.5,-0.125,-3,-16.5,-0.12193578645090963,-0.30056288819875776,0.9352,849000,0.06191369606003749,0.9976470588235293,2.2315,1,23,92126
202109,92126,"san diego, ca",246,2796,267,-1361,63.709923,81.71630451299194,45.703540495365445,27.5,0.30952380952380953,6.5,0.7741935483870968,12,-14,0.07267454309681765,-0.043320562291733755,1.0555,825000,-0.028268551236749095,0.9772318753744758,2.1711,1,23,92126
202110,92126,"san diego, ca",246,1202,1594,-376,74.475194,89.40949935815148,59.54088952654233,22,-0.19999999999999996,-5.5,0.22222222222222232,4,-21,0.21472696503996813,0.03324393935370806,1.3008,849000,0.029090909090909056,0.34976152623211454,2.2342,1,23,92126
202111,92126,"san diego, ca",246,1173,29,553,76.633705,91.25368901153654,62.01372120654632,22.5,0.022727272727272707,0.5,-0.2622950819672131,-8,-24,-0.03402140672782872,0.1993678174527156,1.3304,820000,-0.0341578327444052,0.8959537572254335,2.161,1,23,92126
201906,92102,"san diego, ca",2035,335,13,-59,89.194032,94.40868865647627,83.97937541139471,22,-0.04347826086956519,-1,-0.12,-3,-35,-0.16816222348270005,-0.18999242806663308,2.0067,529000,-0.0018867924528301883,0.17817371937639193,1.6282,0,2,92102
201907,92102,"san diego, ca",2035,1068,-733,-819,80.92791,81.37229801397169,80.48352291430453,39.5,0.7954545454545454,17.5,0.462962962962963,12.5,-20,-0.035092494581380085,-0.14348257380310914,1.8382,559500,0.05765595463137996,0.15958549222797935,1.7387,1,2,92102
201908,92102,"san diego, ca",2035,410,658,96,86.791559,92.05816962495899,81.52494806283485,31,-0.21518987341772156,-8.5,-0.06060606060606055,-2,-33,0.12401683625632387,0.140291387594075,2.0376,569285.7142857143,0.017490105961955882,0.03506493506493502,1.7916,0,2,92102
201909,92102,"san diego, ca",2035,134,276,59,92.152745,94.49943387267614,89.80605573614814,29.5,-0.048387096774193505,-1.5,0.28260869565217384,6.5,-36.5,0.1731354481794405,0.46517102138661093,2.4413,554229.7142857143,-0.026447176913425352,0.18172646969235462,1.76,1,2,92102
201910,92102,"san diego, ca",2035,56,78,74,94.518266,92.54703858261952,96.48949410644995,32,0.0847457627118644,2.5,0.23076923076923084,6,-34,0.3344189734579579,0.8139475743348983,3.4089,597000,0.07717068322366583,0.31353135313531344,1.9045,1,2,92102
201911,92102,"san diego, ca",2035,51,5,129,94.798356,95.76896260687681,93.8277494403875,28,-0.125,-4,-0.2222222222222222,-8,-41,-0.19571568764895542,0.44899072558647024,2.7714,595000,-0.00335008375209378,0.30625686059275514,1.92,1,2,92102
201912,92102,"san diego, ca",2035,96,-45,36,94.223285,97.75751510434041,90.68905444975722,27,-0.0357142857142857,-1,-0.4130434782608695,-19,-52,-0.0975011155734048,-0.002381256112599428,2.453,504450,-0.1521848739495798,0.12349665924276176,1.6818,0,2,92102
