san_diego_ca_city_2.csv
month_date_yyyymm,postal_code,zip_name,nielsen_hh_rank,hotness_rank,hotness_rank_mm,hotness_rank_yy,hotness_score,supply_score,demand_score,median_days_on_market,median_days_on_market_mm,median_dom_mm_day,median_days_on_market_yy,median_dom_yy_day,median_dom_vs_us,ldp_unique_viewers_per_property_mm,ldp_unique_viewers_per_property_yy,ldp_unique_viewers_per_property_vs_us,median_listing_price,median_listing_price_mm,median_listing_price_yy,median_listing_price_vs_us,quality_flag,id,zip_code
202001,92102,"san diego, ca",2035,272,-176,93,91.5241,95.61886343350193,87.42933650699196,35,0.2962962962962963,8,-0.35185185185185186,-19,-50,0.34445495982694707,0.16752152857012015,2.2453,602000,0.19337892754485075,0.3412053024395678,2.0073,1,2,92102
202002,92102,"san diego, ca",2035,911,-639,-526,84.390614,80.91343128909287,87.86779673563048,43,0.22857142857142865,8,0.16216216216216206,6,-36,0.09440760904698586,0.4162093345916438,2.3365,589000,-0.021594684385382035,0.372960372960373,1.9006,1,2,92102
202003,92102,"san diego, ca",2035,624,287,3,87.480936,87.96265297771826,86.99921883718335,29.5,-0.313953488372093,-13.5,-0.18055555555555558,-6.5,-29,-0.11970948389217617,0.3344631979621031,2.314,607000,0.03056027164685915,0.36015877588911294,1.8969,1,2,92102
202004,92102,"san diego, ca",2035,527,97,7,87.239457,89.95247539572652,84.52643789993638,32,0.0847457627118644,2.5,0.18518518518518512,5,-30,0.01654130744734661,0.3278659110033164,2.1072,637000,0.0494233937397035,0.39457058860324,1.9843,1,2,92102
202005,92102,"san diego, ca",2035,643,-116,-295,84.658817,86.46781323130641,82.84981984324506,40,0.25,8,0.7391304347826086,17,-31,0.15660687829455133,0.5611907312871576,1.9802,624000,-0.020408163265306145,0.1773584905660377,1.8909,1,2,92102
202006,92102,"san diego, ca",2035,853,-210,-518,82.827286,81.93130169137918,83.72326950301766,37,-0.07499999999999996,-3,0.6818181818181819,15,-31.5,0.13162685528756968,1.1238340066103563,2.0763,649900,0.04150641025641022,0.22854442344045367,1.8978,1,2,92102
202007,92102,"san diego, ca",2035,1300,-447,-232,78.603444,82.58693459828932,74.61995293766107,33.5,-0.09459459459459463,-3.5,-0.15189873417721522,-6,-24,-0.09961420820460798,0.981816861144859,1.6929,620950,-0.04454531466379441,0.10983020554066125,1.7792,0,2,92102
202008,92102,"san diego, ca",2035,1091,209,-681,80.317206,87.65096168182495,72.98345012673326,26,-0.22388059701492535,-7.5,-0.16129032258064513,-5,-27,0.0439569819050869,0.8406588605382732,1.6433,575000,-0.07399951686931316,0.010037641154328591,1.6429,0,2,92102
201905,92106,"san diego, ca",5660,2065,-671,-637,74.029796,78.72723928637116,69.33235240022071,37.5,0.08695652173913038,3,0.20967741935483875,6.5,-18,-0.16221839672759764,-0.04863759349549379,1.4881,1432000,0.06985431453119162,-0.04214046822742479,4.4136,1,6,92106
201906,92106,"san diego, ca",5660,2055,10,-644,73.433043,79.34615665910918,67.51992978863454,38,0.01333333333333342,0.5,0.1875,6,-19,-0.13219746678629196,-0.07498558413101153,1.4146,1430000,-0.0013966480446927498,-0.026548672566371723,4.4014,0,6,92106
201907,92106,"san diego, ca",5660,2448,-393,-1213,70.375992,76.85161479097327,63.90036940858052,43,0.13157894736842102,5,0.32307692307692304,10.5,-16.5,0.003858355805973046,-0.058976614821295126,1.3481,1399000,-0.021678321678321733,-0.02440725244072528,4.3475,1,6,92106
201908,92106,"san diego, ca",5660,2605,-157,-791,68.015818,75.5148157597405,60.51682035207931,48,0.11627906976744184,5,0.26315789473684204,10,-16,0.0018036685271767272,0.09657914091991349,1.3318,1302285.7142857143,-0.0691310119473093,0.011877011877011956,4.0984,1,6,92106
201909,92106,"san diego, ca",5660,2218,387,-565,72.135578,81.4821578582125,62.78899886774535,44.5,-0.07291666666666663,-3.5,-0.011111111111111072,-0.5,-21.5,-0.011352194443800201,0.049400286685226114,1.3448,1199500,-0.07892716103554198,-0.07659738260200155,3.8091,0,6,92106
201910,92106,"san diego, ca",5660,1677,541,-836,76.193352,83.03316494618933,69.35353979061425,42.5,-0.0449438202247191,-2,0.011904761904761862,0.5,-23.5,0.0632125942358277,-0.03201043860054753,1.4961,1249000,0.04126719466444362,-0.010497128144187018,3.9844,0,6,92106
201911,92106,"san diego, ca",5660,1436,241,-13,78.244835,86.36013357307989,70.12953653076951,43,0.0117647058823529,0.5,-0.08510638297872342,-4,-26,-0.017798333299619107,0.14779771549900622,1.4854,1199000,-0.04003202562049635,-0.008845168223526545,3.869,0,6,92106
201912,92106,"san diego, ca",5660,1218,218,-261,80.70351,87.91282108306461,73.49419919196411,49.5,0.15116279069767447,6.5,-0.06603773584905659,-3.5,-29.5,0.07993504330684464,0.08047717937276166,1.5733,1200000,0.0008340283569641116,-0.04761904761904767,4.0007,0,6,92106
202001,92106,"san diego, ca",5660,774,444,46,85.439601,94.13121094912229,76.74799166914609,40.5,-0.18181818181818177,-9,0.03846153846153855,1.5,-44.5,0.5873352465941628,0.4353626507602819,1.7002,1274500,0.06208333333333327,0.06296914095079242,4.2497,0,6,92106
202002,92106,"san diego, ca",5660,860,-86,82,84.945779,92.5200784633036,77.37147932936081,27,-0.33333333333333337,-13.5,-0.16923076923076918,-5.5,-52,0.07930663489438428,0.5013503144090006,1.7449,1300000,0.020007846214201708,0.09060402684563762,4.1949,0,6,92106
202003,92106,"san diego, ca",5660,1621,-761,-554,78.862106,87.1256928170219,70.5985195104713,30.5,0.12962962962962954,3.5,-0.1527777777777778,-5.5,-28,-0.21557028277492507,0.07445700415972412,1.5398,1155000,-0.11153846153846159,-0.08187599364069953,3.6094,0,6,92106
202004,92106,"san diego, ca",5660,1648,-27,-254,77.478202,88.24608015567115,66.7103244396213,34,0.11475409836065564,3.5,-0.01449275362318836,-0.5,-28,0.036912031966015224,0.13599460158259968,1.4303,1197500,0.03679653679653683,-0.10534180052297348,3.7303,1,6,92106
202005,92106,"san diego, ca",5660,2099,-451,-34,72.566027,80.7473719401211,64.38468110397088,46,0.3529411764705883,12,0.22666666666666657,8.5,-25,0.1655175235421169,0.5803899364966878,1.3545,1250000,0.04384133611691032,-0.12709497206703912,3.7879,1,6,92106
202006,92106,"san diego, ca",5660,2206,-107,-151,71.591163,86.92347813128679,56.25884807391402,31.5,-0.3152173913043478,-14.5,-0.17105263157894735,-6.5,-37,-0.04608969280873165,0.7372042510900232,1.1972,1270000,0.016000000000000014,-0.11188811188811187,3.7086,1,6,92106
202007,92106,"san diego, ca",5660,3148,-942,-700,65.11224,80.20393680200202,50.02054308445075,35.5,0.12698412698412698,4,-0.17441860465116277,-7.5,-22,-0.004200659551507391,0.723257905315599,1.0796,1392500,0.09645669291338588,-0.00464617583988558,3.99,0,6,92106
202008,92106,"san diego, ca",5660,3386,-238,-781,63.32563,79.70404055464441,46.947219323095275,34,-0.04225352112676062,-1.5,-0.29166666666666663,-14,-19,0.026093772644162128,0.7650406570219015,1.03,1390000,-0.0017953321364452268,0.06735410267661246,3.9714,0,6,92106
201906,92126,"san diego, ca",246,923,-603,-799,82.68851,96.16762963504716,69.20939077013092,18,0.05882352941176472,1,0.2857142857142858,4,-39,-0.3485102416965148,-0.3884612668596851,1.4588,539000,-0.08177172061328786,-0.13759999999999994,1.659,1,23,92126
201907,92126,"san diego, ca",246,1157,-234,-747,80.057423,92.53502066493544,67.57982517098863,28.5,0.5833333333333333,10.5,0.3571428571428572,7.5,-31,0.03599865380262468,-0.1537004625035273,1.4347,621000,0.15213358070500926,0.009756097560975618,1.9298,1,23,92126
201908,92126,"san diego, ca",246,763,394,-287,82.676677,95.52064730108977,69.83270765754274,25,-0.1228070175438597,-3.5,0.4285714285714286,7.5,-39,0.11055768486395401,0.0680809665371942,1.5712,615671.4285714285,-0.008580630319760862,0.005259904598626131,1.9376,1,23,92126
201909,92126,"san diego, ca",246,638,125,128,85.235034,94.49943387267614,75.97063442784616,29.5,0.17999999999999994,4.5,0.6388888888888888,11.5,-36.5,0.058909202855201404,0.39745407588076365,1.6993,609900,-0.0093742023806761,0.018196994991652726,1.9368,1,23,92126
201910,92126,"san diego, ca",246,441,197,1127,87.46614,96.94706786734022,77.98521121604803,21.5,-0.27118644067796616,-8,-0.08510638297872342,-2,-44.5,-0.010821923997507699,0.7277359854785319,1.7589,597000,-0.021151008362026547,-0.0033388981636059967,1.9045,0,23,92126
201911,92126,"san diego, ca",246,132,309,748,92.871821,95.76896260687681,89.97467982826318,28,0.30232558139534893,6.5,-0.03448275862068961,-1,-41,0.32676996139457515,0.9625782220027723,2.3589,549000,-0.08040201005025127,-0.08423610028031714,1.7715,0,23,92126
201912,92126,"san diego, ca",246,44,88,791,95.53171,97.14963490121946,93.91378479558175,30.5,0.08928571428571419,2.5,0.016666666666666607,0.5,-48.5,0.23582178447950275,1.377361390565616,2.859,407400,-0.25792349726775954,-0.3254966887417219,1.3582,1,23,92126
202002,92126,"san diego, ca",246,143,-85,840,93.776602,98.47144601946778,89.08175728191273,9,-0.48571428571428577,-8.5,-0.6896551724137931,-20,-70,-0.12171421452597475,1.1969447307518473,2.4368,599000,-0.102621722846442,0.015254237288135686,1.9329,1,23,92126
202003,92126,"san diego, ca",246,347,-204,161,90.598148,98.42651489789085,82.76978015846446,9,0,0,-0.3571428571428571,-5,-49.5,-0.2578014184397164,0.4098677025934294,2.0347,650000,0.08514190317195336,0.11801852716416428,2.0313,0,23,92126
202004,92126,"san diego, ca",246,448,-101,242,88.124462,95.45335478801033,80.79556935972757,22.5,1.5,13.5,0.21621621621621623,4,-39.5,0.05321918225144029,0.4987288769742686,1.9197,659000,0.013846153846153841,0.16750819381699,2.0528,1,23,92126
202005,92126,"san diego, ca",246,108,340,212,92.992459,96.28914230526355,89.69577653133241,18,-0.19999999999999996,-4.5,0.05882352941176472,1,-53,0.589823146643458,1.106328077001843,2.4797,599000,-0.09104704097116845,0.020442930153321992,1.8152,0,23,92126
202006,92126,"san diego, ca",246,261,-153,662,90.321139,96.82214440056627,83.82013262797109,13,-0.2777777777777778,-5,-0.2777777777777778,-5,-55.5,-0.09420392894644736,1.928524465935335,2.0811,484500,-0.1911519198664441,-0.10111317254174401,1.4148,1,23,92126
202007,92126,"san diego, ca",246,830,-569,327,83.291002,92.48496619728832,74.09703806073283,22.5,0.7307692307692308,9.5,-0.21052631578947367,-6,-35,-0.1126478452514088,1.5083357835875817,1.6723,599950,0.23828689370485034,-0.03389694041867952,1.7191,0,23,92126
202008,92126,"san diego, ca",246,1035,-205,-272,80.816684,88.93693156403756,72.69643655881914,24,0.06666666666666665,1.5,-0.040000000000000036,-1,-29,0.051672345315618706,1.3753357545653264,1.6353,425000,-0.2916076339694974,-0.3096967306309023,1.2143,1,23,92126
201712,92102,"san diego, ca",2035,237,,,94.00707,94.95894244577825,93.0551975549582,37,,,,,-48,,,2.8678,399900,,,1.4751,1,2,92102
201801,92102,"san diego, ca",2035,253,,,94.220027,95.08378648318721,93.35626826471349,34,,,,,-56,,,3.0246,407000,,,1.4987,1,2,92102
201802,92102,"san diego, ca",2035,415,,,91.70925,89.90964970747241,93.5088498852107,33.5,,,,,-51,,,3.0337,409900,,,1.4784,1,2,92102
201803,92102,"san diego, ca",2035,547,,,90.397924,89.67459324155193,91.1212545093131,29,,,,,-36,,,2.6855,519000,,,1.7958,0,2,92102
201804,92102,"san diego, ca",2035,632,,,88.785857,86.45748838581225,91.11422461470393,31,,,,,-28.5,,,2.6877,507000,,,1.7015,0,2,92102
201805,92102,"san diego, ca",2035,353,,,91.605678,90.75061601265124,92.46074068625649,24,,,,,-33,,,2.7712,459500,,,1.5322,1,2,92102
201806,92102,"san diego, ca",2035,276,,,91.711357,90.89781474590492,92.52489876327023,25,,,,,-32,,,2.6972,449000,,,1.4967,1,2,92102
201807,92102,"san diego, ca",2035,249,,,91.543526,92.42136064374543,90.66569129480615,27,,,,,-32.5,,,2.4357,482500,,,1.6089,0,2,92102
201808,92102,"san diego, ca",2035,506,-257,-480,87.572075,88.70155463104882,86.44259543099044,33,0.22222222222222232,6,0.5714285714285714,12,-29,-0.1557070253564362,-0.32920514835128045,2.1011,550000,0.13989637305699487,0.23042505592841156,1.8379,1,2,92102
201809,92102,"san diego, ca",2035,193,313,174,91.07539,96.35960286576719,85.79117721933301,23,-0.303030303030303,-10,-0.42500000000000004,-17,-42,-0.0869896902722378,-0.2990686051794639,2.0544,469000,-0.14727272727272722,0.1166666666666667,1.5686,0,2,92102
201810,92102,"san diego, ca",2035,130,63,-115,92.370159,96.03270192342787,88.70761706631629,26,0.13043478260869557,3,0.20930232558139528,4.5,-42.5,0.07784372490254832,-0.3825140808742433,2.2451,454500,-0.030916844349680117,0.08343265792610244,1.5201,1,2,92102
201811,92102,"san diego, ca",2035,180,-50,-95,91.234848,92.85531182480683,89.61438459003186,36,0.3846153846153846,10,0.24137931034482762,7,-35.5,0.00685915492957756,-0.28716666666666657,2.331,455500,0.002200220022002153,0.1316770186335403,1.5272,1,2,92102
201812,92102,"san diego, ca",2035,132,48,105,92.906137,91.26655173678611,94.54572130726626,46,0.2777777777777777,10,0.2432432432432432,9,-35,0.3108339447297628,0.15517241379310343,3.0172,449000,-0.014270032930845278,0.12278069517379353,1.5377,1,2,92102
201901,92102,"san diego, ca",2035,365,-233,-112,89.418926,87.80298837852794,91.03486441615938,54,0.17391304347826098,8,0.588235294117647,20,-33,0.1488040566398774,-0.09678402810656794,2.5527,448850,-0.00033407572383070683,0.10282555282555284,1.5478,1,2,92102
201902,92102,"san diego, ca",2035,385,-20,30,88.984681,90.33893287944942,87.63042995633835,37,-0.31481481481481477,-17,0.10447761194029859,3.5,-46,-0.09777148520085266,-0.2191760032685769,2.2576,429000,-0.0442241283279492,0.04659673090997796,1.4372,0,2,92102
201903,92102,"san diego, ca",2035,627,-242,-80,84.107543,87.66412887564825,80.5509581080584,36,-0.027027027027026973,-1,0.24137931034482762,7,-29,-0.06578491788441243,-0.18934207829473249,2.0606,446271.4285714286,0.04025974025974022,-0.14013212221304705,1.4543,1,2,92102
201904,92102,"san diego, ca",2035,534,93,98,87.394509,90.46618758061544,84.32283029297955,27,-0.25,-9,-0.12903225806451613,-4,-31.5,0.02159182847896446,-0.14316354320555058,2.1422,456771.4285714286,0.023528281955248254,-0.09907016060862217,1.4383,0,2,92102
201905,92102,"san diego, ca",2035,348,186,5,89.564098,93.01820857090307,86.1099871252529,23,-0.14814814814814814,-4,-0.04166666666666663,-1,-32.5,-0.0162516242630667,-0.10278662720696041,2.2023,530000,0.16031775817852,0.15342763873775844,1.6335,0,2,92102
201711,92106,"san diego, ca",5660,1354,,,82.599677,80.31426683310082,84.88508701079375,53,,,,,-24.5,,,2.0395,1537000,,,5.5891,1,6,92106
201712,92106,"san diego, ca",5660,1273,,,83.011747,75.68582685863682,90.33766616342011,65,,,,,-20,,,2.5171,1699000,,,6.267,1,6,92106
201801,92106,"san diego, ca",5660,237,,,94.521511,96.33780934413495,92.70521214811527,28,,,,,-62,,,2.8989,1687000,,,6.2119,0,6,92106
201802,92106,"san diego, ca",5660,729,,,88.58587,92.18321854402726,84.988521069392,29,,,,,-55.5,,,2.1374,1497500,,,5.4013,0,6,92106
201803,92106,"san diego, ca",5660,978,,,86.179415,89.67459324155193,82.68423765000368,29,,,,,-36,,,1.9884,1495000,,,5.173,0,6,92106
201804,92106,"san diego, ca",5660,1267,,,83.137306,90.21827298871766,76.05633802816901,26.5,,,,,-33,,,1.6911,1545000,,,5.1849,0,6,92106
201805,92106,"san diego, ca",5660,1428,,,81.374352,84.25949762789158,78.4892059872752,31,,,,,-26,,,1.766,1495000,,,4.985,0,6,92106
201806,92106,"san diego, ca",5660,1411,,,80.453103,84.45514574440918,76.45105979351355,32,,,,,-25,,,1.6649,1469000,,,4.8967,0,6,92106
201807,92106,"san diego, ca",5660,1235,,,81.360644,87.55303584491587,75.16825164594,32.5,,,,,-27,,,1.6259,1434000,,,4.7816,0,6,92106
201808,92106,"san diego, ca",5660,1814,-579,-212,76.061966,83.76395883512153,68.35997372454565,38,0.1692307692307693,5.5,-0.28301886792452835,-15,-24,-0.1403076674875956,-0.2547541598426797,1.4281,1287000,-0.10251046025104604,-0.16156351791530943,4.3008,1,6,92106
201809,92106,"san diego, ca",5660,1653,161,-708,77.022948,79.6777830308761,74.36811288504201,45,0.18421052631578938,7,-0.021739130434782594,-1,-20,0.03309535459881818,-0.2143972332912759,1.58,1299000,0.00932400932400923,-0.18044164037854893,4.3445,1,6,92106
201810,92106,"san diego, ca",5660,841,812,-54,83.167269,85.15274280083214,81.1817949560203,42,-0.06666666666666665,-3,0.050000000000000044,2,-26.5,0.15263185233667897,-0.001084435925168159,1.8465,1262250,-0.02829099307159355,-0.19190140845070425,4.2216,1,6,92106
201811,92106,"san diego, ca",5660,1423,-582,-69,78.688615,83.8209982788296,73.55623100303951,47,0.11904761904761907,5,-0.1132075471698113,-6,-24.5,-0.1716650523722566,-0.1490597163865347,1.5772,1209700,-0.04163200633788866,-0.21294729993493822,4.056,1,6,92106
201812,92106,"san diego, ca",5660,957,466,316,82.342369,85.52983897590141,79.15489858049371,53,0.12765957446808507,6,-0.18461538461538463,-12,-28,0.14722180094030124,-0.22063426445402468,1.7867,1260000,0.04158055716293285,-0.2583872866391995,4.3151,1,6,92106
201901,92106,"san diego, ca",5660,820,137,-583,84.002951,94.80907581627007,73.19682715366169,39,-0.26415094339622647,-14,0.3928571428571428,11,-48,0.19487539197887438,-0.4195503631610208,1.5722,1199000,-0.04841269841269846,-0.2892708950800237,4.1345,1,6,92106
201902,92106,"san diego, ca",5660,942,-122,-213,83.190261,92.98083327166432,73.39968918818916,32.5,-0.16666666666666663,-6.5,0.1206896551724137,3.5,-50.5,0.031868723493089,-0.2193244056263226,1.5903,1192000,-0.005838198498749003,-0.2040066777963272,3.9933,1,6,92106
201903,92106,"san diego, ca",5660,1067,-125,-89,80.1519,87.66412887564825,72.63967045496341,36,0.10769230769230775,3.5,0.24137931034482762,7,-29,0.09609207071868764,-0.09514238375905548,1.703,1258000,0.05536912751677847,-0.15852842809364553,4.0995,1,6,92106
201904,92106,"san diego, ca",5660,1394,-327,-127,79.187396,83.40519624101714,74.96959646213378,34.5,-0.04166666666666663,-1.5,0.3018867924528301,8,-24,-0.019258195513204845,0.08045669985554205,1.6997,1338500,0.06399046104928452,-0.1336569579288026,4.2147,1,6,92106
201711,92126,"san diego, ca",246,37,,,97.376826,97.70174021587488,97.05191276892576,21.5,,,,,-56,,,3.764,570000,,,2.0727,0,23,92126
201712,92126,"san diego, ca",246,27,,,97.83113,97.76116655006076,97.90109364068196,26,,,,,-59,,,4.5407,539000,,,1.9882,0,23,92126
