san_diego_ca_city_2.csv
month_date_yyyymm,postal_code,zip_name,nielsen_hh_rank,hotness_rank,hotness_rank_mm,hotness_rank_yy,hotness_score,supply_score,demand_score,median_days_on_market,median_days_on_market_mm,median_dom_mm_day,median_days_on_market_yy,median_dom_yy_day,median_dom_vs_us,ldp_unique_viewers_per_property_mm,ldp_unique_viewers_per_property_yy,ldp_unique_viewers_per_property_vs_us,median_listing_price,median_listing_price_mm,median_listing_price_yy,median_listing_price_vs_us,quality_flag,id,zip_code
201801,92126,"san diego, ca",246,98,,,96.87604,96.2379314171568,97.51414937298857,28.5,,,,,-61.5,,,4.4891,559000,,,2.0584,1,23,92126
201802,92126,"san diego, ca",246,27,,,97.909724,98.88543286677034,96.93401466340813,8,,,,,-76.5,,,3.9854,582500,,,2.101,0,23,92126
201803,92126,"san diego, ca",246,40,,,97.248399,98.73371125671795,95.76308621070456,8,,,,,-57,,,3.5647,575000,,,1.9896,0,23,92126
201804,92126,"san diego, ca",246,81,,,96.067768,96.49730845807831,95.63822726937542,15,,,,,-44.5,,,3.5754,555000,,,1.8625,1,23,92126
201805,92126,"san diego, ca",246,110,,,95.566548,98.41859438784893,92.71450112169468,9.5,,,,,-47.5,,,2.8045,584450,,,1.9488,1,23,92126
201806,92126,"san diego, ca",246,124,,,94.653606,97.57396665572216,91.73324577724271,14,,,,,-43,,,2.597,625000,,,2.0833,1,23,92126
201807,92126,"san diego, ca",246,410,,,89.416606,95.83760058522311,82.99561082662765,21,,,,,-38.5,,,1.924,615000,,,2.0507,1,23,92126
201808,92126,"san diego, ca",246,476,-66,-429,87.951609,97.5074812057514,78.39573753740603,17.5,-0.16666666666666663,-3.5,0.2068965517241379,3,-44.5,-0.12004381267963682,-0.2974210858562081,1.7298,612450,-0.004146341463414638,0.12479338842975207,2.0466,1,23,92126
201809,92126,"san diego, ca",246,766,-290,-645,84.469215,97.66519983998253,71.27322980688803,18,0.02857142857142847,0.5,0,0,-47,-0.190670531231672,-0.34309698876044314,1.4993,599000,-0.021960976406237287,0.0417391304347825,2.0033,0,23,92126
201810,92126,"san diego, ca",246,1568,-802,-1528,77.535676,96.75170626665206,58.31964670243439,23.5,0.3055555555555556,5.5,0.06818181818181812,1.5,-45,-0.19991772718751943,-0.6076429257671045,1.2162,599000,0,0.006722689075630228,2.0033,0,23,92126
201811,92126,"san diego, ca",246,880,688,-843,82.852382,96.18779067638334,69.51697366975502,29,0.23404255319148937,5.5,0.34883720930232553,7.5,-42.5,0.16800858230971016,-0.5717698748821258,1.4649,599499.5,0.0008338898163606778,0.05175350877192986,2.0101,1,23,92126
201812,92126,"san diego, ca",246,835,45,-808,83.464769,97.40674173788652,69.52279646407219,30,0.034482758620689724,1,0.15384615384615374,4,-51,0.020205396672582143,-0.6431662711154544,1.4757,604000,0.007507095502164773,0.12059369202226344,2.0685,0,23,92126
201901,92126,"san diego, ca",246,1217,-382,-1119,80.582918,95.25917727356577,65.90665928795426,37,0.2333333333333334,7,0.29824561403508776,8.5,-50,0.2724576626425217,-0.6703190648400008,1.3829,595000,-0.01490066225165565,0.06440071556350624,2.0517,1,23,92126
201902,92126,"san diego, ca",246,983,234,-956,82.792496,94.61259527862059,70.97239695108414,29,-0.21621621621621623,-8,2.625,21,-54,0.11964015603853206,-0.6004184737172118,1.5177,590000,-0.008403361344537785,0.012875536480686733,1.9765,1,23,92126
201903,92126,"san diego, ca",246,508,475,-468,85.404024,97.85575048732943,72.95229688476958,14,-0.5172413793103448,-15,0.75,6,-51,0.15654061720185086,-0.4917307302672683,1.7149,581385.7142857143,-0.014600484261501179,0.011105590062111759,1.8946,1,23,92126
201904,92126,"san diego, ca",246,690,-182,-609,85.581352,95.43394140409066,75.7287635894601,18.5,0.3214285714285714,4.5,0.2333333333333334,3.5,-40,-0.009227264769875787,-0.480112551030653,1.7291,564450,-0.029129911295672994,0.017027027027026964,1.7773,1,23,92126
201905,92126,"san diego, ca",246,320,370,-210,90.003678,96.33621482435166,83.671142173993,17,-0.08108108108108103,-1.5,0.7894736842105263,7.5,-38.5,0.1312168722301863,-0.177137385850897,2.0441,587000,0.03995039418903357,0.004363076396612264,1.8092,1,23,92126
201708,92102,"san diego, ca",2035,26,,,97.052582,96.60433971239343,97.50082330125508,21,,,,,-45.5,,,3.8051,447000,,,1.6022,0,2,92102
201709,92102,"san diego, ca",2035,367,,,91.501039,86.42646147113527,96.57561722767221,40,,,,,-31,,,3.5125,420000,,,1.5079,0,2,92102
201710,92102,"san diego, ca",2035,15,,,97.601098,97.2772186642269,97.92497712717292,21.5,,,,,-53,,,4.1074,419500,,,1.5117,0,2,92102
201711,92102,"san diego, ca",2035,85,,,96.203833,95.82201336368308,96.585652397386,29,,,,,-48.5,,,3.5982,402500,,,1.4636,0,2,92102
201708,92106,"san diego, ca",5660,1602,,,80.652421,71.6125727249442,89.69226828643565,53,,,,,-13.5,,,2.3279,1535000,,,5.5018,1,6,92106
201709,92106,"san diego, ca",5660,945,,,85.532986,81.04372561175741,90.02224572408008,46,,,,,-25,,,2.4103,1585000,,,5.6906,0,6,92106
201710,92106,"san diego, ca",5660,787,,,87.000915,88.2451967063129,85.7566331198536,40,,,,,-34.5,,,2.0882,1562000,,,5.6287,0,6,92106
201708,92126,"san diego, ca",246,47,,,96.556771,98.24362398916901,94.86991840169783,14.5,,,,,-52,,,2.9909,544500,,,1.9516,0,23,92126
201709,92126,"san diego, ca",246,121,,,95.166114,97.48368039094125,92.84854673425477,18,,,,,-53,,,2.7352,575000,,,2.0644,0,23,92126
201710,92126,"san diego, ca",246,40,,,96.916743,97.1747483989021,96.65873741994511,22,,,,,-52.5,,,3.5018,595000,,,2.1441,1,23,92126
202009,92107,"san diego, ca",2191,836,-60,126,83.179245,92.52075471698113,73.83773584905661,18.5,-0.02631578947368418,-0.5,-0.513157894736842,-19.5,-32.5,-0.03526473526473528,1.2346344764839565,1.6555,1074500,0.013679245283018782,-0.08475298126064734,3.07,0,7,92107
202010,92107,"san diego, ca",2191,1259,-423,-144,78.024171,88.69394977598735,67.35439177741802,23,0.2432432432432432,4.5,-0.352112676056338,-12.5,-28,-0.15584005057689265,1.157167996607337,1.4574,1399000,0.3020009306654259,0.2729754322111011,3.9971,0,7,92107
202011,92107,"san diego, ca",2191,2078,-819,-304,72.481493,77.16553461039457,67.79745096542776,38.5,0.673913043478261,15.5,-0.22999999999999998,-11.5,-18,-0.035386631716906924,1.0812754442846346,1.4739,1695000,0.21157969978556102,0.5423111919927206,4.8533,1,7,92107
202012,92107,"san diego, ca",2191,121,1957,962,91.844094,96.59723021444738,87.09095791613917,17.5,-0.5454545454545454,-21,-0.6846846846846847,-38,-46.5,0.6707238828502415,1.899910744261839,2.2999,1074500,-0.3660766961651918,0.20798201236649794,3.151,1,7,92107
202101,92107,"san diego, ca",2191,740,-619,-39,83.629607,92.05041759252165,75.20879626082294,28,0.6000000000000001,10.5,-0.4042553191489362,-19,-43,0.12659732442138183,1.1735158525893032,1.6861,1280000,0.1912517449976734,0.34320589667388646,3.7658,1,7,92107
202103,92107,"san diego, ca",2191,1223,-725,-545,78.980531,87.88186180796691,70.07920096757833,19,0.08571428571428563,1.5,-0.050000000000000044,-1,-29,-0.1555764778655604,1.6165226398829309,1.5153,1069500,-0.10126050420168065,-0.08901192504258948,2.9987,0,7,92107
202104,92107,"san diego, ca",2191,3036,-1813,-1721,65.38761,76.84460538099131,53.930615582291786,25.5,0.3421052631578947,6.5,-0.26086956521739135,-9,-14.5,-0.24804055904018418,1.0892171840161806,1.1419,1495000,0.3978494623655915,0.3590909090909091,4.0173,1,7,92107
202105,92107,"san diego, ca",2191,3402,-366,-2745,61.599065,72.32786382456679,50.87026529673363,26,0.019607843137254832,0.5,0.13043478260869557,3,-11,-0.10388285497455807,0.4782896917467683,1.0964,1450000,-0.030100334448160515,0.32420091324200917,3.8168,1,7,92107
202106,92107,"san diego, ca",2191,3812,-410,-2445,59.563726,61.08606004547732,58.041392068447216,31,0.1923076923076923,5,0.1071428571428572,3,-4.5,-0.014511709018435348,0.5237332352838182,1.2417,1439500,-0.007241379310344853,0.1184926184926185,3.739,0,7,92107
202107,92107,"san diego, ca",2191,1577,2235,-503,71.368577,74.19428397689268,68.54287017330496,26,-0.16129032258064513,-5,-0.0714285714285714,-2,-10.5,0.09365921108321396,0.3140040594615283,1.5043,1457500,0.012504341785342099,0.04330708661417315,3.7857,0,7,92107
202108,92107,"san diego, ca",2191,698,879,78,79.386132,83.41832851271121,75.35393514994672,23,-0.11538461538461542,-3,0.21052631578947367,4,-14.5,0.034792597677318016,0.2609376986649714,1.7212,1530000,0.0497427101200687,0.44339622641509435,4.0214,1,7,92107
202109,92107,"san diego, ca",2191,648,50,188,79.74472,80.03722838474397,79.45221091019602,28.5,0.23913043478260865,5.5,0.5405405405405406,10,-13,0.040104615572378544,0.35944768297709495,1.8836,1774950,0.16009803921568633,0.6518845974872034,4.6709,1,7,92107
202110,92107,"san diego, ca",2191,455,193,804,82.23401,87.20833647964963,77.2596843615495,24,-0.1578947368421053,-4.5,0.04347826086956519,1,-19,-0.06410720086626964,0.5071756225425952,1.7886,1599000,-0.09912955294515335,0.1429592566118656,4.2079,0,7,92107
201908,92107,"san diego, ca",2191,1656,-329,-1233,75.041003,78.11714108685351,71.96486496337063,45,0.23287671232876717,8.5,0.34328358208955234,11.5,-19,0.06241051751795257,-0.1557427914304178,1.6349,1253857.142857143,-0.031770546056260285,0.04925283921099832,3.946,1,7,92107
201909,92107,"san diego, ca",2191,962,694,-753,82.000804,88.64458161364549,75.3570254574674,38,-0.15555555555555556,-7,0.46153846153846145,12,-28,0.0061361193670903535,-0.005828521130422648,1.6801,1174000,-0.06368918764953868,0.14313534566699126,3.7282,1,7,92107
201910,92107,"san diego, ca",2191,1115,-153,-811,80.295044,89.70642067501281,70.88366644703126,35.5,-0.06578947368421051,-2.5,0.109375,3.5,-30.5,-0.1255252582948445,-0.10811574440902405,1.5373,1099000,-0.06388415672913117,0.15806111696522662,3.5059,0,7,92107
201911,92107,"san diego, ca",2191,1774,-659,-856,75.866941,79.00994458918939,72.72393673626655,50,0.408450704225352,14.5,0.11111111111111116,5,-19,-0.0002125413654180397,0.07309693961157282,1.5536,1099000,0,0.19527978682908254,3.5463,0,7,92107
201912,92107,"san diego, ca",2191,1083,691,447,81.841432,83.1758034026465,80.50706104748137,55.5,0.1100000000000001,5.5,-0.1461538461538462,-9.5,-23.5,0.19908400575315066,0.20925290725308154,1.8271,889500,-0.19062784349408557,-0.05362272582189598,2.9655,0,7,92107
202001,92107,"san diego, ca",2191,701,382,58,86.136938,91.50922344540315,80.76465337697114,47,-0.15315315315315314,-8.5,-0.09615384615384615,-5,-38,0.5031092051406942,0.35920683558958744,1.8697,952944,0.07132546374367621,0.060004449388209036,3.1775,0,7,92107
202002,92107,"san diego, ca",2191,1415,-714,-54,79.927088,84.55901402716607,75.295162663311,38,-0.19148936170212771,-9,0.853658536585366,17.5,-41,-0.06246853522640505,0.7590175447476477,1.6668,1115000,0.1700582615557682,0.35654010492198984,3.5979,1,7,92107
202003,92107,"san diego, ca",2191,678,737,1073,87.030837,94.32727002194696,79.73440464233903,20,-0.4736842105263158,-18,-0.5238095238095238,-22,-38.5,0.0054037995214466505,0.4739321563780481,1.8853,1174000,0.05291479820627809,0.31635431683485504,3.6688,1,7,92107
202004,92107,"san diego, ca",2191,1315,-637,-555,80.004116,87.56127680275418,72.44695580586013,34.5,0.7250000000000001,14.5,0.21052631578947367,6,-27.5,-0.05825066125349643,0.12229691280339527,1.5905,1100000,-0.06303236797274281,0.15850447604002116,3.4265,1,7,92107
202005,92107,"san diego, ca",2191,657,658,520,84.493518,94.7364510976561,74.25058504513206,23,-0.33333333333333337,-11.5,-0.36111111111111116,-13,-48,0.2664522716562234,0.47412321359598275,1.6366,1095000,-0.004545454545454519,0.04385128693994278,3.3182,0,7,92107
202006,92107,"san diego, ca",2191,1367,-710,430,78.280307,89.47544892332911,67.0851650398629,28,0.21739130434782616,5,-0.2222222222222222,-8,-40.5,-0.043902732997860405,1.0728579287580802,1.4498,1287000,0.1753424657534246,0.22571428571428576,3.7582,0,7,92107
202007,92107,"san diego, ca",2191,1074,293,253,80.973369,88.0812759122997,73.8654614723789,28,0,0,-0.23287671232876717,-8.5,-29.5,0.268218979996663,1.2961013361688472,1.6651,1397000,0.08547008547008539,0.07876447876447878,4.0029,0,7,92107
202008,92107,"san diego, ca",2191,776,298,880,83.328985,92.99239600417474,73.66557328164605,19,-0.3214285714285714,-9,-0.5777777777777777,-26,-34,0.07834167817200899,1.330532056367248,1.6695,1060000,-0.24123120973514678,-0.1546086362082717,3.0286,1,7,92107
201804,92107,"san diego, ca",2191,376,,,91.43131,92.21665068947718,90.64597006120493,23.5,,,,,-36,,,2.6318,1165000,,,3.9097,1,7,92107
201805,92107,"san diego, ca",2191,432,,,90.542827,91.14045088448384,89.94520245669523,23.5,,,,,-33.5,,,2.4728,985000,,,3.2844,1,7,92107
201806,92107,"san diego, ca",2191,496,,,88.978877,88.0157600963117,89.94199408996388,29,,,,,-28,,,2.4047,1095000,,,3.65,0,7,92107
201807,92107,"san diego, ca",2191,530,,,87.955377,86.18507681053401,89.72567666422823,34,,,,,-25.5,,,2.3499,1209500,,,4.033,1,7,92107
201808,92107,"san diego, ca",2191,423,107,-14,88.635866,88.14320122618787,89.1285307641778,33.5,-0.014705882352941124,-0.5,-0.014705882352941124,-0.5,-28.5,-0.051586222835099727,0.011666593848468576,2.2771,1195000,-0.011988424968995437,0.04184829991281602,3.9933,0,7,92107
201809,92107,"san diego, ca",2191,209,214,848,90.691712,95.12310433865512,86.26031930756083,26,-0.22388059701492535,-7.5,-0.48,-24,-39,-0.1455823370192184,-0.02571711177052427,2.0836,1027000,-0.14058577405857742,-0.14416666666666667,3.4348,1,7,92107
201810,92107,"san diego, ca",2191,304,-95,445,89.247783,92.7990072630388,85.69655826854995,32,0.23076923076923084,6,-0.31182795698924726,-14.5,-36.5,-0.025234673955486175,-0.09059880559764688,2.0593,949000,-0.07594936708860756,-0.18819503849443964,3.1739,1,7,92107
201811,92107,"san diego, ca",2191,918,-614,-31,82.438569,85.70329952026952,79.17383820998279,45,0.40625,13,-0.15887850467289721,-8.5,-26.5,-0.16904553505085662,-0.2883578018717252,1.7645,919450,-0.031138040042149595,-0.16337579617834397,3.0828,1,7,92107
201812,92107,"san diego, ca",2191,1530,-612,-677,77.662033,74.54792209221289,80.77614349117852,65,0.4444444444444444,20,0.10169491525423724,6,-16,0.06407300672430338,-0.27200900260601746,1.854,939900,0.022241557452824967,-0.32720114531138156,3.2188,1,7,92107
201901,92107,"san diego, ca",2191,759,771,-403,84.639365,88.99833978970669,80.28039107175798,52,-0.19999999999999996,-13,0.48571428571428577,17,-35,0.33727930778600745,-0.2638134689096221,1.8259,899000,-0.04351526758165758,-0.3075293664548431,3.1,1,7,92107
201902,92107,"san diego, ca",2191,1361,-602,-622,79.849034,97.23599496780878,62.46207355879524,20.5,-0.6057692307692308,-31.5,-0.5119047619047619,-21.5,-62.5,-0.275561986686493,-0.5077552568955095,1.2966,821944,-0.08571301446051172,-0.3087098402018503,2.7536,1,7,92107
201903,92107,"san diego, ca",2191,1751,-390,-1410,75.133326,82.7945124866674,67.47213946816727,42,1.048780487804878,21.5,0.9090909090909092,20,-23,0.19986724983328452,-0.39621159794588423,1.52,891857.1428571428,0.08505827995233606,-0.24354780079970917,2.9063,1,7,92107
201904,92107,"san diego, ca",2191,760,991,-384,84.726368,89.25004606596646,80.2026902524415,28.5,-0.3214285714285714,-13.5,0.2127659574468086,5,-30,0.23681587090794998,-0.21856394622980935,1.9131,949500,0.06463238827486784,-0.18497854077253217,2.9898,1,7,92107
201905,92107,"san diego, ca",2191,1177,-417,-745,80.926982,80.48924038992091,81.36472319293728,36,0.26315789473684204,7.5,0.5319148936170213,12.5,-19.5,-0.03580958390485278,-0.1199033931183957,1.9277,1049000,0.10479199578725651,0.06497461928934012,3.2332,1,7,92107
201906,92107,"san diego, ca",2191,1797,-620,-1301,75.405909,82.51298178892709,68.29883712425949,36,0,0,0.24137931034482762,7,-21,-0.32006667886401985,-0.3499724647942727,1.4358,1050000,0.0009532888465204614,-0.04109589041095896,3.2318,1,7,92107
201907,92107,"san diego, ca",2191,1327,470,-797,78.59259,84.8396181558831,72.34556161076772,36.5,0.01388888888888884,0.5,0.07352941176470584,2.5,-23,0.1449136528416064,-0.24633166287847663,1.5605,1295000,0.2333333333333334,0.07069036792062833,4.0243,0,7,92107
201708,92107,"san diego, ca",2191,409,,,91.30045,89.30440191737713,93.2964982253284,34,,,,,-32.5,,,2.7344,1147000,,,4.1111,1,7,92107
201709,92107,"san diego, ca",2191,1057,,,84.670508,77.87826848036177,91.46274752926588,50,,,,,-21,,,2.5629,1200000,,,4.3084,1,7,92107
201710,92107,"san diego, ca",2191,749,,,87.436414,83.20219579139982,91.67063129002744,46.5,,,,,-28,,,2.5581,1169000,,,4.2126,1,7,92107
201711,92107,"san diego, ca",2191,887,,,86.285704,79.76723694838094,92.8041706439533,53.5,,,,,-24,,,2.7283,1099000,,,3.9964,1,7,92107
201712,92107,"san diego, ca",2191,853,,,86.850536,81.15403026843909,92.54704127849173,59,,,,,-26,,,2.7963,1397000,,,5.153,1,7,92107
201801,92107,"san diego, ca",2191,356,,,92.906818,94.81374616209818,90.99988902452559,35,,,,,-55,,,2.6543,1298250,,,4.7804,1,7,92107
201802,92107,"san diego, ca",2191,739,,,88.506258,85.3106717025846,91.70184403465896,42,,,,,-42.5,,,2.7638,1189000,,,4.2885,1,7,92107
201803,92107,"san diego, ca",2191,341,,,92.555032,94.1397334903924,90.97033056025914,22,,,,,-43,,,2.6597,1179000,,,4.0796,1,7,92107
202010,92127,"san diego, ca",1837,2955,982,372,66.292685,88.69394977598735,43.891419750762395,23,-0.33333333333333337,-11.5,-0.45238095238095233,-19,-28,-0.0610430417076252,1.1298891594592324,0.9785,1449000,-0.06516129032258067,0.16525934861278646,4.14,0,24,92127
202011,92127,"san diego, ca",1837,3359,-404,20,64.454705,78.63084789742807,50.278562161337106,37.5,0.6304347826086956,14.5,-0.16666666666666663,-7.5,-19,0.07472035539738053,1.3813219118770608,1.1025,1329500,-0.08247066942719117,-0.08247066942719117,3.8067,0,24,92127
202012,92127,"san diego, ca",1837,2009,1350,903,73.516323,81.39793608777381,65.63471055357348,42,0.1200000000000001,4.5,-0.26956521739130435,-15.5,-22,0.35318691487157516,1.73597749135112,1.3934,1349500,0.015043249341857745,-0.06866804692891648,3.9574,0,24,92127
202101,92127,"san diego, ca",1837,1280,729,1166,79.007356,84.49544096237837,73.51927055398055,41,-0.023809523809523836,-1,-0.30508474576271183,-18,-30,0.792329809829559,2.096666806238607,1.6252,1298000,-0.038162282326787644,-0.1346666666666667,3.8188,1,24,92127
