san_diego_ca_city_2.csv
month_date_yyyymm,postal_code,zip_name,nielsen_hh_rank,hotness_rank,hotness_rank_mm,hotness_rank_yy,hotness_score,supply_score,demand_score,median_days_on_market,median_days_on_market_mm,median_dom_mm_day,median_days_on_market_yy,median_dom_yy_day,median_dom_vs_us,ldp_unique_viewers_per_property_mm,ldp_unique_viewers_per_property_yy,ldp_unique_viewers_per_property_vs_us,median_listing_price,median_listing_price_mm,median_listing_price_yy,median_listing_price_vs_us,quality_flag,id,zip_code
202102,92127,"san diego, ca",1837,1281,-1,812,79.5965,87.43408460607007,71.75891566735675,25.5,-0.3780487804878049,-15.5,-0.203125,-6.5,-38,0.1309650727094296,2.3456041799538827,1.553,1224500,-0.05662557781201849,-0.25787878787878793,3.5212,1,24,92127
202103,92127,"san diego, ca",1837,1527,-246,639,76.815185,90.12914049393312,63.50122898053139,16,-0.37254901960784315,-9.5,-0.4385964912280702,-12.5,-32,-0.08262114971203338,2.3895651853852766,1.3354,1197450,-0.02209064924458959,-0.2742727272727272,3.3575,1,24,92127
202104,92127,"san diego, ca",1837,2444,-917,-65,68.788693,88.59167542732547,48.98571039208815,15.5,-0.03125,-0.5,-0.5571428571428572,-19.5,-24.5,-0.2187754781896024,1.500555483251885,1.0455,1312500,0.09607916823249396,-0.13506211077794983,3.5269,1,24,92127
202105,92127,"san diego, ca",1837,3228,-784,-1293,62.613096,76.28431222205182,48.941880079742376,23,0.4838709677419355,7.5,-0.2068965517241379,-6,-14,-0.05122479253606915,1.020680114733214,1.0629,1315000,0.0019047619047618536,-0.17725082900581868,3.4614,1,24,92127
202106,92127,"san diego, ca",1837,4278,-1050,-868,57.147262,67.87682583728369,46.417697614367746,27.5,0.19565217391304346,4.5,-0.22535211267605637,-8,-8,-0.16025479117164654,0.8522918635769445,1.0257,1374444,0.045204562737642506,-0.1267827191867853,3.57,1,24,92127
202107,92127,"san diego, ca",1837,4150,128,-1398,57.002508,71.06643356643356,42.938583155974456,27.5,0,0,-0.2142857142857143,-7.5,-9,-0.12177471635699177,0.25694320404588145,0.9978,1349900,-0.0178574027024746,-0.035751276831315404,3.5062,0,24,92127
202108,92127,"san diego, ca",1837,2651,1499,-100,64.456158,80.90272492007917,48.00959050083727,24.5,-0.10909090909090913,-3,-0.125,-3.5,-13,-0.009645280785584354,0.20043657645935054,1.0927,1534944,0.13707978368768048,0.03782555780933072,4.0344,0,24,92127
202109,92127,"san diego, ca",1837,2876,-225,1061,63.311047,76.12065035708859,50.501443549612524,31,0.26530612244897966,6.5,-0.10144927536231885,-3.5,-10.5,-0.009149115675898156,0.3620922914561451,1.1391,1355000,-0.11723163841807904,-0.12580645161290327,3.5658,1,24,92127
202110,92127,"san diego, ca",1837,2214,662,741,67.239296,75.53046892698029,58.948123536962925,33,0.06451612903225801,2,0.4347826086956521,10,-10,0.11598702120535909,0.6188998926142466,1.2898,1439000,0.06199261992619931,-0.0069013112491372874,3.7868,1,24,92127
202111,92127,"san diego, ca",1837,1145,1069,2214,76.88475,75.93039745506113,77.83910160591775,35.5,0.07575757575757569,2.5,-0.053333333333333344,-2,-11,0.30835194455140535,0.9708297250522826,1.7867,1450000,0.007644197359277349,0.0906355772846934,3.8213,0,24,92127
201907,92127,"san diego, ca",1837,4281,-10,-1168,59.46198,79.6240079002231,39.29995245236093,41,0.13888888888888884,5,0.22388059701492535,7.5,-18.5,0.12330870236069003,-0.020637286372177877,0.9073,1268500,0.05796497080900753,-0.041519906879710966,3.942,1,24,92127
201908,92127,"san diego, ca",1837,4060,221,-250,59.390604,79.52035572402231,39.26085213397966,44,0.07317073170731714,3,0.2571428571428571,9,-20,0.051885432384512375,0.21665569143463048,0.9412,1248952,-0.015410327158060677,0.005192756539235344,3.9305,1,24,92127
201909,92127,"san diego, ca",1837,4423,-363,-1207,58.930202,76.30665838781547,41.553745571423356,49,0.11363636363636354,5,0.36111111111111116,13,-17,-0.003574360451001124,0.1983790079341372,0.9578,1248896,-0.00004483759183704361,0.08694168842471717,3.966,1,24,92127
201910,92127,"san diego, ca",1837,3327,1096,-986,65.354345,83.58957463943187,47.11911560143495,42,-0.1428571428571429,-7,0.1200000000000001,4.5,-24,0.042982628096727815,0.056542426931064815,1.0454,1243500,-0.004320615968022912,0.07895878524945776,3.9669,0,24,92127
201911,92127,"san diego, ca",1837,3379,-52,-964,65.287512,84.11801401783421,46.45701075189901,45,0.0714285714285714,3,0.19999999999999996,7.5,-24,-0.038754389738622885,0.10404764522433418,1.0157,1449000,0.16525934861278646,0.3172727272727274,4.6757,1,24,92127
201912,92127,"san diego, ca",1837,2912,467,-137,68.790541,81.24837836836058,56.33270321361059,57.5,0.2777777777777777,12.5,0.08490566037735858,4.5,-21.5,0.1777778367824514,0.25485948149161475,1.1732,1449000,0,0.1694915254237288,4.8308,0,24,92127
202001,92127,"san diego, ca",1837,2446,466,-534,72.38917,83.68789050877716,61.09044927105028,59,0.026086956521739202,1.5,0.24210526315789482,11.5,-26,0.5835652731162635,0.3627072961207294,1.2649,1500000,0.035196687370600444,0.15473441108545027,5.0017,1,24,92127
202002,92127,"san diego, ca",1837,2093,353,-30,74.871387,88.68203856545394,61.060735038306376,32,-0.4576271186440678,-27,0.032258064516129004,1,-47,0.046813015316952145,0.4766090308601214,1.2591,1650000,0.10000000000000009,0.27020785219399546,5.3243,0,24,92127
202003,92127,"san diego, ca",1837,2166,-73,575,74.837258,88.68801845032176,60.98649704274076,28.5,-0.109375,-3.5,-0.16176470588235292,-5.5,-30,-0.09451910547168085,0.4334116638102081,1.2826,1650000,0,0.2954239569313595,5.1563,0,24,92127
202004,92127,"san diego, ca",1837,2379,-213,1267,72.334693,87.2506829323055,57.41870298993377,35,0.22807017543859653,6.5,0.04477611940298498,1.5,-27,0.0589692805592692,0.6766475552469406,1.2167,1517450,-0.08033333333333337,0.21960502899133139,4.7269,0,24,92127
202005,92127,"san diego, ca",1837,1935,444,766,73.760262,92.41855800304594,55.101965008729245,29,-0.17142857142857137,-6,0.26086956521739135,6,-42,0.1740923415335378,1.0219885188267628,1.1606,1598300,0.053280173976078204,0.30532075625791166,4.8433,1,24,92127
202006,92127,"san diego, ca",1837,3410,-1475,861,64.087996,83.25013039266821,44.925862454362566,35.5,0.22413793103448265,6.5,-0.01388888888888884,-0.5,-33,-0.08391518729388603,1.3768017286319778,0.9852,1574000,-0.015203653882249868,0.3127606338615514,4.5963,1,24,92127
202007,92127,"san diego, ca",1837,2752,658,1529,67.497105,81.01445486124081,53.97975572405035,35,-0.014084507042253502,-0.5,-0.14634146341463417,-6,-22.5,0.29419495013246344,1.7383788518660563,1.1546,1399950,-0.11057814485387552,0.10362633031139135,4.0113,0,24,92127
202008,92127,"san diego, ca",1837,2551,201,1509,68.624199,85.8207842552557,51.42761294170269,28,-0.19999999999999996,-7,-0.36363636363636365,-16,-25,0.03697243013277962,1.699555755047041,1.1133,1479000,0.0564663023679417,0.1841928272663802,4.2257,0,24,92127
202009,92127,"san diego, ca",1837,3937,-1386,486,60.843396,76.37735849056604,45.30943396226415,34.5,0.2321428571428572,6.5,-0.29591836734693877,-14.5,-16.5,-0.12674519133489903,1.3658564681468652,0.9992,1550000,0.04800540906017581,0.24109613610741,4.4286,0,24,92127
201805,92127,"san diego, ca",1837,2949,,,71.233129,85.25247324482366,57.21378397263801,30,,,,,-27,,,1.1539,1500000,,,5.0017,0,24,92127
201806,92127,"san diego, ca",1837,3074,,,68.921236,82.36109591040093,55.48137608989092,35,,,,,-22,,,1.1399,1399000,,,4.6633,0,24,92127
201807,92127,"san diego, ca",1837,3113,,,68.187637,86.56181419166057,49.8134601316752,33.5,,,,,-26,,,1.0514,1323449.5,,,4.413,0,24,92127
201808,92127,"san diego, ca",1837,3810,-697,-2600,63.387709,86.7527917670243,40.02262608568717,35,0.04477611940298498,1.5,-0.09090909090909094,-3.5,-27,-0.15327123463259518,-0.39861119443684434,0.9096,1242500,-0.06116553748367426,-0.13712281676447102,4.152,1,24,92127
201809,92127,"san diego, ca",1837,3216,594,-1954,66.920028,89.06789831617995,44.77215696257774,36,0.02857142857142847,1,-0.16279069767441856,-7,-29,0.01162229763900302,-0.3683743670042644,0.9855,1149000,-0.07525150905432598,-0.23348899266177447,3.8428,1,24,92127
201810,92127,"san diego, ca",1837,2341,875,-967,72.557393,88.76601335815175,56.34877185298733,37.5,0.04166666666666674,1.5,-0.21052631578947367,-10,-31,0.18299886052057812,-0.28266001035418653,1.182,1152500,0.003046127067014792,-0.3146000594707107,3.8545,1,24,92127
201811,92127,"san diego, ca",1837,2415,-74,-488,72.345919,91.8335957813015,52.85824147654448,37.5,0,0,-0.3421052631578947,-19.5,-34,-0.08011508893166808,-0.31455246558539673,1.1212,1100000,-0.045553145336225564,-0.36046511627906974,3.6882,1,24,92127
201812,92127,"san diego, ca",1837,2775,-360,-898,69.873088,85.52983897590141,54.21633716025382,53,0.41333333333333333,15.5,-0.20895522388059706,-14,-28,0.03622984603138191,-0.37732736643540987,1.1473,1239000,0.12636363636363646,-0.3109010011123471,4.2432,1,24,92127
201901,92127,"san diego, ca",1837,1912,863,-901,75.24073,91.40011068068623,59.08135030437188,47.5,-0.10377358490566035,-5.5,-0.04040404040404044,-2,-39.5,0.4582382461646035,-0.3417680527085899,1.2321,1299000,0.04842615012106544,-0.24673818498115396,4.4793,1,24,92127
201902,92127,"san diego, ca",1837,2063,-151,-541,74.887146,93.78006364241841,55.99422778065567,31,-0.34736842105263155,-16.5,0.16981132075471694,4.5,-52,-0.03393538585117628,-0.17971140683507125,1.1667,1299000,0,-0.21864661654135342,4.3518,1,24,92127
201903,92127,"san diego, ca",1837,2741,-678,116,68.706094,89.59873478244879,47.81345397035566,34,0.09677419354838701,3,-0.19047619047619047,-8,-31,-0.06723148702601245,-0.17393556196581017,1.0633,1273714.2857142857,-0.019465522929726142,-0.1508571428571429,4.1507,1,24,92127
201904,92127,"san diego, ca",1837,3646,-905,-1257,64.695043,84.32283029297955,45.067256311037404,33.5,-0.014705882352941124,-0.5,0.21818181818181825,6,-25,-0.09465831765293342,-0.15485539771427936,0.9796,1244214.2857142857,-0.023160610139075777,-0.16997045649480613,3.9178,1,24,92127
201905,92127,"san diego, ca",1837,2701,945,248,69.661578,93.01820857090307,46.3049475813868,23,-0.31343283582089554,-10.5,-0.23333333333333328,-7,-32.5,-0.02643410892927056,-0.024831934862006078,0.9967,1224450,-0.01588495321200989,-0.18369999999999997,3.7739,1,24,92127
201906,92127,"san diego, ca",1837,4271,-1570,-1197,59.73817,82.51298178892709,36.96335844364806,36,0.5652173913043479,13,0.02857142857142847,1,-21,-0.22066996533637295,-0.1873585478848636,0.8508,1199000,-0.02078484217403731,-0.1429592566118656,3.6904,1,24,92127
201708,92127,"san diego, ca",1837,1210,,,83.572396,85.44403381023821,81.70075743715466,38.5,,,,,-28,,,1.8375,1439950,,,5.1611,0,24,92127
201709,92127,"san diego, ca",1837,1262,,,82.878086,84.23835746325808,81.51781481346413,43,,,,,-28,,,1.8698,1499000,,,5.3819,0,24,92127
201710,92127,"san diego, ca",1837,1374,,,81.956084,82.451967063129,81.46020128087832,47.5,,,,,-27,,,1.8615,1681500,,,6.0594,0,24,92127
201711,92127,"san diego, ca",1837,1927,,,78.276672,76.50341434760261,80.04993024451134,57,,,,,-20.5,,,1.7999,1720000,,,6.2545,0,24,92127
201712,92127,"san diego, ca",1837,1877,,,78.690577,73.49854549471591,83.88260853555252,67,,,,,-18,,,2.023,1798000,,,6.6321,0,24,92127
201801,92127,"san diego, ca",1837,1011,,,86.192801,89.26127325860985,83.12432952317538,49.5,,,,,-40.5,,,2.0032,1724500,,,6.35,1,24,92127
201802,92127,"san diego, ca",1837,1522,,,82.074354,93.2274309412723,70.92127675331407,26.5,,,,,-58,,,1.4924,1662500,,,5.9964,0,24,92127
201803,92127,"san diego, ca",1837,2857,,,72.658838,79.36391077081646,65.9537657365825,42,,,,,-23,,,1.3599,1500000,,,5.1903,1,24,92127
201804,92127,"san diego, ca",1837,2389,,,75.195413,89.48455128677826,60.90627534842563,27.5,,,,,-32,,,1.246,1499000,,,5.0305,0,24,92127
202007,92117,"san diego, ca",495,723,141,1005,84.239719,93.01161618048035,75.4678220595376,21.5,-0.21818181818181814,-6,-0.24561403508771928,-7,-36,0.11519520174360665,1.9871943865697768,1.7246,749500,-0.0297734627831715,-0.04094689699296228,2.1476,0,16,92117
202008,92117,"san diego, ca",495,621,102,1031,84.97279,93.860891605785,76.08468763977933,17,-0.2093023255813954,-4.5,-0.29166666666666663,-7,-36,0.09350206770252245,2.331837036129646,1.7535,799000,0.06604402935290188,0.051118210862619806,2.2829,0,16,92117
202009,92117,"san diego, ca",495,713,-92,891,84.511321,96.00754716981132,73.01509433962265,12.5,-0.2647058823529411,-4.5,-0.6428571428571428,-22.5,-38.5,-0.09558393023980061,1.7946631031976414,1.63,749500,-0.06195244055068838,0.01538610412231467,2.1414,1,16,92117
202010,92117,"san diego, ca",495,1043,-330,-377,79.848274,95.97153721621928,63.725010353525846,14,0.1200000000000001,1.5,-0.46153846153846156,-12,-37,-0.19513236549957302,0.9394404332129966,1.3682,749000,-0.0006671114076051143,0.006044325050369448,2.14,0,16,92117
202011,92117,"san diego, ca",495,1558,-515,-1042,76.177211,92.64290620468594,59.71151644661528,23.5,0.6785714285714286,9.5,-0.18965517241379315,-5.5,-33,-0.10823402365729107,0.616510872285112,1.2792,744750,-0.0056742323097462855,-0.007000000000000006,2.1324,0,16,92117
202012,92117,"san diego, ca",495,886,672,-682,82.207389,95.31975294433575,69.09502436030229,22,-0.06382978723404253,-1.5,-0.16981132075471694,-4.5,-42,0.24244944001455804,0.6105692580748809,1.4844,794250,0.06646525679758297,0.08801369863013697,2.3291,0,16,92117
202101,92117,"san diego, ca",495,616,270,-211,85.014558,96.21868056087656,73.8104359819171,15,-0.31818181818181823,-7,-0.4736842105263158,-13.5,-56,0.6930558257148416,1.0167427759355756,1.6354,807000,0.016052880075543063,0.09127789046653145,2.3742,0,16,92117
202102,92117,"san diego, ca",495,653,-37,-264,85.113863,95.5900160149994,74.63770946447404,12,-0.19999999999999996,-3,-0.5,-12,-51.5,0.20225133322559796,1.0216880543498772,1.6613,839000,0.039653035935563796,0.1054018445322793,2.4127,0,16,92117
202103,92117,"san diego, ca",495,1771,-1118,-1467,75.160938,84.07787444890953,66.24400140454918,23.5,0.9583333333333333,11.5,0.5161290322580645,8,-24.5,-0.09950264770582384,1.0316938443635495,1.4022,774000,-0.07747318235995238,0.05737704918032782,2.1702,1,16,92117
202104,92117,"san diego, ca",495,1891,-120,-1460,72.283222,84.4527508468637,60.11369388311334,19.5,-0.17021276595744683,-4,0.026315789473684292,0.5,-20.5,-0.0951833294314729,0.9810167624725297,1.2715,852500,0.10142118863049099,0.11810610531838162,2.2908,0,16,92117
202105,92117,"san diego, ca",495,2205,-314,-1361,68.850636,84.53841435362675,53.162858457291826,17,-0.1282051282051282,-2.5,-0.15000000000000002,-3,-20,-0.16169560881321765,0.703607127335941,1.1422,898000,0.053372434017595394,0.1368527661729333,2.3638,0,16,92117
202106,92117,"san diego, ca",495,2755,-550,-1891,65.337033,86.95802983003816,43.71603653601572,16,-0.05882352941176472,-1,-0.4181818181818182,-11.5,-19.5,-0.25177170477566024,0.023147639057213842,0.9821,869500,-0.03173719376391981,0.12556634304207126,2.2584,0,16,92117
202107,92117,"san diego, ca",495,3343,-588,-2620,61.103299,80.41577987230161,41.7908178777744,22.5,0.40625,6.5,0.04651162790697683,1,-14,-0.09951683589749016,-0.17384219200211914,0.9796,871000,0.0017251293847038163,0.16210807204803213,2.2623,0,16,92117
202108,92117,"san diego, ca",495,3397,-54,-2776,60.715101,88.14888110823566,33.281321357893134,19.5,-0.1333333333333333,-3,0.1470588235294117,2.5,-18,-0.2065957303726904,-0.40057074274341986,0.8594,874893,0.0044695752009185075,0.0949849812265331,2.2995,0,16,92117
202109,92117,"san diego, ca",495,3092,305,-2379,62.266373,82.66220939067011,41.8705363926455,27,0.3846153846153846,7.5,1.1600000000000001,14.5,-14.5,0.09700628987040338,-0.27292571690243683,0.9919,912000,0.04241318652680959,0.21681120747164773,2.4,1,16,92117
202110,92117,"san diego, ca",495,1711,1381,-668,70.382466,84.82217020312618,55.942762213999856,27,0,0,0.9285714285714286,13,-16,0.22014848814146637,0.10221674876847286,1.228,915000,0.00328947368421062,0.22162883845126835,2.4079,1,16,92117
202111,92117,"san diego, ca",495,894,817,664,79.253382,89.35265033919742,69.15411444559426,25,-0.07407407407407407,-2,0.06382978723404253,1.5,-21.5,0.1595206719297646,0.4331597516040506,1.5075,929950,0.01633879781420755,0.24867405169519974,2.4508,0,16,92117
201903,92117,"san diego, ca",495,651,-283,-538,83.835375,91.7135606311376,75.95718856890655,30,0.36363636363636354,8,2,20,-35,-0.009167585719420002,-0.3536255485149692,1.8362,721571.4285714285,0.07705265851396148,0.032675141785826645,2.3514,1,16,92117
201904,92117,"san diego, ca",495,461,190,-373,88.297402,95.43394140409066,81.1608623548922,18.5,-0.3833333333333333,-11.5,0.7619047619047619,8,-40,0.05126601439019951,-0.32552220502148954,1.9643,727450,0.008146901603642842,0.058879184861717615,2.2906,1,16,92117
201905,92117,"san diego, ca",495,612,-151,-478,86.553246,94.48960823983813,78.61688431120103,20.5,0.10810810810810811,2,0.7083333333333333,8.5,-35,-0.12090035594733273,-0.2715621620281382,1.8047,719950,-0.010309986940683191,0.06667160530409655,2.219,1,16,92117
201906,92117,"san diego, ca",495,1256,-644,-1017,79.589337,91.96226139106268,67.2164119066774,26,0.2682926829268293,5.5,0.7333333333333334,11,-31,-0.2891710996581818,-0.31357681347392574,1.4052,775000,0.07646364330856303,0.09308885754583929,2.3853,1,16,92117
201907,92117,"san diego, ca",495,1728,-472,-1086,75.758019,92.53502066493544,58.98101751947624,28.5,0.09615384615384626,2.5,0.5,9.5,-31,-0.0687015993408695,-0.15457590258845688,1.2423,781500,0.00838709677419347,0.10858926164976235,2.4286,1,16,92117
201908,92117,"san diego, ca",495,1652,76,-762,75.070161,95.97259175565841,54.16772970805847,24,-0.1578947368421053,-4.5,-0.040000000000000036,-1,-40,-0.019608941577202943,-0.0877956735407025,1.2011,760142.8571428572,-0.027328397769856516,0.06769135071684418,2.3922,0,16,92117
201909,92117,"san diego, ca",495,1604,48,-805,76.467365,91.17937105080536,61.75535994740494,35,0.45833333333333326,11,0.2962962962962963,8,-31,0.07825768116735232,0.05048314249906216,1.3227,738142.8571428572,-0.028941928208983225,0.07132490151358084,2.3441,1,16,92117
