san_diego_ca_city_2.csv
month_date_yyyymm,postal_code,zip_name,nielsen_hh_rank,hotness_rank,hotness_rank_mm,hotness_rank_yy,hotness_score,supply_score,demand_score,median_days_on_market,median_days_on_market_mm,median_dom_mm_day,median_days_on_market_yy,median_dom_yy_day,median_dom_vs_us,ldp_unique_viewers_per_property_mm,ldp_unique_viewers_per_property_yy,ldp_unique_viewers_per_property_vs_us,median_listing_price,median_listing_price_mm,median_listing_price_yy,median_listing_price_vs_us,quality_flag,id,zip_code
201910,92117,"san diego, ca",495,666,938,363,84.468116,95.67318251702174,73.2630500036606,26,-0.2571428571428571,-9,0.019607843137254832,0.5,-40,0.15978497847955198,0.3622532094300377,1.6053,744500,0.00861234759047802,0.10182033446795913,2.375,0,16,92117
201911,92117,"san diego, ca",495,516,150,663,86.765623,95.31393343363547,78.21731312612381,29,0.11538461538461542,3,-0.033333333333333326,-1,-40,0.0699136152656008,0.5495176524470129,1.7361,750000,0.007387508394895992,0.11940298507462677,2.4201,0,16,92117
201912,92117,"san diego, ca",495,204,312,638,92.060491,97.79828755698877,86.32269542977872,26.5,-0.08620689655172409,-2.5,-0.28378378378378377,-10.5,-52.5,0.24703300896775415,0.7163811478163151,2.1233,730000,-0.026666666666666616,0.08148148148148149,2.4337,0,16,92117
202001,92117,"san diego, ca",495,405,-201,38,89.77053,96.93543588217793,82.60562332639095,28.5,0.07547169811320753,2,-0.14925373134328357,-5,-56.5,0.3520731040357592,0.41425107929047256,1.9545,739500,0.013013698630137016,0.10455563853622096,2.4658,0,16,92117
202002,92117,"san diego, ca",495,389,16,-21,89.99963,93.49716865909174,86.50209112106295,24,-0.1578947368421053,-4.5,0.09090909090909083,2,-55,0.19931049002579093,0.6079136417772317,2.2289,759000,0.026369168356997985,0.1329203671915815,2.4492,0,16,92117
202003,92117,"san diego, ca",495,304,85,347,91.18402,96.36573299110962,86.00230629022059,15.5,-0.35416666666666663,-8.5,-0.4833333333333333,-14.5,-43,-0.10393746323667752,0.4541219645033341,2.2469,732000,-0.035573122529644285,0.014452583646802575,2.2875,0,16,92117
202004,92117,"san diego, ca",495,431,-127,30,88.247951,96.85289825244172,79.64300415372526,19,0.22580645161290325,3.5,0.027027027027026973,0.5,-43,-0.07203689807390523,0.2835681076802441,1.8678,762450,0.04159836065573774,0.048113272389854966,2.3751,0,16,92117
202005,92117,"san diego, ca",495,844,-413,-232,82.632517,96.00683481297129,69.2581999182794,20,0.05263157894736836,1,-0.024390243902439046,-0.5,-51,-0.025188950933600185,0.4233157550010227,1.4793,789900,0.036002360810544864,0.09715952496701163,2.3936,0,16,92117
202006,92117,"san diego, ca",495,864,-20,392,82.696893,89.86662692794873,75.52715893003501,27.5,0.375,7.5,0.05769230769230771,1.5,-41,0.24584860284012833,1.4946030527397887,1.7077,772500,-0.022028104823395345,-0.003225806451612856,2.2558,0,16,92117
201708,92117,"san diego, ca",495,295,,,92.712869,96.68484027955651,88.74089794723554,20.5,,,,,-46,,,2.2477,649950,,,2.3296,0,16,92117
201709,92117,"san diego, ca",495,251,,,93.160352,94.59173626053024,91.72896685022428,28,,,,,-43,,,2.5906,669900,,,2.4051,0,16,92117
201710,92117,"san diego, ca",495,228,,,93.491308,94.42268984446478,92.55992680695334,29.5,,,,,-45,,,2.6675,691900,,,2.4933,1,16,92117
201711,92117,"san diego, ca",495,136,,,95.229092,97.48513106689184,92.9730523533299,22.5,,,,,-55,,,2.7561,665000,,,2.4182,0,16,92117
201712,92117,"san diego, ca",495,172,,,95.051,96.04153625216335,94.0604632323158,34,,,,,-51,,,3.0488,689000,,,2.5415,0,16,92117
201801,92117,"san diego, ca",495,134,,,96.396996,96.74102023452818,96.05297229312322,25.5,,,,,-64.5,,,3.7288,678000,,,2.4965,0,16,92117
201802,92117,"san diego, ca",495,80,,,96.724802,97.84492335036659,95.6046804413834,12.5,,,,,-72,,,3.4945,760000,,,2.7412,0,16,92117
201803,92117,"san diego, ca",495,113,,,95.763086,98.19995582713686,93.32621659427225,10,,,,,-55,,,3.0013,698740,,,2.4178,0,16,92117
201804,92117,"san diego, ca",495,88,,,95.916599,97.9278814246737,93.90531671705627,10.5,,,,,-49,,,3.1309,687000,,,2.3055,0,16,92117
201805,92117,"san diego, ca",495,134,,,95.162002,97.65731308153434,92.66669118458314,12,,,,,-45,,,2.797,674950,,,2.2506,0,16,92117
201806,92117,"san diego, ca",495,239,,,92.393565,97.07051913465398,87.71661012002481,15,,,,,-42,,,2.2287,709000,,,2.3633,0,16,92117
201807,92117,"san diego, ca",495,642,,,86.598391,96.7117776152158,76.48500365764448,19,,,,,-40.5,,,1.6678,704950,,,2.3506,0,16,92117
201808,92117,"san diego, ca",495,890,-248,-595,83.623458,94.3982191080943,72.84869717538865,25,0.3157894736842106,6,0.2195121951219512,4.5,-37,-0.09138095310883876,-0.1632165615869806,1.5483,711950,0.009929782254060493,0.09539195322717142,2.3791,1,16,92117
201809,92117,"san diego, ca",495,799,91,-548,84.083718,94.9303560388406,73.23708040877187,27,0.08000000000000007,2,-0.0357142857142857,-1,-38,-0.06367719575308983,-0.28180577537682083,1.5525,689000,-0.03223540979001338,0.028511718166890576,2.3043,0,16,92117
201810,92117,"san diego, ca",495,1029,-230,-801,81.723786,96.15314427533852,67.29442680389795,25.5,-0.05555555555555558,-1.5,-0.13559322033898302,-4,-43,-0.1056474960876369,-0.4038004332901919,1.4078,675700,-0.01930333817126273,-0.02341378811967043,2.2599,0,16,92117
201811,92117,"san diego, ca",495,1179,-150,-1043,80.591057,95.75932910975207,65.42278536638958,30,0.17647058823529416,4.5,0.33333333333333326,7.5,-41.5,-0.05938905961686047,-0.4548317480939994,1.3655,670000,-0.008435696314932684,0.007518796992481258,2.2464,1,16,92117
201812,92117,"san diego, ca",495,842,337,-670,83.398746,95.70480137915857,71.09268972600228,37,0.2333333333333334,7,0.08823529411764697,3,-44,0.12579869747348282,-0.453331967036286,1.518,675000,0.00746268656716409,-0.020319303338171224,2.3116,0,16,92117
201901,92117,"san diego, ca",495,443,399,-309,88.304741,96.10772920125437,80.50175244419849,33.5,-0.09459459459459463,-3.5,0.3137254901960784,8,-53.5,0.6409199329731057,-0.47350242952226307,1.8344,669500,-0.008148148148148127,-0.012536873156342221,2.3086,1,16,92117
201902,92117,"san diego, ca",495,368,75,-288,89.21224,96.96958484422407,81.45489528602087,22,-0.34328358208955223,-11.5,0.76,9.5,-61,0.054861474431317836,-0.43047233347679503,1.8968,669950,0.0006721433905900742,-0.11848684210526317,2.2444,1,16,92117
202005,92131,"san diego, ca",2810,504,348,524,86.417667,93.91181605438133,78.9235169570224,25,-0.21875,-7,0.5625,9,-46,0.22422215270592205,1.1680491907883286,1.8082,969500,-0.06237911025145071,-0.0004124136508918408,2.9379,1,28,92131
202006,92131,"san diego, ca",2810,525,-21,1522,86.303182,96.21861262201028,76.3877505401982,14.5,-0.42000000000000004,-10.5,-0.4629629629629629,-12.5,-54,0.0386428571428572,2.094069173630455,1.7401,1049000,0.0820010314595152,0.0542713567839197,3.0632,0,28,92131
202007,92131,"san diego, ca",2810,759,-234,2054,83.959586,95.20785866357897,72.71131363687296,17.5,0.2068965517241379,3,-0.4776119402985075,-16,-40,0.029428191445415086,2.3856860881224984,1.6222,929500,-0.11391801715919925,-0.052835379833902296,2.6633,0,28,92131
202008,92131,"san diego, ca",2810,1025,-266,1733,80.863277,94.44610108841509,67.28045325779037,16,-0.08571428571428574,-1.5,-0.6190476190476191,-26,-37,-0.025821198346046237,1.8800108342361859,1.4694,925000,-0.00484131253362019,-0.05570949394779057,2.6429,1,28,92131
202009,92131,"san diego, ca",2810,833,192,1809,83.235849,97.42641509433963,69.04528301886792,9,-0.4375,-7,-0.8,-36,-42,-0.001078839444206392,1.7783810470670591,1.5087,914450,-0.011405405405405356,-0.08240395642201837,2.6127,1,28,92131
202010,92131,"san diego, ca",2810,1865,-1032,158,73.53827,92.85794962539062,54.21859116750123,18,1,9,-0.5909090909090908,-26,-33,-0.2615647867457449,0.8787246032575415,1.1618,899000,-0.016895401607523675,-0.1554720526068577,2.5686,1,28,92131
202011,92131,"san diego, ca",2810,1787,78,-380,74.481035,88.64763794550866,60.31443180950927,28.5,0.5833333333333333,10.5,-0.3214285714285714,-13.5,-28,0.06175114459200559,0.928181818181818,1.2933,987450,0.09838709677419355,-0.010571142284569124,2.8273,0,28,92131
202012,92131,"san diego, ca",2810,292,1495,540,89.005256,94.74047646449534,83.27003491003951,24,-0.1578947368421053,-4.5,-0.5247524752475248,-26.5,-40,0.6854950495049505,1.4768356452653877,2.0359,754500,-0.23591067902172258,-0.2249614791987673,2.2126,1,28,92131
202104,92131,"san diego, ca",2810,2174,-331,-1322,70.56224,80.38001791068021,60.74446131682436,23,0.06976744186046502,1.5,-0.28125,-9,-17,-0.044623743107362945,1.0604883052193377,1.2872,1112000,0.19698600645855757,0.07543520309477758,2.9882,0,28,92131
202105,92131,"san diego, ca",2810,2900,-726,-2396,64.572152,79.95322803251035,49.1910749884987,21,-0.08695652173913049,-2,-0.16000000000000003,-4,-16,-0.2259624450741773,0.3027826086956522,1.0676,949000,-0.14658273381294962,-0.021144920061887618,2.498,0,28,92131
202106,92131,"san diego, ca",2810,1496,1404,-971,73.576907,90.6231934327668,56.530620110224696,12.5,-0.40476190476190477,-8.5,-0.13793103448275867,-2,-23,-0.012799975355041404,0.23825722630900192,1.2111,1087000,0.14541622760800843,0.036224976167778866,2.8234,0,28,92131
202107,92131,"san diego, ca",2810,3268,-1772,-2509,61.464351,85.1664639708118,37.76223776223776,19.5,0.56,7,0.11428571428571432,2,-17,-0.31740120463186106,-0.17892972228822457,0.9158,955000,-0.12143514259429622,0.0274341043571813,2.4805,0,28,92131
202108,92131,"san diego, ca",2810,3721,-453,-2696,59.097656,68.62916730095905,49.56614400974273,31,0.5897435897435896,11.5,0.9375,15,-6.5,0.10618375142739178,-0.06767156250709416,1.1201,1088550,0.1398429319371728,0.17681081081081085,2.8611,1,28,92131
202109,92131,"san diego, ca",2810,1868,1853,-1035,69.58289,76.12065035708859,63.045129919465126,31,0,0,2.4444444444444446,22,-10.5,0.1716691850833345,0.09356027654828925,1.3809,1100000,0.010518579762068825,0.20290885231559952,2.8947,1,28,92131
202110,92131,"san diego, ca",2810,1598,270,267,71.199879,85.59238843162426,56.807369931284455,26,-0.16129032258064513,-5,0.4444444444444444,8,-17,-0.11134687528799314,0.31602033512580974,1.245,1089000,-0.010000000000000009,0.21134593993325912,2.8658,1,28,92131
202111,92131,"san diego, ca",2810,1045,553,742,77.722203,83.66486527921505,71.77954083783679,30.5,0.17307692307692313,4.5,0.07017543859649122,2,-16,0.19944960440316484,0.48669495520980677,1.581,1211500,0.11248852157943068,0.22689756443364217,3.1928,0,28,92131
201901,92131,"san diego, ca",2810,579,517,-450,86.674045,97.5207526286663,75.8273381294964,24.5,-0.35526315789473684,-13.5,0.2250000000000001,4.5,-62.5,0.5928730673712284,-0.49523959733727885,1.6544,889000,-0.0011235955056180247,-0.22386886963354213,3.0655,1,28,92131
201902,92131,"san diego, ca",2810,1313,-734,-1075,80.157996,95.94464589654407,64.37134611115223,25.5,0.04081632653061229,1,0.18604651162790709,4,-57.5,-0.17312142384907525,-0.5221387035513565,1.341,949000,0.06749156355455566,-0.22530612244897963,3.1792,1,28,92131
201903,92131,"san diego, ca",2810,1074,239,-793,80.11512,94.04906395968958,66.18117621096768,26,0.019607843137254832,0.5,0.4444444444444444,8,-39,0.13148303309593645,-0.4003969977048569,1.4824,1012000,0.06638566912539523,-0.14957983193277313,3.2978,1,28,92131
201904,92131,"san diego, ca",2810,1132,-58,-798,81.315644,92.10245070941589,70.52883729500645,24.5,-0.05769230769230771,-1.5,0.53125,8.5,-34,0.024370258903205988,-0.28773633990786107,1.5453,1062500,0.04990118577075098,0.024590163934426146,3.3456,1,28,92131
201905,92131,"san diego, ca",2810,1028,104,-148,82.262277,96.64520875482803,67.87934522714733,16,-0.34693877551020413,-8.5,-0.05882352941176472,-1,-39.5,-0.10329650066974982,-0.029394382757179982,1.4481,969900,-0.08715294117647054,-0.041553436434606406,2.9894,0,28,92131
201906,92131,"san diego, ca",2810,2047,-1019,-1016,73.478754,91.60023403788489,55.35727345864112,27,0.6875,11,0.2857142857142858,6,-30,-0.2722112274870556,-0.18770728078603982,1.1545,995000,0.025878956593463176,0,3.0625,1,28,92131
201907,92131,"san diego, ca",2810,2813,-766,-1405,67.887056,88.36545846896601,47.408653670311985,33.5,0.2407407407407407,6.5,0.42553191489361697,10,-26,-0.05923882169959527,-0.13343677743090143,1.031,981350,-0.013718592964824139,0.0075462012320328675,3.0496,1,28,92131
201908,92131,"san diego, ca",2810,2758,55,-1193,67.110107,82.07894449101578,52.14126908918614,42,0.25373134328358216,8.5,0.7872340425531914,18.5,-22,0.14522611404633046,0.0886713472748133,1.1644,979571.4285714285,-0.0018123721695332273,0.02712742851151151,3.0828,1,28,92131
201909,92131,"san diego, ca",2810,2642,116,-974,69.17528,81.01829869608093,57.3322619525914,45,0.0714285714285714,3,0.5517241379310345,16,-21,0.03546047723922352,0.2230156176640048,1.2314,996571.4285714286,0.017354528219337917,0.04913299144270833,3.1647,1,28,92131
201910,92131,"san diego, ca",2810,2023,619,-317,73.716963,81.4993776996852,65.93454864924226,44,-0.022222222222222254,-1,0.31343283582089554,10.5,-22,0.09204637946144834,0.31680043143101866,1.4072,1064500,0.06816227064220182,0.1217070600632244,3.3958,1,28,92131
201911,92131,"san diego, ca",2810,1407,616,267,78.527393,87.44266265458148,69.61212432571283,42,-0.045454545454545414,-2,0.423728813559322,12.5,-27,0.03451758494580015,0.48168118342298305,1.4715,998000,-0.06247064349459841,0.07372441431991184,3.2204,1,28,92131
201912,92131,"san diego, ca",2810,832,575,264,84.662145,87.29752770673487,82.02676155528373,50.5,0.20238095238095233,8.5,0.32894736842105265,12.5,-28.5,0.31213426102913067,0.6475686695077314,1.8937,973500,-0.024549098196392838,0.09382022471910112,3.2455,1,28,92131
202001,92131,"san diego, ca",2810,499,333,80,88.638054,92.21585837548348,85.06024992561737,45.5,-0.09900990099009899,-5,0.8571428571428572,21,-39.5,0.6217900353607435,0.6774785797526885,2.0909,1059499.5,0.0883405238828967,0.1917879640044995,3.5328,1,28,92131
202002,92131,"san diego, ca",2810,436,63,877,89.420408,92.97161256893297,85.86920315333654,25,-0.4505494505494505,-20.5,-0.019607843137254943,-0.5,-54,0.09762150982419837,1.2267314990512332,2.1822,999000,-0.05710196182253979,0.052687038988408874,3.2236,0,28,92131
202003,92131,"san diego, ca",2810,700,-264,374,86.796488,96.5070862626939,77.08589071160212,15,-0.4,-10,-0.42307692307692313,-11,-43.5,-0.28003296036082925,0.41687788375990564,1.7675,1112500,0.11361361361361366,0.09930830039525684,3.4766,0,28,92131
202004,92131,"san diego, ca",2810,852,-152,280,84.26262,89.95247539572652,78.57276503386595,32,1.1333333333333333,17,0.30612244897959173,7.5,-30,0.14810683330652008,0.5880265618482197,1.8179,1034000,-0.07056179775280902,-0.02682352941176469,3.2209,1,28,92131
201708,92131,"san diego, ca",2810,135,,,94.915657,96.13963189286106,93.69168282776538,22,,,,,-44.5,,,2.7897,899000,,,3.2222,0,28,92131
201709,92131,"san diego, ca",2810,158,,,94.566208,95.80248714488896,93.32992961598775,24,,,,,-47,,,2.8101,949900,,,3.4104,0,28,92131
201710,92131,"san diego, ca",2810,78,,,96.042086,96.31473010064045,95.76944190301921,25,,,,,-49.5,,,3.2162,1059500,,,3.818,0,28,92131
201711,92131,"san diego, ca",2810,413,,,91.346648,88.03142668331007,94.66186944709597,43.5,,,,,-34,,,3.078,1012000,,,3.68,0,28,92131
201712,92131,"san diego, ca",2810,476,,,90.996796,87.4507493463932,94.5428434657731,51,,,,,-34,,,3.1524,1049000,,,3.8694,0,28,92131
201801,92131,"san diego, ca",2810,129,,,96.47283,97.51784855546924,95.42781045388969,20,,,,,-70,,,3.5078,1145425,,,4.2177,1,28,92131
201802,92131,"san diego, ca",2810,238,,,94.075391,95.17514626379324,92.97563504406429,21.5,,,,,-63,,,2.9444,1225000,,,4.4184,0,28,92131
201803,92131,"san diego, ca",2810,281,,,93.142163,95.67105941250092,90.61326658322903,18,,,,,-47,,,2.612,1190000,,,4.1176,0,28,92131
201804,92131,"san diego, ca",2810,334,,,91.906939,96.07329842931938,87.7405796032741,16,,,,,-43.5,,,2.3324,1037000,,,3.4801,0,28,92131
201805,92131,"san diego, ca",2810,880,,,85.945717,95.46908903681364,76.42234562906845,17,,,,,-40,,,1.6844,1011950,,,3.3743,0,28,92131
201806,92131,"san diego, ca",2810,1031,,,83.526686,94.38181751851447,72.67155521505964,21,,,,,-36,,,1.5473,995000,,,3.3167,1,28,92131
201807,92131,"san diego, ca",2810,1408,,,79.934162,94.50621799561083,65.36210680321872,23.5,,,,,-36,,,1.3504,974000,,,3.2477,1,28,92131
201808,92131,"san diego, ca",2810,1565,-157,-1430,77.94869,95.13174220859791,60.76563754470477,23.5,0,0,0.06818181818181812,1.5,-38.5,-0.088420178924981,-0.4523251318352871,1.2577,953700,-0.0208418891170431,0.06084538375973314,3.187,0,28,92131
201809,92131,"san diego, ca",2810,1668,-103,-1510,76.9193,93.89751609266466,59.941084481943484,29,0.23404255319148937,5.5,0.20833333333333326,5,-36,-0.07828147365854854,-0.4705569323866142,1.2415,949900,-0.003984481493132019,0,3.1769,1,28,92131
201810,92131,"san diego, ca",2810,1706,-38,-1628,76.522866,91.79167122887696,61.25406036716669,33.5,0.15517241379310343,4.5,0.3400000000000001,8.5,-35,0.01426893963221576,-0.5515709213920497,1.2767,949000,-0.0009474681545426078,-0.10429447852760731,3.1739,1,28,92131
201811,92131,"san diego, ca",2810,1674,32,-1261,76.804482,95.92412201999487,57.684842714322336,29.5,-0.11940298507462688,-4,-0.32183908045977017,-14,-42,-0.08060302214777071,-0.5672944892827975,1.2104,929475,-0.02057428872497369,-0.08154644268774702,3.1164,0,28,92131
201812,92131,"san diego, ca",2810,1096,578,-620,81.080585,95.30499211385394,66.85617870373767,38,0.2881355932203389,8.5,-0.2549019607843137,-13,-43,0.18002040259260976,-0.5087748185348318,1.4103,890000,-0.04247021167863574,-0.1515729265967588,3.0479,1,28,92131
202003,92108,"san diego, ca",3256,3904,-1542,-1161,63.821002,88.68801845032176,38.953985790276384,28.5,0.09615384615384626,2.5,0.017857142857142794,0.5,-30,-0.2952428714715575,0.0366888073645355,0.8728,717990,0.04816058394160594,0.24818208910743556,2.2437,0,8,92108
202004,92108,"san diego, ca",3256,4155,-251,-1285,61.536878,80.86666916139656,42.20708752759795,41,0.4385964912280702,12.5,0.4642857142857142,13,-21,0.2095442701575163,0.2324337283924185,0.9457,657000,-0.08494547277817244,0.07881773399014769,2.0466,1,8,92108
