san_diego_ca_city_2.csv
month_date_yyyymm,postal_code,zip_name,nielsen_hh_rank,hotness_rank,hotness_rank_mm,hotness_rank_yy,hotness_score,supply_score,demand_score,median_days_on_market,median_days_on_market_mm,median_dom_mm_day,median_days_on_market_yy,median_dom_yy_day,median_dom_vs_us,ldp_unique_viewers_per_property_mm,ldp_unique_viewers_per_property_yy,ldp_unique_viewers_per_property_vs_us,median_listing_price,median_listing_price_mm,median_listing_price_yy,median_listing_price_vs_us,quality_flag,id,zip_code
202005,92108,"san diego, ca",3256,3328,827,-1387,64.995728,89.51747706251625,40.47397942126964,35,-0.14634146341463417,-6,0.4285714285714286,10.5,-36,0.18365992019230526,0.30648085520233437,0.9095,719990,0.0958751902587518,0.2642493415276559,2.1818,1,8,92108
202006,92108,"san diego, ca",3256,3567,-239,671,63.080247,91.6027121674987,34.55778257953953,25,-0.2857142857142857,-10,-0.3055555555555556,-11,-43.5,-0.026173583795905064,0.9658493870402802,0.8206,718995,-0.0013819636383838318,0.1412619047619048,2.0996,0,8,92108
202007,92108,"san diego, ca",3256,3824,-257,-1044,61.332312,91.52877899376237,31.13584581481343,24,-0.040000000000000036,-1,-0.1578947368421053,-4.5,-33.5,0.03597568891695446,0.7011023842010655,0.7699,672500,-0.06466665275836414,0.29964247753406137,1.9269,0,8,92108
202008,92108,"san diego, ca",3256,4382,-558,-1489,57.728865,89.82406441031759,25.633666318771432,23,-0.04166666666666663,-1,-0.2068965517241379,-6,-30,-0.04276487769057025,0.6674527112299335,0.6852,659001,-0.02007286245353157,0.18408806747520634,1.8829,0,8,92108
202009,92108,"san diego, ca",3256,5196,-814,-1976,53.915094,85.07169811320755,22.758490566037736,27,0.17391304347826098,4,-0.0357142857142857,-1,-24,-0.09463647408920417,0.6501802271748207,0.6377,509000,-0.22761877447833923,-0.13381721744311736,1.4543,1,8,92108
202010,92108,"san diego, ca",3256,5189,7,-1976,54.009638,84.15345807763262,23.865818305033695,28,0.03703703703703698,1,-0.26315789473684215,-10,-23,-0.0019447361338039704,0.5132223478697686,0.6637,599000,0.17681728880157177,-0.03659026940088461,1.7114,0,8,92108
202011,92108,"san diego, ca",3256,5322,-133,-1725,53.630848,87.45325497977562,19.808440815080516,30,0.0714285714285714,2,-0.2682926829268293,-11,-26.5,-0.12087552553222625,0.47242186704672706,0.6117,644942.5,0.07669866444073459,0.040229838709677335,1.8466,0,8,92108
202012,92108,"san diego, ca",3256,4291,1031,-1456,60.008823,87.80450377872405,32.21314305443664,35.5,0.18333333333333335,5.5,-0.3106796116504854,-16,-28.5,0.36961012071673727,0.6487675615148778,0.7825,695000,0.07761544633823947,0.1470539693018651,2.0381,0,8,92108
202101,92108,"san diego, ca",3256,4075,216,-2272,60.391924,86.44931422879473,34.334533752202894,38,0.07042253521126751,2.5,0.52,13,-33,0.5776923285981794,0.6753495731349224,0.8034,499990,-0.280589928057554,-0.21998379093899445,1.471,1,8,92108
202102,92108,"san diego, ca",3256,2955,1120,-593,68.13601,86.55911878442248,49.71290183977188,26.5,-0.3026315789473685,-11.5,0.019230769230769162,0.5,-37,0.5190017234550006,1.5406416879095786,1.0311,499000,-0.0019800396007919607,-0.2715328467153285,1.4349,1,8,92108
202103,92108,"san diego, ca",3256,3822,-867,82,63.025243,76.97319651983926,49.07728922008505,30.5,0.15094339622641506,4,0.07017543859649122,2,-17.5,0.06118398262318725,2.825556572125648,1.0256,437000,-0.12424849699398799,-0.39135642557695793,1.2253,1,8,92108
202104,92108,"san diego, ca",3256,3948,-126,207,60.797025,77.83748004516606,43.756570494101155,25,-0.180327868852459,-5.5,-0.3902439024390244,-16,-15,-0.07388392857142867,1.9291275325899164,0.9519,512445,0.1726430205949656,-0.22002283105022835,1.377,1,8,92108
202105,92108,"san diego, ca",3256,3302,646,26,62.154961,83.26560343505597,41.04431835608035,18,-0.28,-7,-0.48571428571428577,-17,-19,-0.09375753193540604,1.2426202992317021,0.9244,570000,0.11231449228697721,-0.20832233781024734,1.5004,1,8,92108
202106,92108,"san diego, ca",3256,4365,-1063,-798,56.763788,79.74717693760358,33.78039850464408,21,0.16666666666666674,3,-0.16000000000000003,-4,-14.5,-0.2192018973933868,0.7980962986530917,0.8294,582450,0.021842105263157885,-0.18991091732209542,1.5129,1,8,92108
202107,92108,"san diego, ca",3256,4514,-149,-690,55.199149,76.94968075402858,33.448616600790515,24.5,0.16666666666666674,3.5,0.02083333333333326,0.5,-12,-0.07501791077712683,0.6054497115572539,0.8498,729500,0.2524680230062666,0.08475836431226758,1.8948,0,8,92108
202108,92108,"san diego, ca",3256,4173,341,209,56.711448,80.90272492007917,32.52017049779266,24.5,0,0,0.0652173913043479,1.5,-13,-0.09770396104575252,0.5133073178337548,0.8479,599000,-0.17888965044551064,-0.09104842026036375,1.5744,0,8,92108
202109,92108,"san diego, ca",3256,4025,148,1171,57.481766,72.1622853669655,42.801246011244494,33,0.346938775510204,8.5,0.22222222222222232,6,-8.5,0.1272809721810808,0.884240413529163,1.0056,612000,0.02170283806343898,0.2023575638506876,1.6105,1,8,92108
202110,92108,"san diego, ca",3256,2007,2018,3182,68.345541,87.20833647964963,49.48274560144982,24,-0.2727272727272727,-9,-0.1428571428571429,-4,-19,0.09215978116577506,1.0619014519616932,1.1143,515000,-0.15849673202614378,-0.14023372287145242,1.3553,1,8,92108
202201,92108,"san diego, ca",3256,557,-233,3518,84.577192,97.28859581070597,71.86578743211793,9,-0.6603773584905661,-17.5,-0.7631578947368421,-29,-52,0.17454618797902377,0.904824093816631,1.5394,579900,-0.042200016516640515,0.15982319646392917,1.5464,1,8,92108
201807,92108,"san diego, ca",3256,1307,,,80.777249,94.27578639356254,67.27871250914411,24,,,,,-35.5,,,1.3973,629500,,,2.099,1,8,92108
201808,92108,"san diego, ca",3256,1427,-120,-1395,79.081819,96.35063134077805,61.813006349901464,21,-0.125,-3,0.3125,5,-41,-0.10544808621525592,-0.5204490738828969,1.2771,599100,-0.04829229547259728,0.0912568306010928,2.002,1,8,92108
201809,92108,"san diego, ca",3256,1708,-281,-1649,76.692003,95.12310433865512,58.26090118922064,26,0.23809523809523814,5,0.368421052631579,7,-39,-0.11169836178672987,-0.5425322624311886,1.2149,579200,-0.033216491403772364,0.21962518424931554,1.9371,1,8,92108
201810,92108,"san diego, ca",3256,2302,-594,-2257,72.75448,94.70783605241067,50.801124128617836,29,0.11538461538461542,3,0.5675675675675675,10.5,-39.5,-0.12018641795529672,-0.6166899964660615,1.0838,482000,-0.16781767955801108,0.0663716814159292,1.612,1,8,92108
201811,92108,"san diego, ca",3256,1740,562,-1606,76.346724,94.74859926026294,57.94484930603875,32.5,0.1206896551724137,3.5,0.25,6.5,-39,0.08752549202481386,-0.5373256049259861,1.2154,487000,0.010373443983402453,0.16660677925500056,1.6329,1,8,92108
201812,92108,"san diego, ca",3256,1619,121,-1512,77.075157,96.08260279499689,58.06771081685801,36,0.10769230769230775,3.5,0.2857142857142858,8,-45,0.01709412355767026,-0.5854318981857569,1.2206,515000,0.05749486652977409,0.2412629549288985,1.7637,1,8,92108
201901,92108,"san diego, ca",3256,1892,-273,-1738,75.460247,96.50249031543996,54.41800405829183,31.5,-0.125,-4.5,0.36956521739130443,8.5,-55.5,0.2721832135858917,-0.6384515907477217,1.1436,487000,-0.05436893203883497,0.22670025188916876,1.6793,1,8,92108
201902,92108,"san diego, ca",3256,2685,-793,-2544,70.881744,90.60904314363945,51.15444386886702,36.5,0.15873015873015883,5,2.0416666666666665,24.5,-46.5,-0.03585865508706687,-0.6224513909237852,1.0808,514950,0.05739219712525667,0.10149732620320862,1.7251,1,8,92108
201903,92108,"san diego, ca",3256,2743,-58,-2345,68.704255,92.99716797234176,44.41134282246497,28,-0.23287671232876717,-8.5,0.8666666666666667,13,-37,-0.05256379794460009,-0.5385092634298263,1.0005,575228.5714285715,0.11705713453455968,0.18603829160530205,1.8745,1,8,92108
201904,92108,"san diego, ca",3256,2870,-127,-2228,69.082366,89.78441127694859,48.380320619126586,28,0,0,0.1914893617021276,4.5,-30.5,0.017434834828654378,-0.48302439517455587,1.0358,609000,0.058709581284458245,0.4503453203143606,1.9176,1,8,92108
201905,92108,"san diego, ca",3256,1941,929,-1158,74.932867,91.9955858009932,57.87014897921649,24.5,-0.125,-3.5,0.2894736842105263,5.5,-31,0.11657388838304406,-0.24016982117371088,1.2087,569500,-0.06486042692939242,0.04304029304029311,1.7553,1,8,92108
201906,92108,"san diego, ca",3256,4238,-2297,-2637,59.933811,82.51298178892709,37.35464053243619,36,0.4693877551020409,11.5,0.3846153846153846,10,-21,-0.35280618268703545,-0.34169344169344174,0.8569,630000,0.10623353819139592,0.4318181818181819,1.9391,1,8,92108
201907,92108,"san diego, ca",3256,2780,1458,-1473,68.126623,92.53502066493544,43.71822537580922,28.5,-0.20833333333333337,-7.5,0.1875,4.5,-31,0.1972072886150924,-0.20896556306645053,0.9739,517450,-0.17865079365079362,-0.17799841143764894,1.608,1,8,92108
201908,92108,"san diego, ca",3256,2893,-113,-1466,66.33196,93.66548820935233,38.99843277326238,29,0.01754385964912286,0.5,0.38095238095238093,8,-35,-0.023447598942416326,-0.1364541657080679,0.9379,556547.2857142857,0.07555761081125834,-0.07102773207430202,1.7515,1,8,92108
201909,92108,"san diego, ca",3256,3220,-327,-1512,65.701815,95.24087804521713,36.16275247452427,28,-0.03448275862068961,-1,0.07692307692307687,2,-38,-0.0851600079385052,-0.11065540104441696,0.8763,587635.7857142857,0.05585958425814663,0.014564547158642416,1.8661,0,8,92108
201910,92108,"san diego, ca",3256,3213,7,-911,65.951021,87.60890255509189,44.29314005417673,38,0.3571428571428572,10,0.31034482758620685,9,-28,0.08838668975399444,0.10017717828170469,0.9981,621750,0.05805333016648673,0.28993775933609967,1.9834,1,8,92108
201911,92108,"san diego, ca",3256,3597,-384,-1857,64.038017,88.53987009651021,39.536163810502366,41,0.07894736842105265,3,0.2615384615384615,8.5,-28,-0.0965151828448878,-0.08600452674686032,0.9115,620000,-0.0028146361077603377,0.2731006160164271,2.0006,1,8,92108
201912,92108,"san diego, ca",3256,2835,762,-1216,69.248304,86.54509062604248,51.951517847214504,51.5,0.25609756097560976,10.5,0.4305555555555556,15.5,-27.5,0.22312200830719342,0.09913915825085007,1.0934,605900,-0.022741935483870934,0.17650485436893204,2.02,1,8,92108
202001,92108,"san diego, ca",3256,1803,1032,89,76.705222,97.54909253198453,55.86135078845582,25,-0.5145631067961165,-26.5,-0.2063492063492064,-6.5,-60,0.5526598001729763,0.34146494591900045,1.1558,640999.5,0.0579295263244759,0.3162207392197125,2.1374,1,8,92108
202002,92108,"san diego, ca",3256,2362,-559,323,73.085606,92.80506310374182,53.3661497464747,26,0.040000000000000036,1,-0.28767123287671237,-10.5,-53,0.0016598960380902472,0.39366664997579814,1.1008,685000,0.06864357928516318,0.33022623555685016,2.2104,1,8,92108
201708,92108,"san diego, ca",3256,32,,,96.919024,97.9252808372059,95.91276665812872,16,,,,,-50.5,,,3.2352,549000,,,1.9677,1,8,92108
201709,92108,"san diego, ca",3256,59,,,96.2784,97.25028263010101,95.30651690310346,19,,,,,-52,,,3.1827,474900,,,1.705,0,8,92108
201710,92108,"san diego, ca",3256,45,,,96.777676,97.88106129917658,95.67429094236047,18.5,,,,,-56,,,3.1941,452000,,,1.6288,0,8,92108
201711,92108,"san diego, ca",3256,134,,,95.276819,96.761876789779,93.79176150965563,26,,,,,-51.5,,,2.8905,417450,,,1.518,1,8,92108
201712,92108,"san diego, ca",3256,107,,,96.216445,97.56600508156276,94.86688514931694,28,,,,,-57,,,3.2329,414900,,,1.5304,1,8,92108
201801,92108,"san diego, ca",3256,154,,,96.082566,97.11463766507602,95.05049384086118,23,,,,,-67,,,3.3852,397000,,,1.4618,0,8,92108
201802,92108,"san diego, ca",3256,141,,,95.656521,97.9745241798119,93.33851736651114,12,,,,,-72.5,,,3.0037,467500,,,1.6862,1,8,92108
201803,92108,"san diego, ca",3256,398,,,92.048885,96.96679673120812,87.13097253920341,15,,,,,-50,,,2.2904,485000,,,1.6782,0,8,92108
201804,92108,"san diego, ca",3256,642,,,88.689993,92.21665068947718,85.16333603716541,23.5,,,,,-36,,,2.154,419900,,,1.4092,1,8,92108
201805,92108,"san diego, ca",3256,783,,,86.802619,94.45404729506086,79.1511897318966,19,,,,,-38,,,1.796,546000,,,1.8206,1,8,92108
201806,92108,"san diego, ca",3256,1601,,,79.145234,90.22655138448069,68.063915946153,26,,,,,-31,,,1.4171,440000,,,1.4667,1,8,92108
202007,92116,"san diego, ca",1243,1085,834,1100,80.84264,94.71482463676092,66.97045530945356,18.5,-0.3620689655172413,-10.5,-0.4307692307692308,-14,-39,0.28580480763425653,1.676127023893085,1.4534,789000,-0.05903398926654746,0.0522806081621765,2.2607,0,15,92116
202008,92116,"san diego, ca",1243,2326,-1241,-565,70.26614,92.64201580438348,47.89026390338452,20,0.08108108108108114,1.5,-0.4736842105263158,-18,-33,-0.22521471725896636,0.735180594275924,1.047,800000,0.013941698352344822,0.05491034392337735,2.2857,0,15,92116
202009,92116,"san diego, ca",1243,3124,-798,-2208,65.741509,81.21509433962264,50.26792452830189,30.5,0.5249999999999999,10.5,0.051724137931034475,1.5,-20.5,0.013078053744393747,0.6186960945497615,1.0902,662500,-0.171875,-0.11768989430067622,1.8929,1,15,92116
202010,92116,"san diego, ca",1243,2024,1100,-965,72.42009,87.59835849553858,57.24182071458153,24,-0.21311475409836067,-6.5,-0.21311475409836067,-6.5,-27,0.07544642857142869,0.8997964061255201,1.2227,849000,0.28150943396226413,0.25322902059192565,2.4257,0,15,92116
202011,92116,"san diego, ca",1243,2012,12,-1342,72.958483,95.47050293825842,50.44646264214302,18,-0.25,-6,-0.47058823529411764,-16,-38.5,-0.13904455514044556,0.4433624426713578,1.1037,787000,-0.07302709069493518,0.07956104252400542,2.2534,0,15,92116
202012,92116,"san diego, ca",1243,1607,405,-1079,76.529712,92.02823493305712,61.0311888594775,29.5,0.6388888888888888,11.5,-0.10606060606060608,-3.5,-34.5,0.24739581390142895,0.667083845457696,1.2859,777000,-0.01270648030495558,0.09052708107163587,2.2785,0,15,92116
202101,92116,"san diego, ca",1243,929,678,-371,81.817485,95.55206497586391,68.08290552448088,17,-0.423728813559322,-12.5,-0.5526315789473684,-21,-54,0.7445590485120661,0.8847776249426866,1.4598,799900,0.02947232947232936,0.06653333333333333,2.3533,0,15,92116
202104,92116,"san diego, ca",1243,1978,-495,-1287,71.660242,90.37106257057197,52.949421796519104,13.5,-0.18181818181818177,-3,-0.42553191489361697,-10,-26.5,-0.17511061170026,0.8994901616065996,1.1229,762450,0.04991737813274577,-0.16989657049537288,2.0488,1,15,92116
202105,92116,"san diego, ca",1243,3819,-1841,-2602,59.327557,76.28431222205182,42.37080202422941,23,0.7037037037037037,9.5,-0.1785714285714286,-5,-14,-0.21196022340280607,0.49767000345184687,0.9481,799000,0.047937569676700154,-0.13152173913043474,2.1032,1,15,92116
202106,92116,"san diego, ca",1243,3048,771,-1129,63.766524,87.48217520329902,40.05087293328708,15.5,-0.32608695652173914,-7.5,-0.4655172413793104,-13.5,-20,-0.15267297599726892,0.3159231087947516,0.9232,720000,-0.09887359198998746,-0.14132379248658322,1.8701,1,15,92116
202107,92116,"san diego, ca",1243,4197,-1149,-3112,56.795379,72.9933110367893,40.59744603222864,26.5,0.7096774193548387,11,0.43243243243243246,8,-10,-0.06297835609267222,-0.04102984579193103,0.9582,774900,0.07624999999999993,-0.017870722433460107,2.0127,1,15,92116
202108,92116,"san diego, ca",1243,1728,2469,598,70.174304,90.52367179174912,49.82493530217689,17.5,-0.339622641509434,-9,-0.125,-2.5,-20,0.060924897356428476,0.3131319542128306,1.1241,874000,0.12788746935088402,0.09250000000000003,2.2972,0,15,92116
202109,92116,"san diego, ca",1243,2684,-956,440,64.412703,84.56921440510561,44.25619206807476,25.5,0.4571428571428571,8,-0.16393442622950816,-5,-16,-0.12924877352579034,0.12865070507369625,1.0299,797000,-0.08810068649885583,0.2030188679245284,2.0974,0,15,92116
202110,92116,"san diego, ca",1243,2011,673,13,68.317224,86.14739862568904,50.48704976213849,25,-0.019607843137254943,-0.5,0.04166666666666674,1,-18,0.08346410375980273,0.137065029129271,1.1321,899999,0.1292333751568382,0.06006949352179025,2.3684,0,15,92116
202111,92116,"san diego, ca",1243,1872,139,140,71.380936,84.26277260357978,58.499099306274196,30,0.19999999999999996,5,0.6666666666666667,12,-16.5,0.04565813724229573,0.38100212662761623,1.2533,1074950,0.19439021598912887,0.3658831003811944,2.8329,1,15,92116
201903,92116,"san diego, ca",1243,951,143,-560,81.06955,94.21457206958696,67.9245283018868,25,-0.1071428571428571,-3,0.5625,9,-40,0.08171311005052573,-0.3072676232064878,1.5327,654714.2857142857,0.001092179991262432,-0.03576688407321693,2.1335,1,15,92116
201904,92116,"san diego, ca",1243,1336,-385,-548,79.56698,93.65026718260549,65.48369264787175,22,-0.12,-3,0.18918918918918926,3.5,-36.5,-0.10073743877607177,-0.18560328032259532,1.4026,637714.2857142857,-0.025965524765437453,-0.017389390270746263,2.008,0,15,92116
201905,92116,"san diego, ca",1243,1542,-206,-918,78.083502,91.9955858009932,64.17141806143094,24.5,0.11363636363636354,2.5,0.2564102564102564,5,-31,-0.07583176966788441,-0.2344532038282101,1.3546,727000,0.14000896057347667,0,2.2407,1,15,92116
201906,92116,"san diego, ca",1243,2093,-551,-1465,73.226432,91.60023403788489,54.85262926936297,27,0.1020408163265305,2.5,0.17391304347826098,4,-30,-0.22989408065956918,-0.3417673096890541,1.1427,769000,0.057771664374140386,0.16691957511380884,2.3669,0,15,92116
201907,92116,"san diego, ca",1243,2185,-92,-1667,72.170001,89.30543871840825,55.034563476098164,32.5,0.20370370370370372,5.5,0.7105263157894737,13.5,-27,0.0772671859916414,-0.25128914266190505,1.1686,749800,-0.02496749024707412,0.04146121258420732,2.3301,1,15,92116
201908,92116,"san diego, ca",1243,1761,424,-381,74.148048,85.71272369428145,62.58337281772789,38,0.1692307692307693,5.5,0.5510204081632653,13.5,-26,0.1949325849411927,0.2172097717723882,1.3771,758358.2857142857,0.011414091376747981,0.1071732034663635,2.3866,1,15,92116
201909,92116,"san diego, ca",1243,916,845,52,82.512144,94.74414697395814,70.28014171445268,29,-0.23684210526315785,-9,0.07407407407407418,2,-37,0.08598110866082243,0.2883322390201555,1.5274,750869.7857142857,-0.00987462013808782,0.1553620337194732,2.3845,0,15,92116
201910,92116,"san diego, ca",1243,1059,-143,196,80.794714,93.38897430265759,68.2004539131708,30.5,0.051724137931034475,1.5,0.07017543859649122,2,-35.5,-0.08368026794180383,0.29219882527379526,1.4646,677450,-0.09777965116074427,-0.013901018922853003,2.1611,0,15,92116
