san_diego_ca_city_2.csv
month_date_yyyymm,postal_code,zip_name,nielsen_hh_rank,hotness_rank,hotness_rank_mm,hotness_rank_yy,hotness_score,supply_score,demand_score,median_days_on_market,median_days_on_market_mm,median_dom_mm_day,median_days_on_market_yy,median_dom_yy_day,median_dom_vs_us,ldp_unique_viewers_per_property_mm,ldp_unique_viewers_per_property_yy,ldp_unique_viewers_per_property_vs_us,median_listing_price,median_listing_price_mm,median_listing_price_yy,median_listing_price_vs_us,quality_flag,id,zip_code
201902,92130,"san diego, ca",592,684,16,-238,85.811811,95.94464589654407,75.67897580108044,25.5,-0.4631578947368421,-22,0.0625,1.5,-57.5,-0.051816140523060494,-0.27437969239406457,1.6609,1297000,0.013677217663149666,-0.1110349554489376,4.3451,1,27,92130
201903,92130,"san diego, ca",592,1530,-846,-753,76.611865,88.67924528301887,64.54448490198243,35,0.37254901960784315,9.5,0.34615384615384626,9,-30,-0.11804843888292815,-0.2802978323976748,1.4311,1341857.142857143,0.0345853067518449,-0.0953086944850815,4.3727,1,27,92130
201708,92130,"san diego, ca",592,679,,,88.272531,87.73098174100772,88.81408028102015,36,,,,,-30.5,,,2.2534,1374500,,,4.9265,0,27,92130
201709,92130,"san diego, ca",592,378,,,91.411692,91.49192224937092,91.33146128879326,33,,,,,-38,,,2.5486,1350000,,,4.8469,0,27,92130
202007,92101,"san diego, ca",234,8292,-298,-545,37.720838,72.51335300489299,2.9283233107981923,42,-0.03448275862068961,-1.5,-0.07692307692307687,-3.5,-15.5,0.008398956726341611,0.3218855666320759,0.2572,691500,-0.025987745615888458,0.09414556962025311,1.9814,0,1,92101
202008,92101,"san diego, ca",234,8000,292,-568,38.819517,75.06336663187714,2.575667213359177,37,-0.11904761904761907,-5,-0.21276595744680848,-10,-16,-0.03202195740378044,0.29054206400234905,0.2315,679900,-0.016775126536514806,-0.00008403891001529384,1.9426,0,1,92101
202009,92101,"san diego, ca",234,8777,-777,-1981,34.583019,67.10566037735849,2.060377358490566,41.5,0.12162162162162171,4.5,-0.011904761904761862,-0.5,-9.5,-0.11207221741581874,0.11856979519277244,0.2113,692400,0.01838505662597445,0.01837435784298269,1.9783,0,1,92101
202010,92101,"san diego, ca",234,8142,635,-700,37.829901,73.28413839840367,2.3756635668837767,36,-0.1325301204819277,-5.5,-0.21739130434782605,-10,-15,-0.001398974788015428,0.22212116663769566,0.22,695000,0.0037550548815712403,-0.01341472070409544,1.9857,0,1,92101
202011,92101,"san diego, ca",234,9053,-911,-1763,32.36091,62.37884453941845,2.3429748912462793,49,0.36111111111111116,13,0,0,-7.5,-0.02846263931889481,0.18807463387811008,0.2241,697000,0.0028776978417266452,-0.018171573461050805,1.9957,0,1,92101
202012,92101,"san diego, ca",234,8991,62,-1707,32.872981,62.43909924425519,3.306863083592281,57,0.16326530612244894,8,-0.017241379310344862,-1,-7,0.23589895713446563,0.4023817444443838,0.2587,712450,0.022166427546628453,0.0214336917562723,2.0892,0,1,92101
202101,92101,"san diego, ca",234,8653,338,-2230,35.32871,66.87610144816489,3.781319439123439,58,0.01754385964912286,1,0.11538461538461542,6,-13,0.5619946057687693,0.4134296742981025,0.263,699000,-0.018878517790722138,-0.025716077775454704,2.0565,0,1,92101
202102,92101,"san diego, ca",234,8065,588,-1108,39.668372,75.67282528026249,3.6639193781492914,38,-0.3448275862068966,-20,0.027027027027026973,1,-25.5,0.06356071356829496,0.6676318063958513,0.2363,700000,0.0014306151645206988,-0.06654220562741697,2.0129,0,1,92101
202103,92101,"san diego, ca",234,8676,-611,-731,35.429753,67.972377199485,2.8871288673871485,38,0,0,-0.10588235294117643,-4.5,-10,-0.05133804569200673,0.9727522197283682,0.2101,754250,0.0774999999999999,0.00580077343645824,2.1148,0,1,92101
202104,92101,"san diego, ca",234,9265,-589,-1102,30.498774,57.27524043141378,3.722306584121793,38.5,0.013157894736842035,0.5,-0.2376237623762376,-12,-1.5,0.1363749376369674,0.7836941793518621,0.2393,767169,0.017128273118992343,0.023574382921947912,2.0615,0,1,92101
202105,92101,"san diego, ca",234,9520,-255,-1653,27.687471,51.9360527526453,3.4388897408372947,37,-0.038961038961038974,-1.5,-0.28846153846153844,-15,0,-0.03128513145220413,0.5539607074717683,0.2484,739900,-0.035544971186270535,0.020551724137930938,1.9476,0,1,92101
202106,92101,"san diego, ca",234,9846,-326,-1852,25.897021,47.728061047519944,4.06598065286931,38,0.027027027027026973,1,-0.12643678160919536,-5.5,2.5,-0.005882812318615649,0.7923322261157932,0.2838,698900,-0.05541289363427493,-0.01556447637157543,1.8153,0,1,92101
202107,92101,"san diego, ca",234,9197,649,-905,30.525996,56.24429917908179,4.807692307692308,34.5,-0.09210526315789469,-3.5,-0.1785714285714286,-7.5,-2,0.05608593728365863,0.8770912507547206,0.3319,699450,0.0007869509228788374,0.011496746203904618,1.8168,0,1,92101
202108,92101,"san diego, ca",234,8980,217,-980,32.463084,58.738011873953425,6.188156492616836,35.5,0.02898550724637672,1,-0.04054054054054057,-1.5,-2,0.05332348422456712,1.04259209346257,0.3866,710000,0.01508327971977974,0.04427121635534648,1.8661,0,1,92101
202109,92101,"san diego, ca",234,8320,660,457,36.808616,62.02704756116092,11.590183862634857,38,0.07042253521126751,2.5,-0.08433734939759041,-3.5,-3.5,0.24191661073821913,1.8569091986861226,0.5052,697000,-0.018309859154929553,0.006643558636626246,1.8342,0,1,92101
202110,92101,"san diego, ca",234,7640,680,502,40.470437,63.614739862568904,17.326134561655216,39,0.026315789473684292,1,0.08333333333333326,3,-4,0.17710608249389437,2.367596377334295,0.6033,749000,0.0746054519368724,0.07769784172661875,1.9711,0,1,92101
202111,92101,"san diego, ca",234,5901,1739,3152,49.82561,72.71089647771262,26.940324249741288,37.5,-0.038461538461538436,-1.5,-0.23469387755102045,-11.5,-9,0.14899399759903975,2.982706358488091,0.7339,747000,-0.002670226969292422,0.07173601147776187,1.9686,0,1,92101
202112,92101,"san diego, ca",234,4618,1283,4373,57.068326,81.57752357396816,32.55912814963673,37.5,0,0,-0.3421052631578947,-19.5,-16,-0.010498061768656641,2.188687585162751,0.7869,714450,-0.04357429718875505,0.002807214541371339,1.9052,0,1,92101
202201,92101,"san diego, ca",234,4702,-84,3951,56.735842,84.40263770364623,29.069045771916212,36,-0.040000000000000036,-1.5,-0.3793103448275862,-22,-25,0.3107772327618352,1.6758473259672626,0.7078,798888,0.11818601721604027,0.14290128755364817,2.1304,0,1,92101
201904,92101,"san diego, ca",234,7351,-423,-1109,44.543947,80.02579694121982,9.06209692279344,37.5,-0.1071428571428571,-4.5,0.04166666666666674,1.5,-21,-0.09564226428982914,-0.21251942410098135,0.4172,639035.7142857143,0.01549375709421108,-0.05328042328042326,2.0122,0,1,92101
201905,92101,"san diego, ca",234,7696,-345,-840,41.767519,73.92311936729814,9.611918337318375,41,0.09333333333333327,3.5,0.15492957746478875,5.5,-14.5,-0.021479816254022288,-0.015598056334602206,0.4267,629000,-0.015704465433409753,-0.07771260997067453,1.9387,0,1,92101
201906,92101,"san diego, ca",234,7274,422,-708,43.584071,79.34615665910918,7.8219849338111604,38,-0.07317073170731703,-3,0.05555555555555558,2,-19,-0.14466348723322597,-0.15387631040258054,0.3998,629000,0,-0.07363770250368185,1.936,0,1,92101
201907,92101,"san diego, ca",234,7747,-473,-1100,40.541677,73.44281482023335,7.640539848579057,45.5,0.19736842105263164,7.5,0.22972972972972983,8.5,-14,0.10326442793574286,-0.03743484922822893,0.4187,632000,0.004769475357710551,-0.06921944035346095,1.964,1,1,92101
201908,92101,"san diego, ca",234,7432,315,-606,41.234464,76.28749498851916,6.181433830229253,47,0.03296703296703307,1.5,0.20512820512820507,8,-17,-0.008512594036313104,0.04525921226737317,0.4094,679957.1428571428,0.07588155515370709,0.03423399932640181,2.1399,1,1,92101
201909,92101,"san diego, ca",234,6796,636,-249,45.914752,84.50272106358888,7.326783301070164,42,-0.1063829787234043,-5,0.07692307692307687,3,-24,0.024440457936497628,0.11460124172601382,0.4283,679907.1428571428,-0.00007353404626342375,0.04617193853999524,2.1591,0,1,92101
201910,92101,"san diego, ca",234,7442,-646,-1057,42.892964,79.48239256168095,6.30353613002416,46,0.09523809523809534,4,0.16455696202531644,6.5,-20,-0.08601129352519898,-0.025890791620306164,0.4097,704450,0.03609736623698612,0.08385343784401722,2.2473,0,1,92101
201911,92101,"san diego, ca",234,7290,152,-960,43.851602,80.46677186158307,7.2364316905801624,49,0.0652173913043479,3,0.1807228915662651,7.5,-20,-0.0006213929574442334,0.0275461997735853,0.4138,709900,0.0077365320462772225,0.09324709324709324,2.2907,0,1,92101
201912,92101,"san diego, ca",234,7284,6,-1091,44.59765,80.84806701508582,8.347233033099819,58,0.18367346938775508,9,0.13725490196078427,7,-21,0.04703316826875614,0.0002773818516821347,0.425,697500,-0.017467248908296984,0.10890302066772661,2.3254,0,1,92101
202001,92101,"san diego, ca",234,6423,861,-598,49.674576,88.64177328176139,10.707378756322523,52,-0.10344827586206895,-6,0.061224489795918435,3,-33,0.549785433179415,0.10088040438581314,0.4484,717450,0.028602150537634374,0.1088871715610511,2.3923,0,1,92101
202002,92101,"san diego, ca",234,6957,-534,-1055,46.715274,85.44357674229246,7.986972130722824,37,-0.28846153846153844,-15,0.17460317460317465,5.5,-42,-0.09856104494431983,0.06952905066987136,0.3843,749900,0.04522963272701941,0.16308646762310963,2.4198,0,1,92101
202003,92101,"san diego, ca",234,7945,-988,-1017,40.564669,75.28549641037087,5.843841833128743,42.5,0.14864864864864868,5.5,0.011904761904761862,0.5,-16,-0.19806510280369194,-0.0911778067501896,0.3467,749900,0,0.1916685584562996,2.3434,0,1,92101
202004,92101,"san diego, ca",234,8163,-218,-812,38.723197,70.32144594544025,7.124948546196161,50.5,0.18823529411764706,8,0.3466666666666667,13,-11.5,0.25682205314007756,0.2630264880330022,0.3904,749500,-0.0005334044539272442,0.17286089532219306,2.3347,1,1,92101
202005,92101,"san diego, ca",234,7867,296,-171,40.449835,75.24237584042197,5.657293562646261,52,0.02970297029702973,1.5,0.2682926829268293,11,-19,0.11192713185876957,0.4352217191104657,0.3527,725000,-0.03268845897264838,0.15262321144674096,2.197,1,1,92101
202006,92101,"san diego, ca",234,7994,-127,-720,39.495939,75.4787273675583,3.5131510319648314,43.5,-0.16346153846153844,-8.5,0.14473684210526305,5.5,-25,-0.13809559088996382,0.446242396165657,0.2817,709950,-0.02075862068965517,0.1286963434022257,2.0731,0,1,92101
201708,92101,"san diego, ca",234,4345,,,62.845329,87.73098174100772,37.95967653408467,36,,,,,-30.5,,,0.8183,695000,,,2.491,0,1,92101
201709,92101,"san diego, ca",234,4220,,,62.515955,88.84431639983954,36.18759345027534,37,,,,,-34,,,0.8146,699500,,,2.5114,0,1,92101
201710,92101,"san diego, ca",234,4557,,,60.856359,89.90301921317474,31.809698078682523,37.5,,,,,-37,,,0.7457,679000,,,2.4468,0,1,92101
201711,92101,"san diego, ca",234,4516,,,61.634481,90.79227549746678,32.476686981423015,39.5,,,,,-38,,,0.7495,699000,,,2.5418,0,1,92101
201712,92101,"san diego, ca",234,4852,,,59.658652,87.4507493463932,31.866553743049675,51,,,,,-34,,,0.7328,699000,,,2.5783,0,1,92101
201801,92101,"san diego, ca",234,4221,,,63.723967,93.33037398734879,34.117560019235746,40,,,,,-50,,,0.7484,699900,,,2.5772,0,1,92101
201802,92101,"san diego, ca",234,4929,,,59.975561,91.6129748944679,28.338147078427017,30,,,,,-54.5,,,0.6502,700000,,,2.5248,0,1,92101
201803,92101,"san diego, ca",234,6163,,,52.854671,84.2560553633218,21.453287197231834,36,,,,,-29,,,0.5477,675000,,,2.3356,1,1,92101
201804,92101,"san diego, ca",234,6242,,,51.624143,81.72701128235381,21.52127424231251,36,,,,,-23.5,,,0.5696,675000,,,2.2653,0,1,92101
201805,92101,"san diego, ca",234,6856,,,47.613181,79.29461954323122,15.931742120554595,35.5,,,,,-21.5,,,0.4894,682000,,,2.2741,1,1,92101
201806,92101,"san diego, ca",234,6566,,,48.117544,80.77049359746087,15.464594505855315,36,,,,,-21,,,0.5144,679000,,,2.2633,0,1,92101
201807,92101,"san diego, ca",234,6647,,,47.798098,82.8383321141185,12.757863935625458,37,,,,,-22.5,,,0.4937,679000,,,2.2641,0,1,92101
201808,92101,"san diego, ca",234,6826,-179,-2481,46.50573,82.83701919567915,10.17443982191081,39,0.054054054054053946,2,0.08333333333333326,3,-23,-0.0869525824704005,-0.3162824023424985,0.4605,657450,-0.03173784977908689,-0.05402877697841724,2.197,0,1,92101
201809,92101,"san diego, ca",234,6547,279,-2327,48.252537,85.88573298905335,10.619340291668182,39,0,0,0.054054054054053946,2,-26,-0.03929245187333896,-0.30291938219801795,0.4738,649900,-0.01148376302380405,-0.07090779127948532,2.1736,0,1,92101
201810,92101,"san diego, ca",234,6385,162,-1828,49.777364,87.18566371035439,12.36906456440016,39.5,0.012820512820512775,0.5,0.05333333333333323,2,-29,0.04580979052122758,-0.23887305133631842,0.5024,649949.5,0.0000761655639329728,-0.04278424153166416,2.1737,0,1,92101
201811,92101,"san diego, ca",234,6330,55,-1814,50.232541,88.72816493939283,11.736917273959058,41.5,0.05063291139240511,2,0.05063291139240511,2,-30,-0.05259354373328251,-0.27941800310889775,0.4908,649350,-0.0009223793540882319,-0.07103004291845494,2.1772,0,1,92101
201812,92101,"san diego, ca",234,6193,137,-1341,50.574038,87.59124087591242,13.556835271246745,51,0.22891566265060237,9.5,0,0,-30,0.07557660766039831,-0.21890531828420035,0.5213,629000,-0.031339031339031376,-0.10014306151645203,2.1541,1,1,92101
201901,92101,"san diego, ca",234,5825,368,-1604,53.034495,90.6843755764619,15.384615384615385,49,-0.039215686274509776,-2,0.2250000000000001,9,-38,0.4081596051275467,-0.2268514668338265,0.5406,647000,0.02861685214626397,-0.07558222603229037,2.231,1,1,92101
201902,92101,"san diego, ca",234,5902,-77,-973,53.239473,93.56915562791386,12.909790572041738,31.5,-0.3571428571428571,-17.5,0.050000000000000044,1.5,-51.5,-0.07213695528020192,-0.2064916045451668,0.4917,644750,-0.0034775888717155645,-0.07892857142857146,2.16,0,1,92101
201903,92101,"san diego, ca",234,6928,-1026,-765,46.342271,82.7945124866674,9.890029055868183,42,0.33333333333333326,10.5,0.16666666666666674,6,-23,-0.05625910583187976,-0.12548170828724836,0.4534,629285.7142857143,-0.023984933252091056,-0.06772486772486763,2.0507,0,1,92101
202006,92129,"san diego, ca",924,433,-13,605,87.659265,91.79643841740555,83.52209224349899,24.5,0.11363636363636354,2.5,0.16666666666666674,3.5,-44,0.21490664611168198,1.9778701716738194,2.0666,869000,-0.006857142857142895,0.158821176156821,2.5376,0,26,92129
202007,92129,"san diego, ca",924,705,-272,601,84.534793,91.52877899376237,77.54080603593172,24,-0.020408163265306145,-0.5,-0.18644067796610164,-5.5,-33.5,-0.0371705520312291,1.80044907691753,1.8019,834500,-0.03970080552359034,0.12922868741542626,2.3911,0,26,92129
202008,92129,"san diego, ca",924,523,182,580,86.383629,91.70269867302818,81.06455941553601,21,-0.125,-3,-0.38235294117647056,-13,-32,0.1677320742451336,1.8953502113028748,1.9565,845000,0.012582384661473878,0.08591885441527447,2.4143,0,26,92129
202009,92129,"san diego, ca",924,1089,-566,-432,80.833962,95.8188679245283,65.84905660377358,13,-0.38095238095238093,-8,-0.5737704918032787,-17.5,-38,-0.29137865135645047,0.9011920556003685,1.425,789950,-0.06514792899408284,0.021267628485861945,2.257,0,26,92129
202010,92129,"san diego, ca",924,1460,-371,-775,76.369489,94.40909604307068,58.329882158051284,16,0.23076923076923084,3,-0.5076923076923077,-16.5,-35,-0.16214067415571043,0.6723294775980682,1.2451,775000,-0.01892524843344512,0.10320284697508897,2.2143,0,26,92129
202011,92129,"san diego, ca",924,699,761,-557,83.557201,94.22269709226894,72.89170418988019,20.5,0.28125,4.5,-0.31666666666666665,-9.5,-36,0.2403521760798364,0.4844775787248248,1.6192,769900,-0.0065806451612903105,0.07678321678321676,2.2044,0,26,92129
202104,92129,"san diego, ca",924,1201,220,-700,77.212553,85.18085893392517,69.24424716738699,19,-0.28301886792452835,-7.5,-0.09523809523809523,-2,-21,-0.08672572207324036,1.4068872480334713,1.5131,862000,0.045482110369921225,-0.03363228699551568,2.3164,0,26,92129
202105,92129,"san diego, ca",924,2522,-1321,-2102,66.847493,76.28431222205182,57.410673209630424,23,0.21052631578947367,4,0.045454545454545414,1,-14,-0.24454553112627408,0.47213657645312335,1.2248,950000,0.10208816705336421,0.08571428571428563,2.5007,0,26,92129
202106,92129,"san diego, ca",924,1327,1195,-894,74.756234,83.47400470189233,66.03846302077312,18.5,-0.19565217391304346,-4.5,-0.24489795918367352,-6,-17,0.006819568993849279,0.21999160853085287,1.4171,1030000,0.08421052631578951,0.1852704257767548,2.6753,0,26,92129
202107,92129,"san diego, ca",924,1823,-496,-1118,69.717239,91.09531772575251,48.33916083916084,14.5,-0.21621621621621623,-4,-0.39583333333333337,-9.5,-22,-0.3078796706051098,-0.12302122069830679,1.0865,1029500,-0.0004854368932039055,0.23367285799880166,2.674,0,26,92129
202108,92129,"san diego, ca",924,2106,-283,-1583,67.689146,84.87973816410413,50.49855381336581,22,0.5172413793103448,7.5,0.04761904761904767,1,-15.5,-0.05492965325145993,-0.2902424645811543,1.1354,1075000,0.04419621175327837,0.2721893491124261,2.8255,0,26,92129
202109,92129,"san diego, ca",924,1131,975,-42,75.146254,87.6386567390974,62.65385199817657,23,0.045454545454545414,1,0.7692307692307692,10,-18.5,0.14857552796428974,0.15041712690538822,1.3721,935000,-0.13023255813953494,0.18361921640610168,2.4605,1,26,92129
202110,92129,"san diego, ca",924,640,491,820,79.811976,83.05519897304237,76.5687533036321,28,0.21739130434782616,5,0.75,12,-15,0.26731412195510273,0.7400771538791255,1.7642,1040000,0.11229946524064172,0.34193548387096784,2.7368,1,26,92129
201812,92129,"san diego, ca",924,925,89,-895,82.628471,96.08260279499689,69.1743388475223,36,0.24137931034482762,7,0.19999999999999996,6,-45,0.05348621420996813,-0.6852225918884665,1.4676,799000,-0.01655486491476399,0.05270092226613965,2.7363,0,26,92129
201901,92129,"san diego, ca",924,714,211,-562,85.128205,91.91293119350674,78.34347906290353,46.5,0.29166666666666674,10.5,0.36764705882352944,12.5,-40.5,0.6158933845172079,-0.5628830250951975,1.7465,794000,-0.006257822277847325,-0.012990241780098222,2.7379,1,26,92129
