san_diego_ca_city_2.csv
month_date_yyyymm,postal_code,zip_name,nielsen_hh_rank,hotness_rank,hotness_rank_mm,hotness_rank_yy,hotness_score,supply_score,demand_score,median_days_on_market,median_days_on_market_mm,median_dom_mm_day,median_days_on_market_yy,median_dom_yy_day,median_dom_vs_us,ldp_unique_viewers_per_property_mm,ldp_unique_viewers_per_property_yy,ldp_unique_viewers_per_property_vs_us,median_listing_price,median_listing_price_mm,median_listing_price_yy,median_listing_price_vs_us,quality_flag,id,zip_code
201902,92129,"san diego, ca",924,448,266,-402,88.316806,96.96958484422407,79.66402723303486,22,-0.5268817204301075,-24.5,1.5882352941176472,13.5,-61,0.05961627195023378,-0.47868952761580796,1.8141,786950,-0.008879093198992494,-0.000697778220811518,2.6363,1,26,92129
201903,92129,"san diego, ca",924,430,18,-331,86.387877,95.03107874508073,77.7446761557983,23,0.045454545454545414,1,1.5555555555555554,14,-42,0.07912284644101764,-0.342617015041077,1.9126,806428.5714285715,0.02475198097537512,-0.015349729635443898,2.6279,1,26,92129
201904,92129,"san diego, ca",924,414,16,-199,88.745163,95.24967753823475,82.2406486088078,19,-0.17391304347826086,-4,0.8095238095238095,8.5,-39.5,0.03879045865930353,-0.1330745641845965,2.0218,813428.5714285714,0.008680248007085778,-0.014025974025974053,2.5613,1,26,92129
201905,92129,"san diego, ca",924,381,33,-136,89.060143,97.08662865550856,81.03365826742689,14.5,-0.23684210526315785,-4.5,-0.09375,-1.5,-41,-0.09497668116525448,-0.13583351982227776,1.9122,802300,-0.013681067790656698,-0.047602089268755976,2.4728,0,26,92129
201906,92129,"san diego, ca",924,1038,-657,-836,81.551232,95.18393915014994,67.91852556132524,21,0.4482758620689655,6.5,0.75,9,-36,-0.31990342889525447,-0.32201031090868837,1.4246,749900,-0.0653122273463792,-0.06261914136963354,2.3081,1,26,92129
201907,92129,"san diego, ca",924,1306,-268,-919,78.702315,91.83277861087744,65.5718517976665,29.5,0.40476190476190466,8.5,0.7878787878787878,13,-30,0.023829041259087802,-0.15437584093657586,1.3846,739000,-0.014535271369515934,-0.08900394477317553,2.2965,1,26,92129
201908,92129,"san diego, ca",924,1103,203,-318,79.695302,90.55290301417793,68.83770091482305,34,0.15254237288135597,4.5,0.6585365853658536,13.5,-30,0.12945722304703033,0.17835383837678087,1.5422,778142.8571428572,0.05296733036922485,0.011889281070035285,2.4489,1,26,92129
201909,92129,"san diego, ca",924,657,446,94,85.023193,94.05748931662954,75.98889659958363,30.5,-0.1029411764705882,-3.5,0.326086956521739,7.5,-35.5,0.0791687065412916,0.36009156135794407,1.6998,773499.5,-0.005967229667707019,-0.03191551939924908,2.4563,1,26,92129
201910,92129,"san diego, ca",924,685,-28,223,84.160627,92.10776777216488,76.21348561388096,32.5,0.06557377049180335,2,0.1206896551724137,3.5,-33.5,-0.04747747657134049,0.355484325224374,1.6942,702500,-0.09178997530056576,-0.12176522065258155,2.241,1,26,92129
201911,92129,"san diego, ca",924,142,543,872,92.567245,94.76716450772449,90.36732596968918,30,-0.07692307692307687,-2.5,0.034482758620689724,1,-39,0.39731144234797866,1.0671615411806292,2.393,715000,0.017793594306049876,-0.11994584282109666,2.3072,1,26,92129
201912,92129,"san diego, ca",924,105,37,820,94.036102,94.44753326661477,93.62467104043886,38.5,0.28333333333333344,8.5,0.06944444444444442,2.5,-40.5,0.19830799045915315,1.3513323278029161,2.8123,759500,0.06223776223776234,-0.04943679599499373,2.5321,0,26,92129
202001,92129,"san diego, ca",924,145,-40,569,93.816944,97.24040464147575,90.39348408211842,27,-0.2987012987012987,-11.5,-0.4193548387096774,-19.5,-58,0.30925885609429904,0.9051397222698441,2.5068,849450,0.11843317972350231,0.0698362720403023,2.8324,0,26,92129
202002,92129,"san diego, ca",924,222,-77,226,92.333173,91.03593767348903,93.63040823124467,29,0.07407407407407418,2,0.3181818181818181,7,-50,0.2562534741523068,1.258684071019493,2.9944,820000,-0.03466949202425096,0.0419975856153505,2.646,1,26,92129
202003,92129,"san diego, ca",924,215,7,215,92.528736,97.96153703083733,87.09593423353049,11,-0.6206896551724138,-18,-0.5217391304347826,-12,-47.5,-0.3107475547275269,0.44265643543972666,2.3219,844900,0.0303658536585365,0.04770593445527016,2.6403,0,26,92129
202004,92129,"san diego, ca",924,501,-286,-87,87.525727,96.23919470119372,78.81225910264567,21,0.9090909090909092,10,0.10526315789473695,2,-41,-0.1204869180960102,0.22145443008767907,1.8294,892000,0.05574624215883528,0.09659290481208305,2.7786,0,26,92129
202005,92129,"san diego, ca",924,420,81,-39,87.335166,95.15248319156049,79.51784851974296,22,0.04761904761904767,1,0.5172413793103448,7.5,-49,0.23513929120826327,0.6669916980306745,1.8359,875000,-0.01905829596412556,0.09061448336033906,2.6515,1,26,92129
201708,92129,"san diego, ca",924,63,,,96.203666,96.93366021442424,95.47367265542098,20,,,,,-46.5,,,3.1159,737000,,,2.6416,0,26,92129
201709,92129,"san diego, ca",924,26,,,97.509208,97.48368039094125,97.53473615112505,18,,,,,-53,,,3.9629,720000,,,2.585,0,26,92129
201710,92129,"san diego, ca",924,46,,,96.775846,95.91948764867337,97.63220494053066,26,,,,,-48.5,,,3.9376,759450,,,2.7367,0,26,92129
201711,92129,"san diego, ca",924,35,,,97.41354,98.36258168734857,96.46449812761583,17.5,,,,,-60,,,3.5525,744500,,,2.7073,0,26,92129
201712,92129,"san diego, ca",924,30,,,97.737232,97.06153109695475,98.41293220900688,30,,,,,-55,,,5.1192,759000,,,2.7997,0,26,92129
201801,92129,"san diego, ca",924,152,,,96.145452,95.08378648318721,97.20711722709281,34,,,,,-56,,,4.2761,804450,,,2.9622,1,26,92129
201802,92129,"san diego, ca",924,46,,,97.441309,98.80767236910316,96.07494630822781,8.5,,,,,-76,,,3.6512,787499.5,,,2.8404,0,26,92129
201803,92129,"san diego, ca",924,99,,,96.068615,98.48339836560407,93.6538319958772,9,,,,,-56,,,3.0738,819000,,,2.8339,0,26,92129
201804,92129,"san diego, ca",924,215,,,93.768896,97.9278814246737,89.60991077354178,10.5,,,,,-49,,,2.5071,825000,,,2.7686,0,26,92129
201805,92129,"san diego, ca",924,245,,,93.06572,95.94351072045897,90.18792982972307,16,,,,,-41,,,2.4982,842400,,,2.8089,1,26,92129
201806,92129,"san diego, ca",924,202,,,93.216227,97.93513552953193,88.49731859472475,12,,,,,-45,,,2.2875,799995,,,2.6667,0,26,92129
201807,92129,"san diego, ca",924,387,,,89.557425,97.52377468910022,81.59107534747622,16.5,,,,,-43,,,1.8583,811200,,,2.7049,0,26,92129
201808,92129,"san diego, ca",924,785,-398,-722,84.486534,96.4601124005547,72.51295525874025,20.5,0.24242424242424243,4,0.02499999999999991,0.5,-41.5,-0.18946560588886419,-0.3999983775075344,1.5389,769000,-0.052021696252465444,0.04341926729986434,2.5698,0,26,92129
201809,92129,"san diego, ca",924,751,34,-725,84.640143,96.35960286576719,72.92068225624614,23,0.12195121951219523,2.5,0.2777777777777777,5,-42,-0.06503163188557526,-0.5340121364731029,1.5409,799000,0.03901170351105332,0.10972222222222228,2.6722,1,26,92129
201810,92129,"san diego, ca",924,908,-157,-862,82.683675,94.70783605241067,70.65951312091681,29,0.26086956521739135,6,0.11538461538461542,3,-39.5,-0.04423989122541372,-0.5715964871548482,1.4932,799900,0.001126408010012625,0.053262229244848136,2.6753,0,26,92129
201811,92129,"san diego, ca",924,1014,-106,-979,81.783059,96.18779067638334,67.37832790127074,29,0,0,0.6571428571428573,11.5,-42.5,-0.0837514534652204,-0.5630151798126747,1.4108,812450,0.015689461182647912,0.09126930826057755,2.7241,1,26,92129
202008,92119,"san diego, ca",4467,267,-150,319,90.43723,96.1830922916356,84.69136722826897,13,-0.0714285714285714,-1,-0.5357142857142857,-15,-40,-0.1259035131954951,1.8393135725429022,2.1518,629900,0.04547717842323662,-0.017243100887429974,1.7997,0,18,92119
202009,92119,"san diego, ca",4467,242,25,304,90.560377,95.8188679245283,85.30188679245283,13,0,0,-0.5666666666666667,-17,-38,-0.026245629370629353,1.7524973526297214,2.1537,699999,0.11128591839974589,0.05836594113057836,2,0,18,92119
202010,92119,"san diego, ca",4467,332,-90,-35,88.067091,95.97153721621928,80.16264447874704,14,0.07692307692307687,1,-0.4509803921568627,-11.5,-37,-0.1581498687133912,1.1803643157403085,1.8908,728999,0.04142863061232949,0.15898092209856918,2.0829,0,18,92119
202011,92119,"san diego, ca",4467,440,-108,-145,86.487827,93.1656872471953,79.80996718308783,22.5,0.6071428571428572,8.5,-0.09999999999999998,-2.5,-34,-0.05426627115686622,1.1006554573952694,1.8748,587450,-0.1941689906296168,-0.0660572337042925,1.682,0,18,92119
202105,92119,"san diego, ca",4467,971,-354,-889,77.695139,92.86535807391503,62.52491949087563,9,-0.5384615384615384,-10.5,-0.6086956521739131,-14,-28,-0.3735958119751336,0.03783482142857153,1.3447,799000,0,0.333889816360601,2.1032,1,18,92119
202106,92119,"san diego, ca",4467,2455,-1484,-2270,67.144564,71.66531776313253,62.62381007438239,25.5,1.8333333333333335,16.5,0.7,10.5,-10,-0.1314119797827723,0.03245369844335877,1.3422,892950,0.11758448060075088,0.37487971053543245,2.3194,1,18,92119
202107,92119,"san diego, ca",4467,2142,313,-2025,67.820766,86.62967467315293,49.01185770750988,18.5,-0.27450980392156865,-7,0.3214285714285714,4.5,-18,-0.2600909231106737,-0.39564045583633134,1.1001,899000,0.006775295369281675,0.49211618257261414,2.3351,1,18,92119
202108,92119,"san diego, ca",4467,1911,231,-1644,69.03448,80.90272492007917,57.16623534784594,24.5,0.32432432432432434,6,0.8846153846153846,11.5,-13,0.03421725993339919,-0.28493126191989826,1.2581,899000,0,0.42721066836005717,2.3629,1,18,92119
202109,92119,"san diego, ca",4467,1811,100,-1569,69.943778,91.87813402218508,48.00942106062908,18.5,-0.24489795918367352,-6,0.42307692307692313,5.5,-23,-0.1739874106615873,-0.39342425799358915,1.0934,899000,0,0.28428754898221276,2.3658,1,18,92119
202110,92119,"san diego, ca",4467,1474,337,-1142,72.207959,87.20833647964963,57.20758136373934,24,0.29729729729729737,5.5,0.7142857142857142,10,-19,0.1296051184409146,-0.1860890229412302,1.2531,875000,-0.026696329254727424,0.2002759948916253,2.3026,1,18,92119
202111,92119,"san diego, ca",4467,1018,456,-578,78.197463,93.30420451496686,63.09072093825458,19.5,-0.1875,-4.5,-0.1333333333333333,-3,-27,0.020355564777970292,-0.12186848227177938,1.3537,882500,0.008571428571428674,0.5022555111073284,2.3257,1,18,92119
202112,92119,"san diego, ca",4467,964,54,-934,80.271294,92.9587262328026,67.58386149327562,25.5,0.3076923076923077,6,0.4571428571428571,8,-28,-0.026552854194068387,-0.5658203148968547,1.4279,907450,0.028271954674220945,0.2691608391608391,2.4199,1,18,92119
201905,92119,"san diego, ca",4467,98,126,168,94.272577,96.95052418613206,91.59462939120839,15,-0.1428571428571429,-2.5,0,0,-40.5,0.07791434619661386,0.2664432374638641,2.6843,631950,-0.014776624572354957,-0.0008695652173913437,1.9478,0,18,92119
201906,92119,"san diego, ca",4467,796,-698,-485,83.886126,96.03232648284941,71.7399254004242,19,0.2666666666666666,4,-0.09523809523809523,-2,-38,-0.48035893085302683,-0.25987912598791263,1.5279,649900,0.028404145897618527,-0.028550074738415532,2.0003,0,18,92119
201907,92119,"san diego, ca",4467,591,205,-88,85.627812,94.56859661314509,76.68702680955342,25.5,0.3421052631578947,6.5,-0.019230769230769273,-0.5,-34,0.16780271306025063,-0.011023778928378691,1.6939,620000,-0.04600707801200188,-0.04973561192428544,1.9267,0,18,92119
201908,92119,"san diego, ca",4467,586,5,-148,84.551882,94.40536501804134,74.69839997084229,28,0.0980392156862746,2.5,0.3999999999999999,8,-36,0.035442695774210664,0.13500018729898788,1.7297,640952,0.033793548387096806,-0.05044148148148153,2.0171,1,18,92119
201909,92119,"san diego, ca",4467,546,40,-92,86.1591,94.2766353774791,78.04156470287447,30,0.0714285714285714,2,0.25,6,-36,0.0044674514253297826,0.2670039224311742,1.7744,661396,0.03189630424743184,-0.020154074074074102,2.1003,1,18,92119
201910,92119,"san diego, ca",4467,297,249,498,89.503258,95.8488908412036,83.15762500915147,25.5,-0.15000000000000002,-4.5,0.15909090909090917,3.5,-40.5,0.06275370631839028,0.5986830940501646,1.9733,629000,-0.048981245728731304,-0.03962134514085047,2.0066,0,18,92119
201911,92119,"san diego, ca",4467,295,2,945,89.965506,96.40380169535064,83.52721001064181,25,-0.019607843137254943,-0.5,-0.24242424242424243,-8,-44,-0.018380635766684028,0.7426165418340396,1.958,629000,0,-0.006319115323854652,2.0297,0,18,92119
201912,92119,"san diego, ca",4467,168,127,692,92.670225,95.21850328032914,90.12194669928462,37.5,0.5,12.5,-0.18478260869565222,-8.5,-41.5,0.24672926694547437,0.7831179885025394,2.3941,587450,-0.0660572337042925,-0.0660572337042925,1.9585,0,18,92119
202001,92119,"san diego, ca",4467,135,33,118,94.021497,97.8652186849152,90.17777447188337,22,-0.41333333333333333,-15.5,-0.06382978723404253,-1.5,-63,0.5274933974998532,0.6463688809760872,2.4897,639497.5,0.08859902970465572,0.0031333333333334323,2.1324,0,18,92119
202002,92119,"san diego, ca",4467,250,-115,17,91.748399,94.85547207520634,88.64132647396276,21,-0.045454545454545414,-1,-0.1428571428571429,-3.5,-58,0.010362588126568317,0.5475504858156686,2.3919,675000,0.055516245176877144,0.008968609865470878,2.1781,0,18,92119
202003,92119,"san diego, ca",4467,544,-294,-174,88.24164,89.18647472380314,87.29680467209761,28,0.33333333333333326,7,0.03703703703703698,1,-30.5,-0.13000112132765185,0.33140646607345703,2.3411,677450,0.0036296296296296493,0.04314851065673819,2.117,0,18,92119
202004,92119,"san diego, ca",4467,65,479,159,94.57022,96.23919470119372,92.90124611757662,21,-0.25,-7,0.19999999999999996,3.5,-41,0.38424163698731006,0.6445770922588243,2.9031,659900,-0.025905970920363175,0.02879801478709232,2.0556,0,18,92119
202005,92119,"san diego, ca",4467,82,-17,16,93.752089,94.7364510976561,92.76772779614427,23,0.09523809523809534,2,0.5333333333333334,8,-48,0.2121544838187257,0.8493876655422867,2.8591,599000,-0.09228671010759204,-0.05214020096526628,1.8152,1,18,92119
202006,92119,"san diego, ca",4467,185,-103,611,91.654869,96.09567096341554,87.21406750614709,15,-0.34782608695652173,-8,-0.21052631578947367,-4,-53.5,-0.12688492063492063,2.107391532827536,2.313,649475,0.08426544240400657,-0.0006539467610401362,1.8966,0,18,92119
202007,92119,"san diego, ca",4467,117,68,474,93.431816,96.47779479326188,90.38583647704777,14,-0.06666666666666665,-1,-0.4509803921568627,-11.5,-43.5,0.26401886149301235,2.3634118705246068,2.6476,602500,-0.07232764925516766,-0.028225806451612878,1.7264,0,18,92119
201711,92119,"san diego, ca",4467,122,,,95.522799,97.6393274102357,93.40627065129598,22,,,,,-55.5,,,2.8219,568900,,,2.0687,1,18,92119
201712,92119,"san diego, ca",4467,176,,,95.008653,96.7927237912877,93.22458298044704,31,,,,,-54,,,2.9003,568800,,,2.0981,0,18,92119
201801,92119,"san diego, ca",4467,65,,,97.536344,98.37235970850442,96.70032922724077,13,,,,,-77,,,4.0094,568900,,,2.0948,0,18,92119
201802,92119,"san diego, ca",4467,151,,,95.469525,96.65629860031105,94.28275198104124,17,,,,,-67.5,,,3.1802,544900,,,1.9654,1,18,92119
201803,92119,"san diego, ca",4467,174,,,94.658765,96.45512773319591,92.86240153132593,16,,,,,-49,,,2.9334,615000,,,2.128,1,18,92119
201804,92119,"san diego, ca",4467,136,,,95.112824,97.17203746036428,93.05360961581005,13,,,,,-46.5,,,2.9818,568350,,,1.9073,0,18,92119
201805,92119,"san diego, ca",4467,266,,,92.793571,96.5172299657975,89.06991283880696,15,,,,,-42,,,2.3929,632500,,,2.109,1,18,92119
201806,92119,"san diego, ca",4467,311,,,91.198789,94.38181751851447,88.0157600963117,21,,,,,-36,,,2.2475,669000,,,2.23,0,18,92119
201807,92119,"san diego, ca",4467,503,,,88.242502,93.12362838332115,83.36137527432334,26,,,,,-33.5,,,1.9439,652450,,,2.1756,1,18,92119
201808,92119,"san diego, ca",4467,438,65,-428,88.429677,96.76300999927012,80.09634333260345,20,-0.23076923076923073,-6,0.4285714285714286,6,-42,-0.09777265602050844,-0.40602896477740025,1.7919,675000,0.03456203540501179,0.08958837772397099,2.2556,1,18,92119
201809,92119,"san diego, ca",4467,454,-16,-370,87.384078,95.9486489435211,78.81950758264537,24,0.19999999999999996,4,0.41176470588235303,7,-41,-0.10018372846401602,-0.2799782610459033,1.7268,675000,0,0.125,2.2575,1,18,92119
201810,92119,"san diego, ca",4467,795,-341,-720,83.607066,97.22252636957553,69.99160553304866,22,-0.08333333333333337,-2,0.33333333333333326,5.5,-46.5,-0.1577360644551753,-0.4228827716999132,1.4746,654950,-0.029703703703703677,0.1196683477220275,2.1905,1,18,92119
201811,92119,"san diego, ca",4467,1240,-445,-1118,80.072875,94.53619950928334,65.60955066466474,33,0.5,11,0.5,11,-38.5,-0.09945863319967985,-0.46604358383792066,1.3694,633000,-0.0335140087029544,0.11267358059412902,2.1224,1,18,92119
201812,92119,"san diego, ca",4467,860,380,-684,83.226351,91.26655173678611,75.18614972673588,46,0.39393939393939403,13,0.4838709677419355,15,-35,0.21841126486101614,-0.37628635346756156,1.6475,629000,-0.006319115323854652,0.10583684950773553,2.1541,1,18,92119
201901,92119,"san diego, ca",4467,253,607,-188,90.927873,97.66463752075263,84.1911086515403,23.5,-0.48913043478260865,-22.5,0.8076923076923077,10.5,-63.5,0.6543685840235516,-0.46421043052760536,2.0073,637500,0.013513513513513598,0.12058358235190725,2.1983,1,18,92119
201902,92119,"san diego, ca",4467,267,-14,-116,90.893954,96.27025826981426,85.51764967068749,24.5,0.042553191489361764,1,0.4411764705882353,7.5,-58.5,0.07487900319923746,-0.3022193063155849,2.1149,669000,0.049411764705882266,0.22774821068085882,2.2412,1,18,92119
201903,92119,"san diego, ca",4467,370,-103,-196,87.312884,93.69230203391076,80.93346573982126,27,0.1020408163265305,2.5,0.6875,11,-38,0.011236779793584839,-0.2474402259091254,2.0895,649428.1428571428,-0.029255391842835765,0.055980720092915215,2.1163,1,18,92119
201904,92119,"san diego, ca",4467,224,146,-88,91.776304,95.9093421779989,87.64326515570296,17.5,-0.35185185185185186,-9.5,0.34615384615384626,4.5,-41,0.12064571175661332,-0.1409110616320879,2.3829,641428.1428571428,-0.012318529906640951,0.1285794719048876,2.0197,1,18,92119
201708,92119,"san diego, ca",4467,10,,,97.795382,98.37901130667058,97.21175308280581,14,,,,,-52.5,,,3.6649,619500,,,2.2204,0,18,92119
201709,92119,"san diego, ca",4467,84,,,95.773312,97.73531235184713,93.81131249772072,17,,,,,-54,,,2.8741,600000,,,2.1542,1,18,92119
