san_diego_ca_city_2.csv
month_date_yyyymm,postal_code,zip_name,nielsen_hh_rank,hotness_rank,hotness_rank_mm,hotness_rank_yy,hotness_score,supply_score,demand_score,median_days_on_market,median_days_on_market_mm,median_dom_mm_day,median_days_on_market_yy,median_dom_yy_day,median_dom_vs_us,ldp_unique_viewers_per_property_mm,ldp_unique_viewers_per_property_yy,ldp_unique_viewers_per_property_vs_us,median_listing_price,median_listing_price_mm,median_listing_price_yy,median_listing_price_vs_us,quality_flag,id,zip_code
201710,92119,"san diego, ca",4467,75,,,96.126258,98.1811527904849,94.07136322049405,16.5,,,,,-58,,,2.8865,584950,,,2.1079,0,18,92119
202107,92113,"san diego, ca",2754,4212,-3005,-3480,56.755473,51.976284584980235,61.53466099118273,36.5,0.7804878048780488,16,-0.0641025641025641,-2.5,0,-0.22172462089118672,-0.3168854093457333,1.3415,592450,-0.0512450956842021,0.22800290185511463,1.5388,0,12,92113
202109,92113,"san diego, ca",2754,98,1884,823,90.523857,94.21440510560704,86.83330800790154,15,-0.5833333333333333,-21,-0.5384615384615384,-17.5,-26.5,0.15280726042147363,0.24499214691313265,2.2738,579950,-0.029291154071470427,0.203840166061235,1.5262,0,12,92113
201908,92113,"san diego, ca",2754,114,49,79,91.784816,93.66548820935233,89.90414403907133,29,-0.07936507936507942,-2.5,-0.12121212121212122,-4,-35,-0.09029065644590828,0.06427976876956443,2.7611,472428.5714285714,0.038418664531424174,0.19602169981916817,1.4868,0,12,92113
201909,92113,"san diego, ca",2754,191,-77,523,91.04971,96.31104130903248,85.78837795390628,25,-0.13793103448275867,-4,-0.4444444444444444,-20,-41,-0.24174777747893772,0.12334559813335733,2.1382,469000,-0.007257332930148186,0.1725000000000001,1.4894,0,12,92113
201910,92113,"san diego, ca",2754,116,75,254,92.797789,93.18398125777875,92.41159674939601,31,0.24,6,-0.12676056338028174,-4.5,-35,0.17396386339556802,0.49855419284076175,2.6267,437450,-0.06727078891257998,0.06177184466019425,1.3955,0,12,92113
201911,92113,"san diego, ca",2754,16,100,365,96.519394,97.20744192873656,95.83134563869216,22,-0.29032258064516125,-9,-0.45679012345679015,-18.5,-47,0.19006685114660682,0.8205782828064283,3.1598,435000,-0.005600640073151197,0.043165467625899234,1.4037,0,12,92113
201912,92113,"san diego, ca",2754,48,-32,118,95.461285,97.14963490121946,93.7729345046147,30.5,0.38636363636363646,8.5,-0.25609756097560976,-10.5,-48.5,-0.08562807562807562,0.44630883765609997,2.8336,444450,0.02172413793103445,0.0607398568019093,1.4817,0,12,92113
202001,92113,"san diego, ca",2754,177,-129,-22,93.141922,95.74903302588515,90.53481106813447,34.5,0.13114754098360648,4,0.21052631578947367,6,-50.5,0.3083232770717723,0.43952199867277075,2.524,457400,0.02913713578580257,0.0737089201877934,1.5252,1,12,92113
202002,92113,"san diego, ca",2754,223,-46,7,92.28876,92.5200784633036,92.05744105999482,27,-0.21739130434782605,-7.5,-0.18181818181818177,-6,-52,0.15323487587482454,0.5204644579879265,2.7677,439000,-0.04022737210319194,-0.013483146067415741,1.4166,0,12,92113
202003,92113,"san diego, ca",2754,578,-355,-248,87.880817,84.30606703120932,91.45556671502436,33.5,0.2407407407407407,6.5,-0.06944444444444442,-2.5,-25,-0.11054083520549751,0.20210351314825958,2.7695,432499.5,-0.014807517084282407,-0.009002782324058933,1.3516,0,12,92113
202004,92113,"san diego, ca",2754,775,-197,-627,84.880066,77.56239943120158,92.19773229053624,44,0.31343283582089554,10.5,0.7959183673469388,19.5,-18,0.13000261866158547,0.17260638297872344,2.8035,464900,0.07491453747345367,0.09388235294117653,1.4482,1,12,92113
202005,92113,"san diego, ca",2754,191,584,-59,91.242896,93.75580401916719,88.72998774191151,26,-0.40909090909090906,-18,0.040000000000000036,1,-45,0.05103198004082543,0.243630386286251,2.394,499900,0.07528500752850076,0.07748679814635206,1.5148,0,12,92113
202006,92113,"san diego, ca",2754,591,-400,1059,85.55063,82.35228373444602,88.74897548617837,36.5,0.40384615384615374,10.5,-0.27,-13.5,-32,0.10238611066942283,1.0708842374096421,2.4454,536500,0.07321464292858582,0.1693548387096775,1.5667,0,12,92113
201804,92113,"san diego, ca",2754,3258,,,69.876853,53.35889683651648,86.3948086424305,64,,,,,4.5,,,2.2431,425000,,,1.4263,1,12,92113
201805,92113,"san diego, ca",2754,1105,,,84.024126,77.6065609944467,90.44169026516127,37,,,,,-20,,,2.5295,439900,,,1.4668,0,12,92113
201806,92113,"san diego, ca",2754,88,,,95.34311,95.3814162197658,95.30480464047281,18,,,,,-39,,,3.1721,420000,,,1.4,0,12,92113
201807,92113,"san diego, ca",2754,547,,,87.73226,80.74250182882224,94.72201901975129,39,,,,,-20.5,,,2.9421,397500,,,1.3254,1,12,92113
201808,92113,"san diego, ca",2754,193,354,-115,92.0535,88.70155463104882,95.40544485803956,33,-0.15384615384615385,-6,0.24528301886792447,6.5,-29,0.014833473271760544,-0.08202003463771368,3.0506,395000,-0.0062893081761006275,-0.07602231113720603,1.32,1,12,92113
201809,92113,"san diego, ca",2754,714,-521,-478,84.927447,79.6777830308761,90.17711023020694,45,0.36363636363636354,12,0.25,9,-20,-0.2816168938617918,-0.22305588902227558,2.3469,400000,0.012658227848101333,-0.06759906759906764,1.3378,1,12,92113
201810,92113,"san diego, ca",2754,370,344,-345,88.34994,90.4084090660243,86.29147049162378,35.5,-0.21111111111111114,-9.5,0.6904761904761905,14.5,-33,-0.11997367555116822,-0.3719674788915366,2.0941,412000,0.030000000000000027,0.01728520652494625,1.3779,1,12,92113
201811,92113,"san diego, ca",2754,381,-11,-175,88.052514,89.54846742593475,86.55656058886,40.5,0.14084507042253525,5,0.125,4.5,-31,-0.020432306378243892,-0.2771033314784547,2.1152,417000,0.012135922330097193,0.019559902200489088,1.3982,0,12,92113
201812,92113,"san diego, ca",2754,166,215,107,91.974471,94.26328723911529,89.68565455012288,41,0.012345679012345734,0.5,-0.06818181818181823,-3,-40,0.15098907271924777,-0.21857846586910634,2.4041,419000,0.004796163069544335,-0.0023809523809523725,1.4349,0,12,92113
201901,92113,"san diego, ca",2754,155,11,232,92.809445,96.95997048515034,88.65891901863124,28.5,-0.30487804878048785,-12.5,-0.16176470588235292,-5.5,-58.5,0.31449156031288594,-0.017147108052817606,2.3273,426000,0.01670644391408116,0.008284023668639007,1.469,0,12,92113
201902,92113,"san diego, ca",2754,230,-75,54,91.450825,92.77362539776512,90.12802486494486,33,0.1578947368421053,4.5,0.375,9,-50,0.09184201231203959,-0.10027780018101817,2.4908,445000,0.04460093896713624,0.053254437869822535,1.4908,1,12,92113
201903,92113,"san diego, ca",2754,330,-100,501,87.934459,87.66412887564825,88.20478870131303,36,0.09090909090909083,3,-0.027027027027026973,-1,-29,0.12502045964395414,0.0485810485810485,2.7377,436428.5714285714,-0.019261637239165297,0.026890756302520913,1.4222,0,12,92113
201904,92113,"san diego, ca",2754,148,182,3110,93.077207,92.10245070941589,94.05196241017137,24.5,-0.3194444444444444,-11.5,-0.6171875,-39.5,-34,0.15842804326988902,0.5467363246500818,3.2274,425000,-0.026186579378068675,0,1.3382,1,12,92113
201907,92113,"san diego, ca",2754,163,1487,384,92.604513,90.10643356131817,95.10259317508503,31.5,-0.37,-18.5,-0.1923076923076923,-7.5,-28,0.3375269512135515,0.18726573704699145,3.0777,454950,-0.008391455972101114,0.14452830188679244,1.4138,0,12,92113
201708,92113,"san diego, ca",2754,78,,,96.029858,94.14541329723005,97.91430348713821,26.5,,,,,-40,,,4.037,427499.5,,,1.5323,0,12,92113
201709,92113,"san diego, ca",2754,236,,,93.3354,89.79249480325299,96.8783049487619,36,,,,,-35,,,3.6201,429000,,,1.5402,0,12,92113
201710,92113,"san diego, ca",2754,25,,,97.374199,97.43824336688014,97.31015553522415,21,,,,,-53.5,,,3.7667,404999.5,,,1.4594,0,12,92113
201711,92113,"san diego, ca",2754,206,,,94.10199,92.87025479110068,95.33372494309421,36,,,,,-41.5,,,3.2197,409000,,,1.4873,1,12,92113
201712,92113,"san diego, ca",2754,273,,,93.565195,91.66697352432153,95.46341643038627,44,,,,,-41,,,3.3779,420000,,,1.5492,1,12,92113
201801,92113,"san diego, ca",2754,387,,,92.511005,95.08378648318721,89.93822365257277,34,,,,,-56,,,2.5341,422500,,,1.5557,1,12,92113
201802,92113,"san diego, ca",2754,284,,,93.484781,94.30126638524771,92.66829593423684,24,,,,,-60.5,,,2.9048,422500,,,1.5239,0,12,92113
201803,92113,"san diego, ca",2754,831,,,87.427299,83.2363984392255,91.61819921961275,37,,,,,-28,,,2.7584,425000,,,1.4706,0,12,92113
202005,92154,"san diego, ca",409,262,124,236,89.898221,91.86880130752944,87.92764013223876,30,0.15384615384615374,4,0.6666666666666667,12,-41,0.38474976762937163,1.193764371311243,2.3242,540000,0.13684210526315788,0.05882352941176472,1.6364,1,30,92154
202006,92154,"san diego, ca",409,86,176,932,94.516057,95.62998286267789,93.40213098874898,16.5,-0.44999999999999996,-13.5,-0.43103448275862066,-12.5,-52,0.40729984393518026,2.8967698190387265,3.0307,509450,-0.05657407407407411,-0.036956521739130443,1.4877,0,30,92154
202007,92154,"san diego, ca",409,116,-30,738,93.478504,93.5046502072984,93.45235871960557,21,0.2727272727272727,4.5,-0.30000000000000004,-9,-36.5,0.12099467385359763,3.09271739686742,3.0766,564500,0.10805770929433711,0.06009489210787988,1.6175,0,30,92154
202008,92154,"san diego, ca",409,137,-21,1043,93.020352,95.67615923661846,90.36454450574027,14,-0.33333333333333337,-7,-0.5757575757575757,-19,-39,-0.08636232178348824,2.9923870189871056,2.6136,560000,-0.00797165633303809,0.06911034746086298,1.6,0,30,92154
202009,92154,"san diego, ca",409,374,-237,717,88.877358,95.48301886792453,82.27169811320755,13.5,-0.0357142857142857,-0.5,-0.5846153846153845,-19,-37.5,-0.2598506657070889,2.032945122459205,1.9883,547500,-0.022321428571428603,0.02913533834586457,1.5643,0,30,92154
202010,92154,"san diego, ca",409,304,70,675,88.601709,95.97153721621928,81.23188132976921,14,0.03703703703703698,0.5,-0.582089552238806,-19.5,-37,-0.06450319051959885,1.8234912813103672,1.9398,510000,-0.06849315068493156,-0.0330837046165513,1.4571,0,30,92154
202011,92154,"san diego, ca",409,815,-511,-338,82.542166,96.8633137449439,68.22101808746088,13.5,-0.0357142857142857,-0.5,-0.5344827586206897,-15.5,-43,-0.27003366875849777,0.8427506094937616,1.4846,550000,0.07843137254901955,0.10000000000000009,1.5748,0,30,92154
202012,92154,"san diego, ca",409,763,52,-319,83.575018,93.03717343767983,74.11286300686693,27.5,1.0370370370370372,14,-0.11290322580645162,-3.5,-36.5,0.18521184712476213,1.0574475679073512,1.6433,562500,0.022727272727272707,0.1261272533806339,1.6495,0,30,92154
202101,92154,"san diego, ca",409,697,66,-225,84.014635,92.05041759252165,75.97885219523408,28,0.018181818181818077,0.5,-0.19999999999999996,-7,-43,0.6051058717525153,1.126155743325444,1.7165,585000,0.040000000000000036,0.20123203285420943,1.7211,0,30,92154
202102,92154,"san diego, ca",409,246,451,187,90.279677,96.53529159017225,84.0240615600953,10,-0.6428571428571428,-18,-0.5652173913043479,-13,-53.5,0.4571123835185811,1.6980725825611782,2.1133,587000,0.0034188034188034067,0.23578947368421055,1.688,0,30,92154
202103,92154,"san diego, ca",409,661,-415,44,83.761851,93.92532480199758,73.59837696539347,10.5,0.050000000000000044,0.5,-0.5882352941176471,-15,-37.5,-0.17395114997881111,1.6315956558187783,1.6363,591000,0.006814310051107331,0.23124999999999996,1.6571,0,30,92154
202104,92154,"san diego, ca",409,841,-180,-455,80.461784,92.43468442160184,68.48888369738738,11,0.04761904761904767,0.5,-0.5769230769230769,-15,-29,-0.0910733602538143,1.0995550379320944,1.4905,599450,0.01429780033840955,0.262,1.6108,0,30,92154
202105,92154,"san diego, ca",409,2636,-1795,-2374,66.274344,78.09385063640546,54.4548382149977,22,1,11,-0.2666666666666667,-8,-15,-0.2681177778395123,0.10967847233556394,1.1689,610000,0.017599466177329326,0.12962962962962954,1.6057,0,30,92154
202106,92154,"san diego, ca",409,2950,-314,-2864,64.252129,76.27471383975026,52.22954484140748,23,0.045454545454545414,1,0.39393939393939403,6.5,-12.5,-0.1587198397523445,-0.33663711606804114,1.13,620000,0.016393442622950838,0.21699872411424082,1.6104,1,30,92154
202107,92154,"san diego, ca",409,2163,787,-2047,67.718151,88.64776527820007,46.78853754940712,17,-0.26086956521739135,-6,-0.19047619047619047,-4,-19.5,-0.15376041196312662,-0.49922693951100117,1.0593,629000,0.014516129032257963,0.11426040744021249,1.6338,0,30,92154
202108,92154,"san diego, ca",409,3443,-1280,-3306,60.498173,68.62916730095905,52.36717917491247,31,0.8235294117647058,14,1.2142857142857144,17,-6.5,-0.0010934773949041743,-0.4524903160256546,1.17,639950,0.0174085850556438,0.14276785714285722,1.682,1,30,92154
202109,92154,"san diego, ca",409,1375,2068,-1001,73.005622,90.23704604163501,55.77419845008358,20.5,-0.33870967741935487,-10.5,0.5185185185185186,7,-21,0.0009054909368060304,-0.2596015106133611,1.2321,649950,0.015626220798499846,0.18712328767123299,1.7104,1,30,92154
202110,92154,"san diego, ca",409,2043,-668,-1739,68.139772,85.59238843162426,50.68715547836593,26,0.2682926829268293,5.5,0.8571428571428572,12,-17,-0.09162823213029991,-0.2810696114444774,1.1356,650000,0.00007692899453815016,0.27450980392156854,1.7105,1,30,92154
202111,92154,"san diego, ca",409,2042,1,-1227,70.256027,75.93039745506113,64.58165650990763,35.5,0.3653846153846154,9.5,1.6296296296296298,22,-11,0.15381711165753464,0.1363732118920502,1.3872,647450,-0.003923076923076918,0.1771818181818181,1.7063,1,30,92154
202112,92154,"san diego, ca",409,1671,371,-908,74.53625,87.78404699335292,61.28845262018859,32.5,-0.08450704225352113,-3,0.18181818181818188,5,-21,-0.14821808065851694,-0.18331717839151396,1.2803,714000,0.1027878600664145,0.2693333333333334,1.904,0,30,92154
202201,92154,"san diego, ca",409,1081,590,-384,79.724593,89.39487975174553,70.05430566330489,30,-0.07692307692307687,-2.5,0.0714285714285714,2,-31,0.6897723637492359,-0.14023860594564885,1.4845,679900,-0.047759103641456635,0.16222222222222227,1.8131,0,30,92154
201811,92154,"san diego, ca",409,855,-151,-403,83.158165,94.04182077855495,72.27450836781777,34,0.15254237288135597,4.5,-0.06849315068493156,-2.5,-37.5,-0.07626973572015405,-0.28039339297016785,1.5432,474950,-0.029724208375893735,-0.014626556016597458,1.5925,0,30,92154
201812,92154,"san diego, ca",409,919,-64,-808,82.677988,96.43106041154678,68.92491655357077,35,0.02941176470588225,1,0.5217391304347827,12,-46,-0.042722019798957955,-0.4730236256247161,1.4588,475000,0.0001052742393936601,-0.04040404040404044,1.6267,1,30,92154
201901,92154,"san diego, ca",409,629,290,-413,86.087438,96.50249031543996,75.67238516878805,31.5,-0.09999999999999998,-3.5,0.5365853658536586,11,-55.5,0.5351533031576678,-0.38703447099021615,1.6492,474200,-0.0016842105263158436,-0.024748397632001873,1.6352,1,30,92154
201902,92154,"san diego, ca",409,626,3,-344,86.302079,96.27025826981426,76.33390068822615,24.5,-0.2222222222222222,-7,0.19512195121951215,4,-58.5,0.04193006883617123,-0.3525497956967574,1.6844,476450,0.00474483340362708,-0.0072924262944056295,1.5961,0,30,92154
201903,92154,"san diego, ca",409,434,192,33,86.343742,96.27422854830998,76.41325536062378,20,-0.18367346938775508,-4.5,0.11111111111111116,2,-45,0.12677822694990315,-0.141917101837171,1.8543,485142.4285714286,0.01824415693447068,0.0002936671575846095,1.5809,0,30,92154
201904,92154,"san diego, ca",409,521,-87,79,87.564032,93.65026718260549,81.47779620416436,22,0.10000000000000009,2,-0.022222222222222254,-0.5,-36.5,0.04984546704221726,-0.01887434994313253,1.9811,498999.5,0.028562893312332083,-0.000001002004007988333,1.5713,0,30,92154
201905,92154,"san diego, ca",409,498,23,-47,87.706456,95.90215192201582,79.51075961007909,18,-0.18181818181818177,-4,0.02857142857142847,0.5,-37.5,-0.1114591196351371,-0.02245715436824014,1.8396,510000,0.022045112269651668,-0.019136455428406585,1.5719,0,30,92154
201906,92154,"san diego, ca",409,1018,-520,-586,81.754187,89.59994149052878,73.90843267753968,29,0.6111111111111112,11,0.20833333333333326,5,-28,-0.20773245514962024,-0.22235130593531527,1.5965,529000,0.0372549019607844,0.060120240480961984,1.6282,1,30,92154
201907,92154,"san diego, ca",409,854,164,-365,82.904795,91.48165758384843,74.3279324092023,30,0.034482758620689724,1,0.46341463414634143,9.5,-29.5,0.06732466202512288,0.007313456652518591,1.6176,532499.5,0.006615311909262678,0.024037499999999934,1.6548,1,30,92154
201908,92154,"san diego, ca",409,1180,-326,-756,79.061122,90.99026861537341,67.13197507016073,33,0.10000000000000009,3,0.6499999999999999,13,-31,-0.06340221970290083,-0.028658295445476267,1.4941,523800,-0.016337104541882197,0.000047730418595737234,1.6484,1,30,92154
201909,92154,"san diego, ca",409,1091,89,-394,80.773586,92.8887103254319,68.65846086416597,32.5,-0.015151515151515138,-0.5,0.30000000000000004,7.5,-33.5,-0.02571181639218323,0.15514480110828988,1.4867,532000,0.01565483008781987,0.06400000000000006,1.6894,1,30,92154
201910,92154,"san diego, ca",409,979,112,-275,81.587232,91.32440149352075,71.85006223003148,33.5,0.03076923076923066,1,0.13559322033898313,4,-32.5,0.0048943675409369725,0.15277402950304686,1.5633,527450,-0.008552631578947367,0.07752808988764048,1.6826,0,30,92154
201911,92154,"san diego, ca",409,477,502,378,87.220652,95.31393343363547,79.12737147260651,29,-0.13432835820895528,-4.5,-0.1470588235294118,-5,-40,0.11846582022116792,0.39579528818726506,1.7674,500000,-0.052042847663285596,0.052742393936203724,1.6134,0,30,92154
201912,92154,"san diego, ca",409,444,33,475,88.956225,97.1088624485711,80.80358797583305,31,0.06896551724137923,2,-0.11428571428571432,-4,-48,0.06153366323196252,0.5478092216016142,1.8401,499499.5,-0.0010010000000000296,0.051577894736842156,1.6653,0,30,92154
202001,92154,"san diego, ca",409,472,-28,157,89.030422,95.61886343350193,82.44198155310919,35,0.12903225806451624,4,0.11111111111111116,3.5,-50,0.5532357789113898,0.5660407706354658,1.9458,487000,-0.025024049073122168,0.026992830029523462,1.6239,0,30,92154
202002,92154,"san diego, ca",409,433,39,193,89.451867,93.97090936007994,84.93282504903956,23,-0.34285714285714286,-12,-0.061224489795918324,-1.5,-56,0.14824481850958904,0.7258338675891296,2.1245,475000,-0.024640657084188944,-0.003043341378948461,1.5328,0,30,92154
