san_diego_ca_city_2.csv
month_date_yyyymm,postal_code,zip_name,nielsen_hh_rank,hotness_rank,hotness_rank_mm,hotness_rank_yy,hotness_score,supply_score,demand_score,median_days_on_market,median_days_on_market_mm,median_dom_mm_day,median_days_on_market_yy,median_dom_yy_day,median_dom_vs_us,ldp_unique_viewers_per_property_mm,ldp_unique_viewers_per_property_yy,ldp_unique_viewers_per_property_vs_us,median_listing_price,median_listing_price_mm,median_listing_price_yy,median_listing_price_vs_us,quality_flag,id,zip_code
202003,92154,"san diego, ca",409,705,-272,-271,86.779749,91.02778707733512,82.53171149053306,25.5,0.10869565217391308,2.5,0.2749999999999999,5.5,-33,-0.15308427068940256,0.2971814805072208,2.0242,480000,0.010526315789473717,-0.010599832685364574,1.5,1,30,92154
202004,92154,"san diego, ca",409,386,319,135,88.736295,93.76192792725368,83.71066122815553,26,0.019607843137254832,0.5,0.18181818181818188,4,-36,0.1392544388690533,0.40765456067559946,2.0658,475000,-0.01041666666666663,-0.04809523857238329,1.4796,0,30,92154
201708,92154,"san diego, ca",409,97,,,95.740788,97.9252808372059,93.55629551026382,16,,,,,-50.5,,,2.7691,482000,,,1.7276,0,30,92154
201709,92154,"san diego, ca",409,223,,,93.459392,96.65220086794793,90.26658400495971,22,,,,,-49,,,2.4368,469900,,,1.6871,0,30,92154
201710,92154,"san diego, ca",409,415,,,90.997255,94.95333943275389,87.04117108874657,28.5,,,,,-46,,,2.1657,469450,,,1.6917,1,30,92154
201711,92154,"san diego, ca",409,452,,,90.935458,92.45906454218371,89.41185109038842,36.5,,,,,-41,,,2.3598,482000,,,1.7527,1,30,92154
201712,92154,"san diego, ca",409,111,,,96.135435,98.27300511838568,93.9978642707221,23,,,,,-62,,,3.0394,495000,,,1.8259,0,30,92154
201801,92154,"san diego, ca",409,216,,,94.987608,97.40687308104908,92.56834239633042,20.5,,,,,-69.5,,,2.8795,486233.5,,,1.7904,0,30,92154
201802,92154,"san diego, ca",409,282,,,93.488484,95.54543434792268,91.43153373324446,20.5,,,,,-64,,,2.7298,479950,,,1.7311,0,30,92154
201803,92154,"san diego, ca",409,467,,,91.384451,95.67105941250092,87.0978428918501,18,,,,,-47,,,2.2831,485000,,,1.6782,0,30,92154
201804,92154,"san diego, ca",409,600,,,89.132439,92.82869994838138,85.43617727306247,22.5,,,,,-37,,,2.1707,499000,,,1.6746,0,30,92154
201805,92154,"san diego, ca",409,451,,,90.373653,95.18222941414439,85.56507667978374,17.5,,,,,-39.5,,,2.1246,519950,,,1.7337,0,30,92154
201806,92154,"san diego, ca",409,432,,,89.737697,91.67487505016234,87.80051804020283,24,,,,,-33,,,2.2351,499000,,,1.6633,1,30,92154
201807,92154,"san diego, ca",409,489,,,88.357718,96.00950987564009,80.70592538405266,20.5,,,,,-39,,,1.8225,520000,,,1.7339,0,30,92154
201808,92154,"san diego, ca",409,424,65,-327,88.628567,96.76300999927012,80.49412451645865,20,-0.024390243902439046,-0.5,0.25,4,-42,-0.028717141310399485,-0.2065196929510501,1.8087,523775,0.007259615384615392,0.08667012448132771,1.7503,1,30,92154
201809,92154,"san diego, ca",409,697,-273,-474,85.072917,95.55587882314434,74.5899552678474,25,0.25,5,0.13636363636363646,3,-40,-0.18073756287093412,-0.2195774810039144,1.5869,500000,-0.045391628084578306,0.06405618216641829,1.6722,0,30,92154
201810,92154,"san diego, ca",409,704,-7,-289,84.625351,94.26256432716522,74.98813825322091,29.5,0.17999999999999994,4.5,0.03508771929824572,1,-39,0.006961012843365921,-0.15489404555758857,1.6202,489500,-0.02100000000000002,0.04270955373309193,1.6371,0,30,92154
202004,92128,"san diego, ca",440,1148,-90,1185,81.530891,93.2342925569734,69.82748942858213,27,0.42105263157894735,8,0.17391304347826098,4,-35,0.059114699392044834,0.8617602035777645,1.5152,639500,-0.04765450483991063,-0.02224600565705981,1.9921,0,25,92128
202005,92128,"san diego, ca",440,965,183,1924,81.622154,92.93859812042643,70.30570929757438,28,0.03703703703703698,1,-0.03448275862068961,-1,-43,0.22626653210147762,1.526597908857383,1.5096,665000,0.03987490226739632,0.024574377936984915,2.0152,0,25,92128
202006,92128,"san diego, ca",440,1126,-161,2032,80.517473,92.47075478727368,68.56419044780567,23.5,-0.1607142857142857,-4.5,-0.18965517241379315,-5.5,-45,0.0638995915532552,2.2395026165442418,1.4881,658250,-0.010150375939849576,0.012866832438820142,1.9222,0,25,92128
202007,92128,"san diego, ca",440,1009,117,1946,81.634483,91.52877899376237,71.74018600829194,24,0.02127659574468077,0.5,-0.22580645161290325,-7,-33.5,0.17957414931305182,2.542355937489377,1.5896,657277.5,-0.0014774022028104516,0.01588485316846988,1.8833,0,25,92128
202008,92128,"san diego, ca",440,664,345,2037,84.516177,94.44610108841509,74.5862531683316,16,-0.33333333333333337,-8,-0.5555555555555556,-20,-37,0.15179528793881403,2.6554308263509463,1.7024,669000,0.017834932733890918,0.09679836990889301,1.9114,0,25,92128
202009,92128,"san diego, ca",440,1008,-344,1505,81.639623,95.8188679245283,67.46037735849056,13,-0.1875,-3,-0.6486486486486487,-24,-38,-0.16400267480011166,1.9968879977760277,1.4629,659450,-0.014275037369207766,0.1131702376502648,1.8841,1,25,92128
202010,92128,"san diego, ca",440,1280,-272,905,77.911223,95.97153721621928,59.85090922781522,14,0.07692307692307687,1,-0.5483870967741935,-17,-37,-0.1635503291711632,1.5609949321647907,1.276,689000,0.04481006899689133,0.1899827288428324,1.9686,0,25,92128
202011,92128,"san diego, ca",440,1172,108,643,79.142181,96.31382126230635,61.9705410974586,15.5,0.1071428571428572,1.5,-0.6395348837209303,-27.5,-41,-0.0047159544366247586,1.1451820757845237,1.3315,669500,-0.028301886792452824,0.1366723259762308,1.917,1,25,92128
202012,92128,"san diego, ca",440,236,936,1490,89.69962,96.99236582652397,82.40687459239652,16,0.032258064516129004,0.5,-0.7064220183486238,-38.5,-48,0.5982000067289468,2.1276991597748953,1.9875,624000,-0.06796116504854366,0.10004407227853673,1.8299,1,25,92128
202101,92128,"san diego, ca",440,738,-502,136,83.639185,91.59068270630603,75.68768676729752,29,0.8125,13,-0.2564102564102564,-10,-42,0.31677726965352027,1.5519002176460739,1.7031,659000,0.05608974358974361,0.15209790209790208,1.9388,0,25,92128
202102,92128,"san diego, ca",440,428,310,307,87.199719,95.72282332721377,78.67661419475802,11.5,-0.603448275862069,-17.5,-0.5892857142857143,-16.5,-52,0.2694749211184855,1.6530603141460634,1.8268,687000,0.04248861911987856,0.05855161787365182,1.9756,0,25,92128
202103,92128,"san diego, ca",440,1556,-1128,-498,76.633764,89.48538878701572,63.78213881627717,17,0.4782608695652173,5.5,-0.10526315789473684,-2,-31,-0.21566593414210222,1.7377226866648616,1.343,665900,-0.0307132459970888,-0.00833953834698431,1.8671,0,25,92128
202104,92128,"san diego, ca",440,1595,-39,-447,74.263131,91.69878908227233,56.82747342600164,12,-0.2941176470588235,-5,-0.5555555555555556,-15,-28,-0.1085384440963989,1.3043533691750175,1.1999,677000,0.01666916954497677,0.058639562157935865,1.8192,0,25,92128
202105,92128,"san diego, ca",440,2932,-1337,-1967,64.388131,81.86627817819353,46.90998313142156,20,0.6666666666666667,8,-0.2857142857142857,-8,-17,-0.2013365207876282,0.5008179959100205,1.0268,680000,0.004431314623338345,0.022556390977443552,1.7899,0,25,92128
202106,92128,"san diego, ca",440,3894,-962,-2768,59.159055,77.17655220256677,41.141557790881414,22.5,0.125,2.5,-0.04255319148936165,-1,-13,-0.20482322944413922,0.12173706678231278,0.9383,737943.5,0.08521102941176473,0.1210687428788455,1.9167,0,25,92128
202107,92128,"san diego, ca",440,3947,-53,-2938,58.112268,76.94968075402858,39.274855579203404,24.5,0.0888888888888888,2,0.02083333333333326,0.5,-12,-0.09724057741578296,-0.14150483266401204,0.9383,719950,-0.02438330305775438,0.09535165892640474,1.87,0,25,92128
202108,92128,"san diego, ca",440,3819,128,-3155,58.583879,77.23397777439487,39.93377987517126,26.5,0.08163265306122458,2,0.65625,10.5,-11,-0.07138189911027826,-0.3078508305575749,0.9634,734900,0.020765330925758718,0.0985052316890882,1.9316,1,25,92128
202109,92128,"san diego, ca",440,2693,1126,-1685,64.32533,82.66220939067011,45.98845160309983,27,0.018867924528301883,0.5,1.076923076923077,14,-14.5,0.04473825630515904,-0.13502747605867593,1.059,719450,-0.021023268471900947,0.09098491166881484,1.8933,1,25,92128
202110,92128,"san diego, ca",440,2523,170,-1243,65.315638,85.59238843162426,45.03888846938005,26,-0.03703703703703709,-1,0.8571428571428572,12,-17,-0.035150424964279336,-0.0022491475005440575,1.0367,760000,0.056362499131280774,0.10304789550072568,2,1,25,92128
202111,92128,"san diego, ca",440,1975,548,-803,70.660381,83.17044191483653,58.15032003372811,31,0.1923076923076923,5,1,15.5,-15.5,0.1342933397766377,0.1371046806100249,1.245,767500,0.009868421052631637,0.14637789395070944,2.0227,1,25,92128
202112,92128,"san diego, ca",440,1006,969,-770,79.867445,80.9475962281651,78.78729324470551,38,0.22580645161290325,7,1.375,22,-15.5,0.32614768365540137,-0.056458057867816214,1.789,797000,0.038436482084690526,0.27724358974358965,2.1253,1,25,92128
202201,92128,"san diego, ca",440,738,268,0,82.684251,89.39487975174553,75.97362296353762,30,-0.21052631578947367,-8,0.034482758620689724,1,-31,0.36438025783111794,-0.02234794908062232,1.6749,790000,-0.008782936010037656,0.19878603945371776,2.1067,0,25,92128
201809,92128,"san diego, ca",440,2335,52,-2269,72.424264,93.89751609266466,50.95101283776412,29,0.05454545454545445,1.5,0.38095238095238093,8,-36,-0.06822447571198131,-0.5893665903429145,1.0872,639900,-0.01923519043604871,-0.014021571648690334,2.1401,1,25,92128
201810,92128,"san diego, ca",440,2306,29,-2247,72.730757,94.26256432716522,51.19894886674696,29.5,0.01724137931034475,0.5,0.34090909090909083,7.5,-39,-0.012895689220761453,-0.6156646151665323,1.0881,638500,-0.002187841850289085,-0.07329462989840352,2.1355,1,25,92128
201811,92128,"san diego, ca",440,2323,-17,-2217,72.858608,94.20295162412569,51.51426374189768,33.5,0.13559322033898313,4,0.48888888888888893,11,-38,-0.01888614718365289,-0.5950872052084062,1.1009,634950,-0.0055599060297572,0.015919999999999934,2.1289,1,25,92128
201812,92128,"san diego, ca",440,1552,771,-1447,77.49514,94.8758390492609,60.11444081722481,39,0.16417910447761197,5.5,0.6956521739130435,16,-42,0.1568308463411685,-0.5530787777623221,1.2575,629000,-0.009370816599732268,-0.043910209640546705,2.1541,1,25,92128
201901,92128,"san diego, ca",440,1504,48,-1429,78.39513,94.93820328352702,61.852056816085586,38.5,-0.012820512820512775,-0.5,2.6666666666666665,28,-48.5,0.3963927715710882,-0.6335088930569801,1.2932,647000,0.02861685214626397,-0.05547445255474448,2.231,1,25,92128
201902,92128,"san diego, ca",440,1330,174,-1174,80.028491,96.1629541922593,63.894027973062975,25,-0.35064935064935066,-13.5,0.6666666666666667,10,-58,0.04861897615833377,-0.5430712349912392,1.3293,679000,0.04945904173106652,-0.02582496413199431,2.2747,1,25,92128
201903,92128,"san diego, ca",440,1655,-325,-1334,75.734672,95.03107874508073,56.43826547500828,23,-0.07999999999999996,-2,0.6428571428571428,9,-42,-0.046739384452048394,-0.4467883043217331,1.238,672714.2857142857,-0.009257311171891436,-0.009257311171891436,2.1922,1,25,92128
201904,92128,"san diego, ca",440,2333,-678,-1689,72.513359,93.14906946747743,51.87764879307167,23,0,0,0.4838709677419355,7.5,-35.5,-0.1279603404507066,-0.38391399424388784,1.0986,654050,-0.027744744107029096,-0.03318551367331857,2.0595,1,25,92128
201905,92128,"san diego, ca",440,2889,-556,-1783,68.605849,88.3943351112746,48.81736251609343,29,0.26086956521739135,6,0.6111111111111112,11,-26.5,-0.09640777408926682,-0.2531299736024212,1.0374,649050,-0.007644675483525765,-0.034151785714285676,2.0005,1,25,92128
201906,92128,"san diego, ca",440,3158,-269,-1599,66.282089,89.59994149052878,42.96423608571637,29,0,0,0.44999999999999996,9,-28,-0.17022864265497406,-0.22150469474268064,0.943,649888,0.001291117787535656,-0.051258394160583975,2.0003,1,25,92128
201907,92128,"san diego, ca",440,2955,203,-950,66.967192,90.76478548699754,43.16959877107641,31,0.06896551724137923,2,0.29166666666666674,7,-28.5,0.07872659059096554,-0.061206503495807696,0.9656,647000,-0.004443842631345674,0.0038789759503490284,2.0106,1,25,92128
201908,92128,"san diego, ca",440,2701,254,-314,67.443598,88.15103692094617,46.736159201078834,36,0.16129032258064524,5,0.3090909090909091,8.5,-28,0.1161663483248827,0.14711785773080321,1.0629,609957.1428571428,-0.057253256789578266,-0.06512814337168693,1.9196,1,25,92128
201909,92128,"san diego, ca",440,2513,188,-178,70.075605,89.45176960444135,50.699441177544834,37,0.02777777777777768,1,0.27586206896551735,8,-29,0.019701235264846684,0.2553640507098107,1.107,592407.1428571428,-0.028772513291331903,-0.07421918603353206,1.8813,1,25,92128
201910,92128,"san diego, ca",440,2185,328,121,72.70481,93.18398125777875,52.22563877297021,31,-0.16216216216216217,-6,0.05084745762711873,1.5,-35,-0.02118276464853619,0.24482484379525826,1.1338,579000,-0.02263163606110663,-0.0931871574001566,1.8471,0,25,92128
201911,92128,"san diego, ca",440,1815,370,508,75.611904,86.36013357307989,64.86367472753294,43,0.3870967741935485,12,0.28358208955223874,9.5,-26,0.18820561924567603,0.5075802569989991,1.3618,589000,0.017271157167530138,-0.07236790298448692,1.9006,1,25,92128
201912,92128,"san diego, ca",440,1726,89,-174,76.813447,83.99125245561363,69.63564253678787,54.5,0.2674418604651163,11.5,0.39743589743589736,15.5,-24.5,0.0961508229584298,0.4285021398002853,1.4639,567250,-0.036926994906621435,-0.09817170111287754,1.8911,1,25,92128
202001,92128,"san diego, ca",440,874,852,630,84.303407,94.69651889318655,73.9102945551919,39,-0.2844036697247706,-15.5,0.01298701298701288,0.5,-46,0.6138887921350513,0.6509993748898835,1.6085,572000,0.008373732921992172,-0.115919629057187,1.9073,1,25,92128
202002,92128,"san diego, ca",440,735,139,595,85.987638,91.72804322883896,80.24723342832822,28,-0.28205128205128205,-11,0.1200000000000001,3,-51,0.22107036550400183,0.9225156667766321,1.8676,649000,0.13461538461538458,-0.044182621502209085,2.0942,0,25,92128
202003,92128,"san diego, ca",440,1058,-323,597,83.588141,94.79224788900048,72.38403451995686,19,-0.3214285714285714,-9,-0.17391304347826086,-4,-39.5,-0.23992097764460496,0.5329111521370804,1.597,671500,0.034668721109399,-0.0018050541516244634,2.0984,0,25,92128
201708,92128,"san diego, ca",440,120,,,95.179114,97.72402941929819,92.63419810457756,17,,,,,-49.5,,,2.6431,619000,,,2.2186,0,25,92128
201709,92128,"san diego, ca",440,66,,,96.148937,97.03876590933956,95.25910798293279,21,,,,,-50,,,3.173,649000,,,2.3301,0,25,92128
201710,92128,"san diego, ca",440,59,,,96.430009,97.1747483989021,95.68526989935955,22,,,,,-52.5,,,3.1983,689000,,,2.4828,0,25,92128
201711,92128,"san diego, ca",440,106,,,95.891769,97.48513106689184,94.29840663778545,22.5,,,,,-55,,,2.9916,625000,,,2.2727,0,25,92128
201712,92128,"san diego, ca",440,105,,,96.279044,98.27300511838568,94.28508303568141,23,,,,,-62,,,3.0894,657888,,,2.4267,0,25,92128
201801,92128,"san diego, ca",440,75,,,97.477158,98.79036732882032,96.16394776754336,10.5,,,,,-79.5,,,3.7763,685000,,,2.5223,1,25,92128
201802,92128,"san diego, ca",440,156,,,95.436199,97.25616529660076,93.61623342960823,15,,,,,-69.5,,,3.0524,697000,,,2.514,0,25,92128
201803,92128,"san diego, ca",440,321,,,92.711478,97.3533092836634,88.06964588088051,14,,,,,-51,,,2.3643,679000,,,2.3495,1,25,92128
201804,92128,"san diego, ca",440,644,,,88.682619,96.25027652827963,81.11496202344959,15.5,,,,,-44,,,1.917,676500,,,2.2703,1,25,92128
201805,92128,"san diego, ca",440,1106,,,84.020448,94.97260122834761,73.0682946563201,18,,,,,-39,,,1.5682,672000,,,2.2407,0,25,92128
201806,92128,"san diego, ca",440,1559,,,79.444384,94.77946809674947,64.10929918645799,20,,,,,-37,,,1.3187,685000,,,2.2833,1,25,92128
201807,92128,"san diego, ca",440,2005,,,75.471836,94.27578639356254,56.66788588149232,24,,,,,-35.5,,,1.1674,644500,,,2.149,1,25,92128
201808,92128,"san diego, ca",440,2387,-382,-2267,72.221006,92.82534121596964,51.61667031603533,27.5,0.14583333333333326,3.5,0.6176470588235294,10.5,-34.5,-0.08653700946033549,-0.4992326194280534,1.0895,652450,0.012335143522110181,0.054038772213247155,2.1803,1,25,92128
202008,92103,"san diego, ca",778,6508,691,-1902,46.660206,78.06396302370658,15.256448486655733,35,-0.2222222222222222,-10,-0.05405405405405406,-2,-18,-0.0374156343287243,0.5793064373174015,0.5137,1300000,-0.054545454545454564,0.24045801526717558,3.7143,0,3,92103
202009,92103,"san diego, ca",778,7852,-1344,-2533,40.081132,65.08301886792452,15.079245283018869,43,0.22857142857142865,8,-0.07526881720430112,-3.5,-8,-0.02905925859267,0.5062641866110038,0.5126,1199500,-0.0773076923076923,0.09033064424497206,3.4271,0,3,92103
202010,92103,"san diego, ca",778,5790,2062,17,50.640036,88.69394977598735,12.586122510447648,23,-0.4651162790697675,-20,-0.5576923076923077,-29,-28,-0.11252262642325928,0.36507152595619274,0.4745,1199000,-0.00041684035014588616,0.03362068965517251,3.4257,0,3,92103
202011,92103,"san diego, ca",778,7881,-2091,-1850,39.628329,63.90521254674502,15.351446233686941,48,1.0869565217391304,25,-0.1724137931034483,-10,-8.5,0.07390614634709114,0.4421488883724536,0.5342,1237000,0.03169307756463713,0.057264957264957284,3.5419,0,3,92103
202012,92103,"san diego, ca",778,7701,180,-2297,41.243718,64.27667165381517,18.210764568228026,55.5,0.15625,7.5,-0.1777777777777778,-12,-8.5,0.1391836246702527,0.4663784825429833,0.5684,1170000,-0.05416329830234434,-0.022556390977443663,3.431,0,3,92103
202101,92103,"san diego, ca",778,5123,2578,-280,54.896177,86.44931422879473,23.343038847597885,38,-0.3153153153153153,-17.5,-0.4242424242424242,-28,-33,0.7086929211543205,0.7518379261623347,0.632,1345000,0.14957264957264949,0.07428115015974446,3.957,0,3,92103
202102,92103,"san diego, ca",778,6124,-1001,-1848,50.626929,82.86395062692864,18.389906644271708,31,-0.1842105263157895,-7,-0.1842105263157895,-7,-32.5,-0.01663221025299011,0.6908697904751082,0.5251,1172500,-0.12825278810408924,-0.07604412923561865,3.3717,0,3,92103
202103,92103,"san diego, ca",778,7615,-1491,-2095,41.931645,68.48347703952246,15.37981350708127,37.5,0.20967741935483875,6.5,-0.08536585365853655,-3.5,-10.5,-0.0403093892377373,0.9878798066149626,0.4724,1299950,0.10869936034115146,0.05301741595787779,3.6449,0,3,92103
