san_diego_ca_city_2.csv
month_date_yyyymm,postal_code,zip_name,nielsen_hh_rank,hotness_rank,hotness_rank_mm,hotness_rank_yy,hotness_score,supply_score,demand_score,median_days_on_market,median_days_on_market_mm,median_dom_mm_day,median_days_on_market_yy,median_dom_yy_day,median_dom_vs_us,ldp_unique_viewers_per_property_mm,ldp_unique_viewers_per_property_yy,ldp_unique_viewers_per_property_vs_us,median_listing_price,median_listing_price_mm,median_listing_price_yy,median_listing_price_vs_us,quality_flag,id,zip_code
202104,92103,"san diego, ca",778,8556,-941,-1923,35.346338,55.20383132811587,15.488844761126035,40,0.06666666666666665,2.5,-0.2920353982300885,-16.5,0,0.036689227722838336,0.7976928262838108,0.4908,1314000,0.010808108004153993,0.09499999999999997,3.531,0,3,92103
202105,92103,"san diego, ca",778,8068,488,-2660,37.484665,60.68854470173286,14.280785155650975,32,-0.19999999999999996,-8,-0.34693877551020413,-17,-5,-0.05999522525985013,0.4501137107300264,0.4943,1125000,-0.14383561643835618,-0.08163265306122447,2.9613,0,3,92103
202106,92103,"san diego, ca",778,8052,16,-1866,37.931167,58.977916522141285,16.88441823717578,32,0,0,-0.24705882352941178,-10.5,-3.5,-0.013307969628978178,0.5585110833497078,0.5605,1134000,0.008000000000000007,-0.1467268623024831,2.9455,1,3,92103
202107,92103,"san diego, ca",778,6955,1097,244,43.518167,69.06354515050167,17.972788081483735,28.5,-0.109375,-3.5,-0.3666666666666667,-16.5,-8,-0.02869422620202644,0.5281865054968398,0.603,1149500,0.013668430335096904,-0.16400000000000003,2.9857,1,3,92103
202108,92103,"san diego, ca",778,7088,-133,-580,43.130613,65.04795250418634,21.21327447100015,32.5,0.14035087719298245,4,-0.0714285714285714,-2.5,-5,0.009107860349836683,0.6020466047170785,0.6729,1072500,-0.06698564593301437,-0.17500000000000004,2.8189,1,3,92103
202109,92103,"san diego, ca",778,6714,374,1138,45.008357,63.74411183710682,26.272602947880262,37,0.1384615384615384,4.5,-0.13953488372093026,-6,-4.5,0.05807584440111846,0.7458190204265442,0.7491,1224000,0.14125874125874116,0.020425177157148866,3.2211,0,3,92103
202110,92103,"san diego, ca",778,6916,-202,-1126,44.121423,53.031790379823306,35.21105489692668,45,0.21621621621621623,8,0.9565217391304348,22,2,0.1586452236243785,1.2792523275016152,0.8806,1395000,0.13970588235294112,0.16346955796497076,3.6711,1,3,92103
202111,92103,"san diego, ca",778,5297,1619,2584,52.564103,61.47330497106282,43.654900157142315,44,-0.022222222222222254,-1,-0.08333333333333337,-4,-2.5,0.06004815130127539,1.249840197242261,0.9883,1362000,-0.023655913978494647,0.10105092966855289,3.5894,0,3,92103
202112,92103,"san diego, ca",778,6072,-775,1629,49.843484,51.10913587880661,48.57783274076365,58.5,0.3295454545454546,14.5,0.054054054054053946,3,5,-0.029941430704479854,0.9158252590859677,1.0388,1374450,0.00914096916299556,0.17474358974358983,3.6652,0,3,92103
201904,92103,"san diego, ca",778,4358,-1149,-1438,61.079786,79.5725078312143,42.58706467661691,38,0.027027027027026973,1,0.1875,6,-20.5,-0.08916359526177775,-0.15278837353824437,0.9385,964500,0.06105610561056096,-0.1685344827586207,3.037,1,3,92103
201905,92103,"san diego, ca",778,4688,-330,-1837,58.710686,78.1460364171418,39.275335663049475,38,0,0,0.20634920634920628,6.5,-17.5,-0.10015932997806387,-0.1781488693535691,0.8826,980000,0.01607050285121825,-0.10868576625738968,3.0205,1,3,92103
201906,92103,"san diego, ca",778,5396,-708,-3095,53.83237,74.64711475170043,33.017625978205224,42,0.10526315789473695,4,0.2727272727272727,9,-15,-0.1812182654561778,-0.3471169540315162,0.7916,989000,0.009183673469387754,-0.10090909090909095,3.044,1,3,92103
201907,92103,"san diego, ca",778,4888,508,-2016,55.972715,82.0525950038404,29.89283493654219,39,-0.0714285714285714,-3,0.08333333333333326,3,-20.5,0.02430312987830674,-0.2348190181193457,0.7697,929000,-0.06066734074823055,-0.16456834532374098,2.887,1,3,92103
201908,92103,"san diego, ca",778,4606,282,-1123,56.516747,86.93005795094216,26.10343696468273,37,-0.05128205128205132,-2,-0.02631578947368418,-1,-27,-0.02205436332820554,-0.1430210318935381,0.7423,1048000,0.12809472551130252,-0.02466263378315492,3.2981,0,3,92103
201909,92103,"san diego, ca",778,5319,-713,-2107,53.975675,79.08981336060485,28.861536213886556,46.5,0.2567567567567568,9.5,0.1071428571428572,4.5,-19.5,0.018023914256639184,-0.11253177188232055,0.7718,1100125,0.04973759541984735,0.0010236578707916166,3.4936,0,3,92103
201910,92103,"san diego, ca",778,5807,-488,-3013,51.586866,72.84940332381579,30.324328281719016,52,0.11827956989247301,5.5,0.46478873239436624,16.5,-14,-0.020728687963902148,-0.10593144735045312,0.7909,1160000,0.05442563345074425,0.13170731707317063,3.7005,1,3,92103
201911,92103,"san diego, ca",778,6031,-224,-3112,51.034824,69.27452203588858,32.795126784338194,58,0.11538461538461542,6,0.5890410958904109,21.5,-11,0.016509955211473137,-0.017857706001909834,0.8127,1170000,0.008620689655172376,0.23222748815165883,3.7754,1,3,92103
201912,92103,"san diego, ca",778,5404,627,-2709,54.894548,70.21757663367805,39.57151858853182,67.5,0.1637931034482758,9.5,0.32352941176470584,16.5,-11.5,0.12036041003632958,-0.027259163614537396,0.8929,1197000,0.023076923076922995,0.2870967741935484,3.9907,1,3,92103
202001,92103,"san diego, ca",778,4843,561,-2754,58.196965,77.22404046414756,39.169889913716155,66,-0.022222222222222254,-1.5,0.5,22,-19,0.43026389338600746,-0.003198303974233596,0.8695,1252000,0.04594820384294063,0.3919617544054701,4.1747,1,3,92103
202002,92103,"san diego, ca",778,4276,567,-1832,61.297605,84.55901402716607,38.03619675043488,38,-0.4242424242424242,-28,0.2666666666666666,8,-41,0.018825340158918014,0.0774311023516836,0.8423,1269000,0.013578274760383424,0.41787709497206693,4.0949,1,3,92103
202003,92103,"san diego, ca",778,5520,-1244,-2311,54.660938,76.97801584644571,32.343860432243424,41,0.07894736842105265,3,0.10810810810810811,4,-17.5,-0.18369719510168414,-0.09214819469035596,0.7736,1234500,-0.027186761229314405,0.35808580858085803,3.8578,1,3,92103
202004,92103,"san diego, ca",778,6633,-1113,-2275,47.78468,63.5220596489915,32.04730007858399,56.5,0.37804878048780477,15.5,0.48684210526315796,18.5,-5.5,0.14636580365378826,0.14260942906804686,0.7944,1200000,-0.027946537059538312,0.2441679626749611,3.738,1,3,92103
202005,92103,"san diego, ca",778,5408,1225,-720,54.149177,78.45548085137996,29.842873593105757,49,-0.1327433628318584,-7.5,0.2894736842105263,11,-22,0.1653154009365141,0.4797068073349182,0.7521,1225000,0.02083333333333326,0.25,3.7121,1,3,92103
202006,92103,"san diego, ca",778,6186,-778,-790,49.321958,76.3765740257805,22.26734222487147,42.5,-0.13265306122448983,-6.5,0.011904761904761862,0.5,-26,-0.08193425327857506,0.6591334145498093,0.6398,1329000,0.08489795918367338,0.3437815975733063,3.8809,1,3,92103
202007,92103,"san diego, ca",778,7199,-1013,-2311,43.549471,68.76330631606469,18.33563664886266,45,0.05882352941176472,2.5,0.15384615384615374,6,-12.5,-0.00942011440315238,0.6045095831835596,0.5739,1375000,0.03461249059443183,0.48008611410118407,3.9398,1,3,92103
201708,92103,"san diego, ca",778,1449,,,81.912986,84.19627501921036,79.6296973910498,40,,,,,-26.5,,,1.7486,1177450,,,4.2203,0,3,92103
201709,92103,"san diego, ca",778,1351,,,82.026549,88.84431639983954,75.20878159075161,37,,,,,-34,,,1.6193,1099900,,,3.949,0,3,92103
201710,92103,"san diego, ca",778,1500,,,81.092406,87.46203110704484,74.7227813357731,41,,,,,-33.5,,,1.6005,975000,,,3.5135,0,3,92103
201711,92103,"san diego, ca",778,1933,,,78.20141,84.54732359204054,71.85549599823776,48,,,,,-29.5,,,1.5074,952450,,,3.4635,0,3,92103
201712,92103,"san diego, ca",778,2143,,,76.810767,75.68582685863682,77.93570718415141,65,,,,,-20,,,1.7323,1144900,,,4.2231,0,3,92103
201801,92103,"san diego, ca",778,968,,,86.629305,94.90992490659565,78.34868494062812,34.5,,,,,-55.5,,,1.7678,1112500,,,4.0965,0,3,92103
201802,92103,"san diego, ca",778,1487,,,82.331704,90.49100199955565,74.17240613197067,32.5,,,,,-52,,,1.6058,1154500,,,4.1641,0,3,92103
201803,92103,"san diego, ca",778,2149,,,77.245454,88.8132224103659,65.67768534197158,30,,,,,-35,,,1.3512,1160000,,,4.0138,0,3,92103
201804,92103,"san diego, ca",778,2920,,,72.024556,85.60578128456604,58.44333013789543,32,,,,,-27.5,,,1.1909,1160000,,,3.8929,0,3,92103
201805,92103,"san diego, ca",778,2851,,,71.955794,83.72255525725424,60.18903313596411,31.5,,,,,-25.5,,,1.2124,1099500,,,3.6662,0,3,92103
201806,92103,"san diego, ca",778,2301,,,73.80796,83.4446025318303,64.17131808398089,33,,,,,-24,,,1.32,1100000,,,3.6667,0,3,92103
201807,92103,"san diego, ca",778,2872,,,69.64338,84.09656181419166,55.19019751280175,36,,,,,-23.5,,,1.1417,1112000,,,3.7079,0,3,92103
201808,92103,"san diego, ca",778,3483,-611,-2034,65.43318,83.76395883512153,47.102401284577766,38,0.05555555555555558,2,-0.050000000000000044,-2,-24,-0.12681007312484727,-0.2923600926693448,1.0186,1074500,-0.03372302158273377,-0.08743471060342267,3.5906,0,3,92103
201809,92103,"san diego, ca",778,3212,271,-1861,66.930938,83.68549296286868,50.176382878132166,42,0.10526315789473695,4,0.1351351351351351,5,-23,-0.016950628871785223,-0.20637860082304527,1.0723,1099000,0.0228013029315961,-0.0008182562051095577,3.6756,0,3,92103
201810,92103,"san diego, ca",778,2794,418,-1294,69.851089,90.4084090660243,49.293769845614804,35.5,-0.15476190476190477,-6.5,-0.13414634146341464,-5.5,-33,-0.027958008853258276,-0.25406104814570163,1.0568,1025000,-0.06733393994540493,0.05128205128205132,3.4281,0,3,92103
201811,92103,"san diego, ca",778,2919,-125,-986,69.278939,92.47811916358442,46.07975976855751,36.5,0.028169014084507005,1,-0.23958333333333337,-11.5,-35,-0.0746457107451024,-0.2638728445515559,1.0084,949500,-0.07365853658536581,-0.0030972754475300235,3.1836,0,3,92103
201812,92103,"san diego, ca",778,2695,224,-552,70.331585,87.59124087591242,53.07192898800572,51,0.3972602739726028,14.5,-0.2153846153846154,-14,-30,0.13118859829761553,-0.28606877181126567,1.1264,930000,-0.020537124802527673,-0.1877019827059132,3.1849,1,3,92103
201901,92103,"san diego, ca",778,2089,606,-1121,74.161594,93.01973805570928,55.30344954805386,44,-0.13725490196078427,-7,0.2753623188405796,9.5,-43,0.39574009700347634,-0.29905270945735396,1.1578,899450,-0.032849462365591386,-0.19150561797752808,3.1016,1,3,92103
201902,92103,"san diego, ca",778,2444,-355,-957,72.3618,94.13527714053134,50.588322356249535,30,-0.31818181818181823,-14,-0.07692307692307687,-2.5,-53,-0.05741831212428905,-0.30101143428353394,1.0698,895000,-0.004947467897048141,-0.22477262884365523,2.9983,1,3,92103
201903,92103,"san diego, ca",778,3209,-765,-1060,65.982566,86.82923241016589,45.13590054801574,37,0.2333333333333334,7,0.2333333333333334,7,-28,-0.031218503074533777,-0.20830607229027787,1.0125,909000,0.015642458100558754,-0.2163793103448276,2.9622,1,3,92103
202005,92109,"san diego, ca",213,3093,-1559,-2025,66.418409,86.82812674120575,46.008692099104785,39,0.09859154929577474,3.5,0.3448275862068966,10,-32,-0.18505694816658613,0.03236053366560987,1.0001,1135000,0.009337483325922546,-0.10629921259842523,3.4394,1,9,92109
202006,92109,"san diego, ca",213,3543,-450,-1803,63.247895,85.64935548766857,40.846434691900754,33,-0.15384615384615385,-6,-0.10810810810810811,-4,-35.5,-0.007829476993623463,0.25867555135349773,0.9194,1199499.5,0.05682775330396472,-0.07659776751347191,3.5027,0,9,92109
202007,92109,"san diego, ca",213,4162,-619,-1386,59.524521,82.19474844059313,36.85429350465021,34,0.030303030303030276,1,-0.33333333333333337,-17,-23.5,0.033709205984852275,0.23564431978782907,0.8606,1249500,0.04168446923070834,-0.029137529137529095,3.5802,0,9,92109
202008,92109,"san diego, ca",213,5026,-864,-2377,54.130013,78.06396302370658,30.19606381392575,35,0.02941176470588225,1,-0.3137254901960784,-16,-18,-0.05519418371308926,0.2103301059343723,0.7561,1199995,-0.03961984793917572,-0.07560636073511606,3.4286,0,9,92109
202009,92109,"san diego, ca",213,5940,-914,-3713,50.037736,73.23396226415095,26.841509433962262,37,0.05714285714285716,2,-0.10843373493975905,-4.5,-14,-0.0970408232144061,0.2548517206028713,0.7017,1232450,0.02704594602477517,-0.04903549382716055,3.5213,0,9,92109
202010,92109,"san diego, ca",213,5057,883,-2546,54.708031,87.59835849553858,21.8177026467377,24,-0.3513513513513513,-13,-0.40740740740740744,-16.5,-27,-0.13767611673323377,0.19512369353050185,0.631,1249000,0.013428536654630951,-0.03552123552123554,3.5686,0,9,92109
202011,92109,"san diego, ca",213,6918,-1861,-4742,45.245364,67.49217736396244,22.99854995039304,45.5,0.8958333333333333,21.5,0.011111111111111072,0.5,-11,-0.0006152187137088427,0.12042088992787758,0.6612,1272450,0.018775020016012833,-0.020438799076212488,3.6434,0,9,92109
202012,92109,"san diego, ca",213,6942,-24,-5880,45.532666,58.25756703878467,32.80776460659071,60.5,0.3296703296703296,15,0.20999999999999996,10.5,-3.5,0.28088612168818927,0.08701095284905769,0.791,1298000,0.020079374435144848,0.012480499219968744,3.8064,1,9,92109
202101,92109,"san diego, ca",213,4993,1949,-3996,55.574285,69.28970960079688,41.8588613899318,56,-0.07438016528925617,-4.5,0.3999999999999999,16,-15,0.7952891018610098,0.4342991526063462,0.9241,1299000,0.0007704160246533309,0.024443909921490814,3.8217,1,9,92109
202102,92109,"san diego, ca",213,4556,437,-2691,59.028944,77.58681301511659,40.471075348619195,36,-0.3571428571428571,-20,-0.027027027027026973,-1,-27.5,0.12234041514041505,0.6779721412374473,0.8763,1295000,-0.003079291762894565,0.07925660471705975,3.7239,0,9,92109
202103,92109,"san diego, ca",213,5299,-743,-3031,54.843744,70.21965588545122,39.46783192228161,36,0,0,-0.013698630136986356,-0.5,-12,0.041368159004858907,0.9547020534538333,0.8554,1265000,-0.02316602316602312,-0.024672320740169673,3.5469,0,9,92109
202104,92109,"san diego, ca",213,6064,-765,-4530,49.669042,64.73542810419343,34.6026554530234,33.5,-0.06944444444444442,-2.5,-0.05633802816901412,-2,-6.5,-0.06852668428146069,0.5384026358078984,0.7985,1285000,0.015810276679841806,0.14273010226767457,3.453,0,9,92109
202105,92109,"san diego, ca",213,5902,162,-2809,49.242831,66.60788222665235,31.87777948167459,29,-0.13432835820895528,-4.5,-0.2564102564102564,-10,-8,-0.08556955942171607,0.7262092079731877,0.7824,1275000,-0.0077821011673151474,0.12334801762114544,3.3561,0,9,92109
202106,92109,"san diego, ca",213,6157,-255,-2614,48.177053,58.977916522141285,37.3761899256176,32,0.10344827586206895,3,-0.030303030303030276,-1,-3.5,-0.021366625172853593,0.7026568555349422,0.8798,1297000,0.017254901960784386,0.08128431900138344,3.3688,0,9,92109
202107,92109,"san diego, ca",213,4709,1448,-547,54.195804,67.99939191243539,40.392216479173,29,-0.09375,-3,-0.1470588235294118,-5,-7.5,-0.020151024317280664,0.6139418766669285,0.955,1374000,0.05936777178103325,0.09963985594237701,3.5688,0,9,92109
202108,92109,"san diego, ca",213,4762,-53,264,54.093089,62.83680925559446,45.34936824478611,33.5,0.15517241379310343,4.5,-0.042857142857142816,-1.5,-4,-0.007118401995356294,0.6960661777986492,1.0484,1349500,-0.01783114992721979,0.12458801911674633,3.547,0,9,92109
202109,92109,"san diego, ca",213,2098,2664,3842,67.998784,78.37714633034494,57.6204224282024,29.5,-0.11940298507462688,-4,-0.20270270270270274,-7.5,-12,0.1503703265674199,1.1607889404035308,1.269,1575000,0.16709892552797334,0.2779423100328613,4.1447,0,9,92109
202110,92109,"san diego, ca",213,2048,50,3009,68.113343,74.29962999320395,61.92705580306577,34,0.15254237288135597,4.5,0.41666666666666674,10,-9,0.05262714754208786,1.6376459505689285,1.3553,1450000,-0.07936507936507942,0.16092874299439552,3.8158,1,9,92109
202111,92109,"san diego, ca",213,1601,447,5317,73.479361,67.17642098808018,79.7823004101031,40.5,0.19117647058823528,6.5,-0.10989010989010994,-5,-6,0.3015369305616984,2.4351069564952033,1.8675,1497000,0.032413793103448274,0.17647058823529416,3.9452,0,9,92109
202112,92109,"san diego, ca",213,1250,351,5692,77.506183,76.91683413201422,78.09553253980522,40.5,0,0,-0.3305785123966942,-20,-13,-0.13046931759733715,1.3319254111916496,1.7596,1499000,0.0013360053440214514,0.15485362095531596,3.9973,0,9,92109
202201,92109,"san diego, ca",213,1573,-323,3420,76.101629,83.39410395655547,68.80915438324283,37,-0.0864197530864198,-3.5,-0.3392857142857143,-19,-24,0.20305060317428425,0.5626587771203155,1.4526,1295000,-0.13609072715143433,-0.003079291762894565,3.4533,0,9,92109
202006,92115,"san diego, ca",360,1254,-246,149,79.176291,89.86662692794873,68.48595484688175,27.5,-0.08333333333333337,-2.5,0.0185185185185186,0.5,-41,0.05285845035268677,1.2451836597172563,1.4869,549000,0.007339449541284404,-0.10731707317073169,1.6032,1,14,92115
202007,92115,"san diego, ca",360,1295,-41,-450,78.666941,90.69958540320472,66.63429574571397,25,-0.09090909090909094,-2.5,-0.15254237288135597,-4.5,-32.5,0.07272818384630919,0.9260804828100426,1.4445,444000,-0.1912568306010929,-0.23316062176165808,1.2722,1,14,92115
202008,92115,"san diego, ca",360,893,402,8,82.227523,93.21977038914568,71.2352765767109,18,-0.28,-7,-0.4193548387096774,-13,-35,0.18096973786969817,1.2628192355139225,1.5861,499000,0.12387387387387383,-0.11859702245773407,1.4257,1,14,92115
202009,92115,"san diego, ca",360,856,37,-55,82.992453,94.75094339622642,71.23396226415095,15,-0.16666666666666663,-3,-0.4736842105263158,-13.5,-36,-0.03508030105823101,1.259295653821038,1.5731,549500,0.10120240480961917,0.0009107468123861207,1.57,0,14,92115
202010,92115,"san diego, ca",360,1319,-463,-390,77.615677,94.40909604307068,60.82225819811001,16,0.06666666666666665,1,-0.4920634920634921,-15.5,-35,-0.20773284862076002,0.915359617223138,1.2997,485000,-0.11737943585077348,-0.1260859733194949,1.3857,1,14,92115
202011,92115,"san diego, ca",360,1890,-571,-728,73.830421,92.94817980615126,54.712661222620774,23,0.4375,7,-0.3783783783783784,-14,-33.5,-0.13251909124039218,0.750673424331886,1.1821,449900,-0.07237113402061857,-0.22297063903281522,1.2882,1,14,92115
