san_diego_ca_city_2.csv
month_date_yyyymm,postal_code,zip_name,nielsen_hh_rank,hotness_rank,hotness_rank_mm,hotness_rank_yy,hotness_score,supply_score,demand_score,median_days_on_market,median_days_on_market_mm,median_dom_mm_day,median_days_on_market_yy,median_dom_yy_day,median_dom_vs_us,ldp_unique_viewers_per_property_mm,ldp_unique_viewers_per_property_yy,ldp_unique_viewers_per_property_vs_us,median_listing_price,median_listing_price_mm,median_listing_price_yy,median_listing_price_vs_us,quality_flag,id,zip_code
201811,92115,"san diego, ca",360,1304,-835,-1053,79.540045,95.92412201999487,63.15596733438312,29.5,0.28260869565217384,6.5,0.07272727272727275,2,-42,-0.2469335920988308,-0.4145760101415563,1.3159,574499.5,0.0008702090592334066,0.05996217712177132,1.9262,0,14,92115
202006,92114,"san diego, ca",968,230,20,39,90.876239,92.70546159004545,89.04701587065047,23,-0.34285714285714286,-12,0.1499999999999999,3,-45.5,0.02625361814483962,1.494681891660918,2.4701,509900,0.0218436873747494,0.030101010101010184,1.489,0,13,92114
202008,92114,"san diego, ca",968,117,-14,71,93.501193,93.21977038914568,93.78261517817205,18,-0.18181818181818177,-4,-0.3793103448275862,-11,-35,0.006034684790250822,1.9789411151955378,3.1089,519000,-0.0027860505331924745,0.08447761194029857,1.4829,0,13,92114
202010,92114,"san diego, ca",968,45,105,180,94.868416,98.47897293023607,91.25785926734686,7,-0.6216216216216216,-11.5,-0.7627118644067796,-22.5,-44,-0.09220372806022947,1.7601405391953757,2.6706,559990,0.056684592886121266,0.14529092954289813,1.6,1,13,92114
202011,92114,"san diego, ca",968,298,-253,-262,88.649546,97.069373425933,80.22971838510264,13,0.8571428571428572,6,-0.48,-12,-43.5,-0.323683477460456,0.40136144049187505,1.8937,544999.5,-0.026769228021928937,0.09218336673346683,1.5605,0,13,92114
202101,92114,"san diego, ca",968,105,22,-33,93.065665,96.82016703700866,89.31116389548693,13,-0.4901960784313726,-12.5,-0.36585365853658536,-7.5,-58,0.5636544767755596,1.1842923188672367,2.5622,550000,-0.02135231316725983,0.10220440881763526,1.6181,0,13,92114
202102,92114,"san diego, ca",968,681,-576,-484,84.820905,83.2037811023007,86.43802976446231,30.5,1.3461538461538463,17.5,0.12962962962962954,3.5,-33,0.062188255347686905,1.15243183404327,2.2995,571944,0.03989818181818183,0.14618036072144291,1.6447,0,13,92114
202104,92114,"san diego, ca",968,1570,-214,-1485,74.469493,74.9600903321263,73.97889654635362,27,-0.09999999999999998,-3,0.17391304347826098,4,-13,-0.09180310236642486,0.7068150746950526,1.6711,595000,0.04385964912280693,0.19131044148563414,1.5989,0,13,92114
202105,92114,"san diego, ca",968,1402,168,-1152,74.076062,88.71722128507898,59.434902622297194,14,-0.4814814814814815,-13,-0.6,-21,-23,-0.29060123760302314,0.07895434173992188,1.2702,624000,0.04873949579831938,0.25050100200400793,1.6425,0,13,92114
202106,92114,"san diego, ca",968,2263,-861,-2033,68.345088,81.96708675376729,54.72308937449416,19.5,0.3928571428571428,5.5,-0.15217391304347827,-3.5,-16,-0.1948077949813134,-0.15345913507177467,1.1753,617500,-0.01041666666666663,0.2110217689743088,1.6039,0,13,92114
202107,92114,"san diego, ca",968,2931,-668,-2828,63.229705,75.04940711462451,51.41000304043782,25.5,0.3076923076923077,6,0.15909090909090917,3.5,-11,-0.12281679364978171,-0.5002087802635612,1.142,645000,0.044534412955465674,0.2393121337304256,1.6753,0,13,92114
202108,92114,"san diego, ca",968,2164,767,-2047,67.346628,86.34495356979754,48.34830263358197,21,-0.17647058823529416,-4.5,0.16666666666666674,3,-16.5,-0.13008931914741362,-0.5678342637503433,1.0985,649492.5,0.006965116279069816,0.2514306358381504,1.7071,0,13,92114
202109,92114,"san diego, ca",968,2501,-337,-2351,65.554247,87.6386567390974,43.46983741072785,23,0.09523809523809534,2,0.2432432432432432,4.5,-18.5,-0.11995152098006612,-0.5691849005123542,1.0172,644000,-0.008456602655150025,0.21520898197943206,1.6947,1,13,92114
202110,92114,"san diego, ca",968,3148,-647,-3103,61.847769,81.25047194744394,42.44506531752624,29,0.26086956521739135,6,3.1428571428571432,22,-14,-0.038508317328296404,-0.5437025379696243,0.9923,669900,0.04021739130434776,0.19627136198860695,1.7629,1,13,92114
202111,92114,"san diego, ca",968,2209,939,-1911,69.230769,78.63631137173738,59.82522708980108,34,0.17241379310344818,5,1.6153846153846154,21,-12.5,0.22166668316782667,-0.17576550564909077,1.2834,675000,0.00761307657859378,0.23853324636077655,1.7789,1,13,92114
202112,92114,"san diego, ca",968,1438,771,-1311,76.169037,85.0749729479054,67.26310094295873,35,0.02941176470588225,1,0.37254901960784315,9.5,-18.5,0.020443109188863495,-0.4092250686576836,1.4191,667500,-0.011111111111111072,0.18772241992882566,1.78,1,13,92114
202201,92114,"san diego, ca",968,367,1071,-262,86.93367,92.85492629945693,81.01241272304111,23,-0.34285714285714286,-12,0.7692307692307692,10,-38,0.9399135241639758,-0.2670680792528417,1.889,684900,0.026067415730337107,0.2452727272727273,1.8264,1,13,92114
201903,92114,"san diego, ca",968,161,252,295,90.895215,96.86270182794513,84.9277281253448,17,-0.423728813559322,-12.5,-0.26086956521739135,-6,-48,0.23847992964810327,0.005473151264997034,2.3783,472085.71428571426,0.004651445596327353,0.03641210600595879,1.5384,0,13,92114
201904,92114,"san diego, ca",968,130,31,63,93.392298,95.9093421779989,90.87525336281556,17.5,0.02941176470588225,0.5,0.02941176470588225,0.5,-41,0.12346844169962323,0.012183353681009423,2.719,477450,0.011362948617079205,0.03804761387107303,1.5034,0,13,92114
201905,92114,"san diego, ca",968,363,-233,-147,89.328674,95.39819753540556,83.2591502666912,19,0.08571428571428563,1.5,0.22580645161290325,3.5,-36.5,-0.28856245432138183,-0.10303675228586606,2.0216,477499.5,0.00010367577756831281,0.026328855454057054,1.4717,1,13,92114
201906,92114,"san diego, ca",968,269,94,22,90.126527,95.82388649162583,84.42916697140349,20,0.05263157894736836,1,0.11111111111111116,2,-37,-0.08214651554703767,-0.0015425297487881018,2.0325,495000,0.036650300157382354,0.05319148936170204,1.5235,0,13,92114
201907,92114,"san diego, ca",968,282,-13,-10,90.044256,95.35861892396035,84.72989283493654,24,0.19999999999999996,4,0.33333333333333326,6,-35.5,0.057738786820669796,0.14652575160678594,2.0409,489450,-0.011212121212121229,0.05258064516129024,1.521,1,13,92114
201908,92114,"san diego, ca",968,188,94,149,90.135583,93.66548820935233,86.60567846338886,29,0.20833333333333326,5,0.41463414634146334,8.5,-35,0.1834158832880317,0.4585393643486355,2.3818,478571.4285714286,-0.022226113859579955,0.0314050523145577,1.5061,1,13,92114
201909,92114,"san diego, ca",968,309,-121,398,89.214361,93.30143540669856,85.12728733701012,32,0.10344827586206895,3,0.5238095238095237,11,-34,-0.1364761604421243,0.6853257778252966,2.1006,470000,-0.017910447761193993,0.023965141612200425,1.4925,1,13,92114
201910,92114,"san diego, ca",968,225,84,257,90.564829,93.80262098250239,87.32703711838349,29.5,-0.078125,-2.5,0.20408163265306123,5,-36.5,0.0016380122192385382,0.5559258850497912,2.2017,488950,0.04031914893617028,0.05833333333333335,1.5598,1,13,92114
201911,92114,"san diego, ca",968,36,189,557,95.684562,96.40380169535064,94.96532237349088,25,-0.15254237288135597,-4.5,-0.25373134328358204,-8.5,-44,0.3320822146596387,1.1397074134713927,2.9646,499000,0.020554248900705563,0.09094884127678182,1.6102,0,13,92114
201912,92114,"san diego, ca",968,24,12,352,96.311946,97.3053115386041,95.31858111864784,29.5,0.17999999999999994,4.5,-0.20270270270270274,-7.5,-49.5,0.07083930562191454,1.0267060525681218,3.1135,499899.5,0.001802605210420749,0.07505268817204303,1.6666,0,13,92114
202001,92114,"san diego, ca",968,72,-48,174,95.490553,98.01026480214222,92.97084201130616,20.5,-0.30508474576271183,-9,-0.046511627906976716,-1,-64.5,0.33374688596150315,0.8618569539368175,2.8272,499000,-0.0017993616716960315,0.07081545064377681,1.6639,0,13,92114
202002,92114,"san diego, ca",968,197,-125,216,92.764351,92.5200784633036,93.00862356119768,27,0.3170731707317074,6.5,-0.0847457627118644,-2.5,-52,0.07791085908103246,1.0173095529120109,2.8977,499000,0,0.06192806980208565,1.6102,0,13,92114
202003,92114,"san diego, ca",968,117,80,44,94.561619,94.79224788900048,94.33098984488339,19,-0.2962962962962963,-8,0.11764705882352944,2,-39.5,-0.009517965008543294,0.6133558754914412,3.2289,499000,0,0.05701143860073832,1.5594,0,13,92114
202004,92114,"san diego, ca",968,85,32,45,93.887288,95.25502376230214,92.51955244545897,23,0.21052631578947367,4,0.3142857142857143,5.5,-39,-0.015019827047364043,0.4144799179865064,2.8491,499450,0.0009018036072143687,0.046078123363703094,1.5558,1,13,92114
202005,92114,"san diego, ca",968,250,-165,113,90.156383,89.51747706251625,90.79528992236544,35,0.5217391304347827,12,0.8421052631578947,16,-36,0.12220921200114687,1.231176023527079,2.5977,499000,-0.0009009910901992546,0.04502727227986636,1.5121,1,13,92114
201708,92114,"san diego, ca",968,180,,,94.229573,97.2227304328735,91.23641552929122,19,,,,,-47.5,,,2.4738,456950,,,1.6378,0,13,92114
201709,92114,"san diego, ca",968,286,,,92.658911,95.80248714488896,89.51533496225521,24,,,,,-47,,,2.3674,449000,,,1.612,0,13,92114
201710,92114,"san diego, ca",968,324,,,92.258005,95.59743824336688,88.91857273559012,27,,,,,-47.5,,,2.3021,442400,,,1.5942,0,13,92114
201711,92114,"san diego, ca",968,368,,,91.923049,98.07988839121815,85.76620897275865,19.5,,,,,-58,,,2.0896,437000,,,1.5891,0,13,92114
201712,92114,"san diego, ca",968,253,,,93.771403,96.44658835659314,91.09621828626136,32,,,,,-53,,,2.6011,439000,,,1.6193,0,13,92114
201801,92114,"san diego, ca",968,231,,,94.595494,97.0110605556172,92.17992823585988,24,,,,,-66,,,2.8236,447450,,,1.6476,0,13,92114
201802,92114,"san diego, ca",968,405,,,91.805525,95.04184255350663,88.56920684292379,22,,,,,-62.5,,,2.4136,449997.5,,,1.6231,0,13,92114
201803,92114,"san diego, ca",968,456,,,91.458073,93.37038945741,89.54575572406685,23,,,,,-42,,,2.499,455500,,,1.5761,0,13,92114
201804,92114,"san diego, ca",968,193,,,94.097043,95.63822726937542,92.55585871248432,17,,,,,-42.5,,,2.8878,459950,,,1.5436,0,13,92114
201805,92114,"san diego, ca",968,216,,,93.394873,96.2009488433673,90.58879776396603,15.5,,,,,-41.5,,,2.5445,465250,,,1.5514,0,13,92114
201806,92114,"san diego, ca",968,291,,,91.44504,95.3814162197658,87.508664404801,18,,,,,-39,,,2.2162,470000,,,1.5667,0,13,92114
201807,92114,"san diego, ca",968,272,,,90.972933,97.10680321872715,84.8390636430139,18,,,,,-41.5,,,2.0203,465000,,,1.5505,0,13,92114
201808,92114,"san diego, ca",968,337,-65,-157,89.836508,96.4601124005547,83.21290416757901,20.5,0.13888888888888884,2.5,0.07894736842105265,1.5,-41.5,-0.06974277265656403,-0.05704929747213028,1.9202,463999.5,-0.0021516129032258524,0.015427289637816033,1.5505,0,13,92114
201809,92114,"san diego, ca",968,707,-370,-421,85.005637,97.25788267811033,72.75339127904861,21,0.024390243902439046,0.5,-0.125,-3,-44,-0.2526765278141987,-0.2220537188690055,1.5368,459000,-0.01077479609353027,0.022271714922049046,1.5351,0,13,92114
201810,92114,"san diego, ca",968,482,225,-158,86.831636,96.47432388043359,77.18894850177014,24.5,0.16666666666666674,3.5,-0.09259259259259256,-2.5,-44,0.08494008504058748,-0.17043535118325814,1.6906,462000,0.006535947712418277,0.044303797468354444,1.5452,0,13,92114
201811,92114,"san diego, ca",968,593,-111,-225,85.626396,94.20295162412569,77.04984070018676,33.5,0.36734693877551017,9,0.7179487179487178,14,-38,-0.03135298510704765,-0.11082537853851215,1.6886,457400,-0.009956709956709942,0.04668192219679623,1.5336,1,13,92114
201812,92114,"san diego, ca",968,376,217,-123,88.629278,95.70480137915857,81.55375417232146,37,0.10447761194029859,3.5,0.15625,5,-44,0.13054520065817687,-0.20427230259875728,1.8851,465000,0.016615653694796784,0.059225512528473745,1.5925,0,13,92114
201901,92114,"san diego, ca",968,246,130,-15,91.080981,97.830658550083,84.33130418741929,21.5,-0.41891891891891897,-15.5,-0.10416666666666663,-2.5,-65.5,0.45183703863846536,-0.23608324496071154,2.0155,466000,0.0021505376344086446,0.04145714604983808,1.6069,0,13,92114
201902,92114,"san diego, ca",968,413,-167,-8,88.635018,94.32028417079849,82.94975209057944,29.5,0.37209302325581395,8,0.34090909090909083,7.5,-53.5,-0.005152270355820443,-0.14554391533161426,1.9655,469900,0.008369098712446288,0.04422802348901933,1.5742,1,13,92114
202007,92139,"san diego, ca",4041,722,-490,-524,84.26213,82.58693459828932,85.93732491689389,33.5,0.763157894736842,14.5,0.36734693877551017,9,-24,0.07545515846257578,1.0849699114038267,2.2337,481500,0.11976744186046506,0.01904761904761898,1.3797,1,29,92139
202107,92139,"san diego, ca",4041,1119,267,-397,75.250836,84.57357859531773,65.92809364548495,20,-0.024390243902439046,-0.5,-0.4029850746268657,-13.5,-16.5,-0.11731690622861046,-0.06147273004129239,1.4413,615000,0.008196721311475308,0.27725856697819307,1.5974,0,29,92139
202108,92139,"san diego, ca",4041,673,446,721,79.604963,85.5038818693865,73.7060435378292,21.5,0.07499999999999996,1.5,-0.47560975609756095,-19.5,-16,0.04745783144633875,-0.052822349873879126,1.6693,619500,0.007317073170731714,0.21470588235294108,1.6283,0,29,92139
202109,92139,"san diego, ca",4041,677,-4,-546,79.304057,94.21440510560704,64.39370916274122,15,-0.3023255813953488,-6.5,-0.18918918918918914,-3.5,-26.5,-0.1951561960803121,-0.4279904065338569,1.4136,604950,-0.023486682808716686,0.21610212081616242,1.592,0,29,92139
202110,92139,"san diego, ca",4041,939,-262,-860,76.731103,87.20833647964963,66.25386996904025,24,0.6000000000000001,9,1.4,14,-19,0.016629051708164866,-0.28489702517162463,1.4581,610000,0.008347797338623009,0.0990990990990992,1.6053,1,29,92139
201902,92139,"san diego, ca",4041,251,0,-92,91.175165,93.78006364241841,88.57026567009547,31,-0.08823529411764708,-3,0.44186046511627897,9.5,-52,0.13152286326231977,-0.30020040458370933,2.3434,459000,-0.00195694716242667,0.022613345215550806,1.5377,1,29,92139
201903,92139,"san diego, ca",4041,169,82,-45,90.740741,96.56110927213211,84.92037220934937,18,-0.4193548387096774,-13,0.05882352941176472,1,-47,0.03848793106627313,-0.25688760514847475,2.3776,455142.4285714286,-0.008404295051353872,0.07092336134453792,1.4832,0,29,92139
201904,92139,"san diego, ca",4041,178,-9,-120,92.596278,95.43394140409066,89.75861433572877,18.5,0.02777777777777768,0.5,0.8500000000000001,8.5,-40,0.07124142359041685,-0.19165996218331927,2.5919,455142.4285714286,0,0.024057663564919674,1.4332,1,29,92139
201905,92139,"san diego, ca",4041,96,82,204,94.294648,95.58212249402244,93.00717307338606,18.5,0,0,0.2333333333333334,3.5,-37,0.06445642380465166,0.4121663059163059,2.8833,445000,-0.022284076224804994,-0.06315789473684208,1.3716,1,29,92139
201906,92139,"san diego, ca",4041,232,-136,313,90.676881,90.64214144664668,90.7116214437212,28,0.5135135135135136,9.5,0.21739130434782616,5,-29,-0.21011680855276182,0.3519169329073484,2.4948,459000,0.03146067415730336,-0.03368421052631576,1.4127,1,29,92139
201907,92139,"san diego, ca",4041,198,34,229,91.893128,95.02212793972421,88.76412713507187,24.5,-0.125,-3.5,-0.07547169811320753,-2,-35,-0.02659402308771175,0.2648459306756763,2.3053,472500,0.02941176470588225,0.007703332139018304,1.4683,0,29,92139
201908,92139,"san diego, ca",4041,105,93,220,91.979808,97.14254473885629,86.81707183729999,21,-0.1428571428571429,-3.5,-0.023255813953488413,-0.5,-43,0.05754952156190418,0.449467429998502,2.4043,485228.5714285714,0.02693877551020396,0.033610760312219545,1.527,0,29,92139
201909,92139,"san diego, ca",4041,313,-208,253,89.124877,90.68263997954637,87.56711348113517,35.5,0.6904761904761905,14.5,0.14516129032258074,4.5,-30.5,-0.08097254823676803,0.5658721888055882,2.2567,479450,-0.011908967791320668,0.04228260869565226,1.5225,0,29,92139
201910,92139,"san diego, ca",4041,74,239,944,93.991141,92.10776777216488,95.87451497181345,32.5,-0.08450704225352113,-3,-0.26136363636363635,-11.5,-33.5,0.35752503598140484,1.114443565689811,3.2057,453000,-0.05516737928876836,-0.019374391167875316,1.4451,0,29,92139
201912,92139,"san diego, ca",4041,164,-60,10,92.692465,91.52674302235071,93.85818599651581,45,0.25,9,0.32352941176470584,11,-34,-0.045136347234393526,0.5951173567418904,2.8505,490000,0.021897810218978186,0.06986899563318771,1.6336,1,29,92139
202004,92139,"san diego, ca",4041,41,154,137,95.457097,95.69659095161471,95.21760281405531,22,-0.08333333333333337,-2,0.18918918918918926,3.5,-40,0.20475977788507982,0.7562570176912129,3.3722,514850,-0.07234234234234238,0.13118436709136883,1.6038,0,29,92139
201708,92139,"san diego, ca",4041,21,,,97.281276,98.00578140436899,96.55677119543343,15.5,,,,,-51,,,3.436,440000,,,1.5771,0,29,92139
201709,92139,"san diego, ca",4041,38,,,96.914773,97.25028263010101,96.57926406768536,19,,,,,-52,,,3.5135,449999,,,1.6156,0,29,92139
201710,92139,"san diego, ca",4041,71,,,96.276304,97.02104300091491,95.53156450137237,22.5,,,,,-52,,,3.1624,445000,,,1.6036,0,29,92139
201711,92139,"san diego, ca",4041,186,,,94.395697,93.63756516631177,95.15382920919305,34.5,,,,,-43,,,3.1847,442500,,,1.6091,1,29,92139
201712,92139,"san diego, ca",4041,132,,,95.936591,96.7927237912877,95.08045807710718,31,,,,,-54,,,3.2836,429900,,,1.5857,1,29,92139
201801,92139,"san diego, ca",4041,224,,,94.819295,96.39329708134503,93.24529279029335,27.5,,,,,-62.5,,,3.0039,439900,,,1.6198,0,29,92139
201802,92139,"san diego, ca",4041,159,,,95.428794,95.17514626379324,95.68244093905058,21.5,,,,,-63,,,3.5136,448850,,,1.6189,1,29,92139
201803,92139,"san diego, ca",4041,124,,,95.588235,96.0575719649562,95.11889862327911,17,,,,,-48,,,3.3803,425000,,,1.4706,0,29,92139
201804,92139,"san diego, ca",4041,58,,,96.64479,98.04955386770887,95.24002654671484,10,,,,,-49.5,,,3.447,444450,,,1.4915,0,29,92139
201805,92139,"san diego, ca",4041,300,,,92.276856,96.5172299657975,88.03648265970358,15,,,,,-42,,,2.3051,475000,,,1.5839,0,29,92139
201806,92139,"san diego, ca",4041,545,,,88.376929,92.52489876327023,84.22895917697275,23,,,,,-34,,,2.009,475000,,,1.5833,0,29,92139
201807,92139,"san diego, ca",4041,427,,,89.206291,92.73226042428676,85.68032187271398,26.5,,,,,-33,,,2.0685,468888,,,1.5635,1,29,92139
