san_diego_ca_city_2.csv
month_date_yyyymm,postal_code,zip_name,nielsen_hh_rank,hotness_rank,hotness_rank_mm,hotness_rank_yy,hotness_score,supply_score,demand_score,median_days_on_market,median_days_on_market_mm,median_dom_mm_day,median_days_on_market_yy,median_dom_yy_day,median_dom_vs_us,ldp_unique_viewers_per_property_mm,ldp_unique_viewers_per_property_yy,ldp_unique_viewers_per_property_vs_us,median_listing_price,median_listing_price_mm,median_listing_price_yy,median_listing_price_vs_us,quality_flag,id,zip_code
201808,92139,"san diego, ca",4041,325,102,-304,89.971535,96.15356543318005,83.78950441573608,21.5,-0.18867924528301883,-5,0.3870967741935485,6,-40.5,-0.07715262781933274,-0.31041517357861825,1.9504,469450,0.0011985804712426606,0.06693181818181815,1.5688,1,29,92139
201809,92139,"san diego, ca",4041,566,-241,-528,86.251227,92.34461941302688,80.15783540022548,31,0.44186046511627897,9.5,0.631578947368421,12,-34,-0.14929176970604474,-0.3939068000223501,1.7769,460000,-0.020129939290659316,0.02222449383220848,1.5385,1,29,92139
201810,92139,"san diego, ca",4041,1018,-452,-947,81.793131,83.2694623891383,80.31679988320741,44,0.4193548387096775,13,0.9555555555555555,21.5,-24.5,0.00532865191750842,-0.3529799514684552,1.8113,461950,0.004239130434782634,0.038089887640449405,1.545,1,29,92139
201811,92139,"san diego, ca",4041,513,505,-327,86.39543,93.12264254586736,79.66821694071118,35.5,-0.19318181818181823,-8.5,0.02898550724637672,1,-36,-0.04482665179263379,-0.3836058090102429,1.784,459000,-0.006385972507847115,0.03728813559322042,1.539,0,29,92139
201812,92139,"san diego, ca",4041,174,339,-42,91.846092,96.59245130763306,87.09973223783149,34,-0.04225352112676062,-1.5,0.09677419354838701,3,-47,0.24478105906313652,-0.2667554909560723,2.1928,458000,-0.002178649237472796,0.06536403814840663,1.5685,0,29,92139
201901,92139,"san diego, ca",4041,251,-77,-27,90.981369,96.06345692676628,85.89928057553958,34,0,0,0.23636363636363633,6.5,-53,0.30829888932505134,-0.24728747198272172,2.1128,459900,0.004148471615720517,0.04546487838145041,1.5859,1,29,92139
202006,92123,"san diego, ca",3972,267,196,1235,90.246628,93.91997615676925,86.57328067953208,20.5,-0.14583333333333337,-3.5,-0.31666666666666665,-9.5,-48,0.337164397922912,2.3306353228228227,2.2652,684000,0.14019003167194533,0.013483479033930879,1.9974,0,21,92123
202009,92123,"san diego, ca",3972,166,200,146,92.124528,96.44905660377358,87.8,11.5,-0.28125,-4.5,-0.6101694915254237,-18,-39.5,0.10342742669823335,1.6066043356981305,2.3314,562500,-0.18359941944847602,-0.13594470046082952,1.6071,1,21,92123
202010,92123,"san diego, ca",3972,311,-145,113,88.516999,97.85023154248711,79.18376567147321,9,-0.21739130434782605,-2.5,-0.625,-15,-42,-0.2369795277046074,1.33906867921403,1.8551,605000,0.0755555555555556,-0.0692307692307692,1.7286,1,21,92123
202011,92123,"san diego, ca",3972,919,-608,-596,81.477524,92.45211020377013,70.5029382584141,24,1.6666666666666665,15,-0.3142857142857143,-11,-32.5,-0.20418105101649398,0.6000154240653983,1.5479,607500,0.004132231404958775,-0.05594405594405594,1.7394,0,21,92123
202105,92123,"san diego, ca",3972,2271,-1231,-1808,68.371415,85.87639932525686,50.86643152890661,16,0.6842105263157894,6.5,-0.33333333333333337,-8,-21,-0.241926345609065,0.3232714138286894,1.0964,774900,0.007672301690507144,0.29171528588098017,2.0397,0,21,92123
202106,92123,"san diego, ca",3972,3092,-821,-2825,63.46013,81.37356919875131,45.54669133233129,20,0.25,4,-0.024390243902439046,-0.5,-15.5,-0.1971389610049038,-0.20548059473517377,1.0116,799450,0.03168150729126329,0.16878654970760243,2.0765,0,21,92123
202107,92123,"san diego, ca",3972,3611,-519,-3465,59.740803,84.57357859531773,34.908026755852845,20,0,0,0.6666666666666667,8,-16.5,-0.22307001355522538,-0.48291488420120965,0.8706,854500,0.06885984114078436,0.2707264480630529,2.2195,1,21,92123
202108,92123,"san diego, ca",3972,4149,-538,-3783,56.821815,77.23397777439487,36.40965139290607,26.5,0.32499999999999996,6.5,0.65625,10.5,-11,-0.057545258479837935,-0.46019518716577545,0.9073,822499.5,-0.03744938560561728,0.19375834542815684,2.1618,1,21,92123
202109,92123,"san diego, ca",3972,2199,1950,-2033,67.455554,88.22747302841513,46.68363470597174,22.5,-0.15094339622641506,-4,0.9565217391304348,11,-19,0.1214220496284224,-0.45139208527812436,1.0705,844900,0.02723466701195565,0.5020444444444445,2.2234,1,21,92123
202110,92123,"san diego, ca",3972,2546,-347,-2235,65.147625,87.20833647964963,43.08691384127464,24,0.06666666666666665,1.5,1.6666666666666665,15,-19,-0.07548068202430613,-0.3352752205600307,1.0041,849000,0.004852645283465407,0.403305785123967,2.2342,1,21,92123
202111,92123,"san diego, ca",3972,2363,183,-1444,68.213177,76.9690697941819,59.45728412096125,35,0.45833333333333326,11,0.45833333333333326,11,-11.5,0.20026461002291152,0.0025466586164644145,1.276,869450,0.024087161366313392,0.43119341563786007,2.2913,1,21,92123
201901,92123,"san diego, ca",3972,525,-121,-462,87.297547,97.35842095554325,77.23667220070098,26,-0.23529411764705888,-8,0.6774193548387097,10.5,-61,0.27646330249948536,-0.5674975957081942,1.7049,624499.5,-0.0008008000000000459,0.04178747184919507,2.1534,1,21,92123
201902,92123,"san diego, ca",3972,272,253,-230,90.718197,95.60053282024718,85.83586176274697,26.5,0.019230769230769162,0.5,1.9444444444444446,17.5,-56.5,0.2782329288382881,-0.40589749304609846,2.1362,632500,0.012811059096124122,0.004047940312723153,2.1189,1,21,92123
201903,92123,"san diego, ca",3972,218,54,-81,89.815734,95.81448379859502,83.81698481003347,21,-0.2075471698113207,-5.5,0.75,9,-44,0.0933202801415769,-0.17379649564334176,2.2818,621385.7142857143,-0.017571993224167137,-0.042548976447281506,2.0249,1,21,92123
201904,92123,"san diego, ca",3972,275,-57,-13,90.996868,93.65026718260549,88.3434678459554,22,0.04761904761904767,1,0.1578947368421053,3,-36.5,0.05444669449380801,-0.01459339366455148,2.4485,626385.7142857143,0.008046531944731816,-0.01627685231925513,1.9724,0,21,92123
201905,92123,"san diego, ca",3972,794,-519,-702,84.715836,93.64355343020048,75.78811844767334,22,0,0,1.0952380952380953,11.5,-33.5,-0.3377564603094062,-0.36554803984741924,1.6946,625000,-0.0022122380094419247,0.004016064257028162,1.9263,1,21,92123
201906,92123,"san diego, ca",3972,1502,-708,-1417,77.620127,88.53214364075185,66.70811087544797,30,0.36363636363636354,8,1.3076923076923075,17,-27,-0.24788814397379122,-0.4499419279907084,1.3961,674900,0.07983999999999991,0.058666666666666645,2.0773,1,21,92123
201907,92123,"san diego, ca",3972,1110,392,-1019,80.538386,92.53502066493544,68.54175048462017,28.5,-0.050000000000000044,-1.5,1.85,18.5,-31,0.09990850225225234,-0.32003338490918465,1.4578,644000,-0.04578456067565562,-0.009078319741498642,2.0013,1,21,92123
201908,92123,"san diego, ca",3972,464,646,-39,86.066261,94.40536501804134,77.7271567591209,28,-0.01754385964912286,-0.5,0.75,12,-36,0.2901088766973754,0.23923344983009986,1.8546,633000,-0.017080745341614856,-0.009854528390426998,1.9921,1,21,92123
201909,92123,"san diego, ca",3972,312,152,-40,89.134008,94.49943387267614,83.76858175974287,29.5,0.0535714285714286,1.5,0.34090909090909083,7.5,-36.5,0.07083600785824062,0.3428973911770803,2.0284,651000,0.028436018957346043,0.002463812750230998,2.0673,1,21,92123
201910,92123,"san diego, ca",3972,424,-112,-51,87.813896,96.33940991287795,79.28838128706347,24,-0.18644067796610164,-5.5,0.26315789473684204,5,-42,-0.14970753574456386,0.23441649755382832,1.8047,650000,-0.001536098310291889,0.024428684003152012,2.0736,1,21,92123
201911,92123,"san diego, ca",3972,323,101,262,89.514146,92.4773402810906,86.5509522586327,35,0.45833333333333326,11,0.4893617021276595,11.5,-34,0.16341077085533273,0.6289610389610389,2.1224,643500,-0.010000000000000009,0.013385826771653564,2.0765,1,21,92123
201912,92123,"san diego, ca",3972,482,-159,-78,88.461396,94.27703028281256,82.64576151821788,39,0.11428571428571432,4,0.1470588235294117,5,-40,-0.07509591840669405,0.3025503772230951,1.9252,585000,-0.09090909090909094,-0.06399999999999995,1.9503,0,21,92123
202001,92123,"san diego, ca",3972,424,58,101,89.51205,93.60309431716752,85.42100565307945,42,0.07692307692307687,3,0.6153846153846154,16,-43,0.6085598543594875,0.641433984807191,2.1083,649000,0.10940170940170946,0.039232217159501426,2.1641,1,21,92123
202002,92123,"san diego, ca",3972,515,-91,-243,88.537696,89.35193752544505,87.72345386579813,31,-0.26190476190476186,-11,0.16981132075471694,4.5,-48,0.15932137496085286,0.48873453440416736,2.3241,729900,0.12465331278890601,0.15399209486166,2.3553,0,21,92123
202003,92123,"san diego, ca",3972,252,263,-34,92.060038,93.39731428783989,90.72276159654801,21.5,-0.30645161290322576,-9.5,0.023809523809523725,0.5,-37,0.02074111334674722,0.38990611783829965,2.6689,647500,-0.11289217701054943,0.042025886842770754,2.0234,0,21,92123
202004,92123,"san diego, ca",3972,342,-90,-67,89.239606,94.59267297833327,83.88653968491562,24.5,0.13953488372093026,3,0.11363636363636354,2.5,-37.5,-0.13221227978582617,0.14386385543144575,2.0748,619000,-0.044015444015443994,-0.011791000524551287,1.9282,0,21,92123
202005,92123,"san diego, ca",3972,463,-121,331,86.83927,94.32413357601872,79.35440733999481,24,-0.020408163265306145,-0.5,0.09090909090909083,2,-47,0.08459627051106966,0.8733749704119322,1.8283,599900,-0.030856219709208377,-0.040159999999999973,1.8179,0,21,92123
201708,92123,"san diego, ca",3972,99,,,95.729811,95.38951297156866,96.07010867576568,24,,,,,-42.5,,,3.2763,612000,,,2.1935,0,21,92123
201709,92123,"san diego, ca",3972,44,,,96.765253,97.25028263010101,96.28022318660881,19,,,,,-52,,,3.4206,650000,,,2.3337,0,21,92123
201710,92123,"san diego, ca",3972,42,,,96.885636,98.03476669716376,95.73650503202195,18,,,,,-56.5,,,3.2105,647500,,,2.3333,0,21,92123
201711,92123,"san diego, ca",3972,36,,,97.397019,98.51310668918423,96.28093105220647,15.5,,,,,-62,,,3.4884,599900,,,2.1815,0,21,92123
201712,92123,"san diego, ca",3972,93,,,96.465,97.06153109695475,95.86846853481606,30,,,,,-55,,,3.4965,580000,,,2.1394,0,21,92123
201801,92123,"san diego, ca",3972,63,,,97.551141,97.99874227795658,97.103540117634,15.5,,,,,-74.5,,,4.2187,599450,,,2.2073,0,21,92123
201802,92123,"san diego, ca",3972,42,,,97.546841,98.66696289713397,96.42671998815078,9,,,,,-75.5,,,3.7728,629950,,,2.2721,0,21,92123
201803,92123,"san diego, ca",3972,137,,,95.218288,97.68092468526835,92.7556504454097,12,,,,,-53,,,2.9179,649000,,,2.2457,1,21,92123
201804,92123,"san diego, ca",3972,262,,,92.900597,94.81232947422757,90.98886512794041,19,,,,,-40.5,,,2.6712,636750,,,2.1369,1,21,92123
201805,92123,"san diego, ca",3972,92,,,95.998676,98.08392482806812,93.91342723695341,10.5,,,,,-46.5,,,3.0154,622500,,,2.0757,0,21,92123
201806,92123,"san diego, ca",3972,85,,,95.428842,97.81474590492869,93.04293896610851,13,,,,,-44,,,2.7632,637500,,,2.125,1,21,92123
201807,92123,"san diego, ca",3972,91,,,94.72019,98.80760790051207,90.63277249451353,10,,,,,-49.5,,,2.4331,649900,,,2.1671,0,21,92123
201808,92123,"san diego, ca",3972,425,-334,-326,88.562879,97.87606744033283,79.24968980366397,16,0.6000000000000001,6,-0.33333333333333337,-8,-46,-0.29211807016119706,-0.3474961708302864,1.7598,639300,-0.01631020156947227,0.044607843137254966,2.1363,0,21,92123
201809,92123,"san diego, ca",3972,272,153,-228,89.531585,96.86511255773357,82.19805796996036,22,0.375,6,0.1578947368421053,3,-43,-0.011826362208284924,-0.3475378787878788,1.8623,649400,0.015798529641795733,-0.0009230769230769154,2.1719,0,21,92123
201810,92123,"san diego, ca",3972,373,-101,-331,88.26782,97.83933720208768,78.69630278477317,19,-0.13636363636363635,-3,0.05555555555555558,1,-49.5,-0.07498357786945897,-0.3854201440094466,1.7467,634500,-0.022944256236526073,-0.020077220077220126,2.1221,0,21,92123
201811,92123,"san diego, ca",3972,585,-212,-549,85.688651,97.52444428168602,73.85285824147655,23.5,0.23684210526315796,4.5,0.5161290322580645,8,-48,-0.11837458685223445,-0.4991289949809413,1.5879,635000,0.0007880220646176994,0.058509751625270834,2.1291,1,21,92123
201812,92123,"san diego, ca",3972,404,181,-311,88.266148,96.59245130763306,79.93984521145875,34,0.44680851063829796,10.5,0.1333333333333333,4,-47,0.15667903525046367,-0.43048670572329883,1.8136,625000,-0.015748031496062964,0.07758620689655182,2.1404,0,21,92123
